<!doctype html public "-//w3c//dtd html 4.0 transitional//en">
<html><head>
<title>Static Call Graph - [.\Output\project.axf]</title></head>
<body><HR>
<H1>Static Call Graph for image .\Output\project.axf</H1><HR>
<BR><P>#&#060CALLGRAPH&#062# ARM Linker, 5060422: Last Updated: Tue Nov 20 22:58:04 2018
<BR><P>
<H3>Maximum Stack Usage =        332 bytes + Unknown(Cycles, Untraceable Function Pointers)</H3><H3>
Call chain for Maximum Stack Depth:</H3>
main &rArr; Resist_Test &rArr; Disp_Test_Set &rArr; Disp_Test_Row &rArr; WriteString21 &rArr; WriteOneHzChar21 &rArr; LCD_ShowFontCN21 &rArr; LCD_SetPoint
<P>
<H3>
Mutually Recursive functions
</H3> <LI><a href="#[1]">NMI_Handler</a>&nbsp;&nbsp;&nbsp;&rArr;&nbsp;&nbsp;&nbsp;<a href="#[1]">NMI_Handler</a><BR>
 <LI><a href="#[2]">HardFault_Handler</a>&nbsp;&nbsp;&nbsp;&rArr;&nbsp;&nbsp;&nbsp;<a href="#[2]">HardFault_Handler</a><BR>
 <LI><a href="#[3]">MemManage_Handler</a>&nbsp;&nbsp;&nbsp;&rArr;&nbsp;&nbsp;&nbsp;<a href="#[3]">MemManage_Handler</a><BR>
 <LI><a href="#[4]">BusFault_Handler</a>&nbsp;&nbsp;&nbsp;&rArr;&nbsp;&nbsp;&nbsp;<a href="#[4]">BusFault_Handler</a><BR>
 <LI><a href="#[5]">UsageFault_Handler</a>&nbsp;&nbsp;&nbsp;&rArr;&nbsp;&nbsp;&nbsp;<a href="#[5]">UsageFault_Handler</a><BR>
 <LI><a href="#[6]">SVC_Handler</a>&nbsp;&nbsp;&nbsp;&rArr;&nbsp;&nbsp;&nbsp;<a href="#[6]">SVC_Handler</a><BR>
 <LI><a href="#[7]">DebugMon_Handler</a>&nbsp;&nbsp;&nbsp;&rArr;&nbsp;&nbsp;&nbsp;<a href="#[7]">DebugMon_Handler</a><BR>
 <LI><a href="#[8]">PendSV_Handler</a>&nbsp;&nbsp;&nbsp;&rArr;&nbsp;&nbsp;&nbsp;<a href="#[8]">PendSV_Handler</a><BR>
 <LI><a href="#[20]">ADC_IRQHandler</a>&nbsp;&nbsp;&nbsp;&rArr;&nbsp;&nbsp;&nbsp;<a href="#[20]">ADC_IRQHandler</a><BR>
</UL>
<P>
<H3>
Function Pointers
</H3><UL>
 <LI><a href="#[20]">ADC_IRQHandler</a> from startup_lpc177x_8x.o(.text) referenced from startup_lpc177x_8x.o(RESET)
 <LI><a href="#[21]">BOD_IRQHandler</a> from startup_lpc177x_8x.o(.text) referenced from startup_lpc177x_8x.o(RESET)
 <LI><a href="#[4]">BusFault_Handler</a> from startup_lpc177x_8x.o(.text) referenced from startup_lpc177x_8x.o(RESET)
 <LI><a href="#[2c]">CANActivity_IRQHandler</a> from startup_lpc177x_8x.o(.text) referenced from startup_lpc177x_8x.o(RESET)
 <LI><a href="#[23]">CAN_IRQHandler</a> from startup_lpc177x_8x.o(.text) referenced from startup_lpc177x_8x.o(RESET)
 <LI><a href="#[24]">DMA_IRQHandler</a> from startup_lpc177x_8x.o(.text) referenced from startup_lpc177x_8x.o(RESET)
 <LI><a href="#[7]">DebugMon_Handler</a> from startup_lpc177x_8x.o(.text) referenced from startup_lpc177x_8x.o(RESET)
 <LI><a href="#[32]">EEPROM_IRQHandler</a> from startup_lpc177x_8x.o(.text) referenced from startup_lpc177x_8x.o(RESET)
 <LI><a href="#[1c]">EINT0_IRQHandler</a> from startup_lpc177x_8x.o(.text) referenced from startup_lpc177x_8x.o(RESET)
 <LI><a href="#[1d]">EINT1_IRQHandler</a> from startup_lpc177x_8x.o(.text) referenced from startup_lpc177x_8x.o(RESET)
 <LI><a href="#[1e]">EINT2_IRQHandler</a> from startup_lpc177x_8x.o(.text) referenced from startup_lpc177x_8x.o(RESET)
 <LI><a href="#[1f]">EINT3_IRQHandler</a> from startup_lpc177x_8x.o(.text) referenced from startup_lpc177x_8x.o(RESET)
 <LI><a href="#[26]">ENET_IRQHandler</a> from startup_lpc177x_8x.o(.text) referenced from startup_lpc177x_8x.o(RESET)
 <LI><a href="#[30]">GPIO_IRQHandler</a> from startup_lpc177x_8x.o(.text) referenced from startup_lpc177x_8x.o(RESET)
 <LI><a href="#[2]">HardFault_Handler</a> from startup_lpc177x_8x.o(.text) referenced from startup_lpc177x_8x.o(RESET)
 <LI><a href="#[14]">I2C0_IRQHandler</a> from startup_lpc177x_8x.o(.text) referenced from startup_lpc177x_8x.o(RESET)
 <LI><a href="#[15]">I2C1_IRQHandler</a> from startup_lpc177x_8x.o(.text) referenced from startup_lpc177x_8x.o(RESET)
 <LI><a href="#[16]">I2C2_IRQHandler</a> from startup_lpc177x_8x.o(.text) referenced from startup_lpc177x_8x.o(RESET)
 <LI><a href="#[25]">I2S_IRQHandler</a> from startup_lpc177x_8x.o(.text) referenced from startup_lpc177x_8x.o(RESET)
 <LI><a href="#[2f]">LCD_IRQHandler</a> from startup_lpc177x_8x.o(.text) referenced from startup_lpc177x_8x.o(RESET)
 <LI><a href="#[27]">MCI_IRQHandler</a> from startup_lpc177x_8x.o(.text) referenced from startup_lpc177x_8x.o(RESET)
 <LI><a href="#[28]">MCPWM_IRQHandler</a> from startup_lpc177x_8x.o(.text) referenced from startup_lpc177x_8x.o(RESET)
 <LI><a href="#[3]">MemManage_Handler</a> from startup_lpc177x_8x.o(.text) referenced from startup_lpc177x_8x.o(RESET)
 <LI><a href="#[1]">NMI_Handler</a> from startup_lpc177x_8x.o(.text) referenced from startup_lpc177x_8x.o(RESET)
 <LI><a href="#[1a]">PLL0_IRQHandler</a> from startup_lpc177x_8x.o(.text) referenced from startup_lpc177x_8x.o(RESET)
 <LI><a href="#[2a]">PLL1_IRQHandler</a> from startup_lpc177x_8x.o(.text) referenced from startup_lpc177x_8x.o(RESET)
 <LI><a href="#[31]">PWM0_IRQHandler</a> from startup_lpc177x_8x.o(.text) referenced from startup_lpc177x_8x.o(RESET)
 <LI><a href="#[13]">PWM1_IRQHandler</a> from startup_lpc177x_8x.o(.text) referenced from startup_lpc177x_8x.o(RESET)
 <LI><a href="#[8]">PendSV_Handler</a> from startup_lpc177x_8x.o(.text) referenced from startup_lpc177x_8x.o(RESET)
 <LI><a href="#[29]">QEI_IRQHandler</a> from startup_lpc177x_8x.o(.text) referenced from startup_lpc177x_8x.o(RESET)
 <LI><a href="#[1b]">RTC_IRQHandler</a> from startup_lpc177x_8x.o(.text) referenced from startup_lpc177x_8x.o(RESET)
 <LI><a href="#[0]">Reset_Handler</a> from startup_lpc177x_8x.o(.text) referenced from startup_lpc177x_8x.o(RESET)
 <LI><a href="#[17]">SPIFI_IRQHandler</a> from startup_lpc177x_8x.o(.text) referenced from startup_lpc177x_8x.o(RESET)
 <LI><a href="#[18]">SSP0_IRQHandler</a> from startup_lpc177x_8x.o(.text) referenced from startup_lpc177x_8x.o(RESET)
 <LI><a href="#[19]">SSP1_IRQHandler</a> from startup_lpc177x_8x.o(.text) referenced from startup_lpc177x_8x.o(RESET)
 <LI><a href="#[2e]">SSP2_IRQHandler</a> from startup_lpc177x_8x.o(.text) referenced from startup_lpc177x_8x.o(RESET)
 <LI><a href="#[6]">SVC_Handler</a> from startup_lpc177x_8x.o(.text) referenced from startup_lpc177x_8x.o(RESET)
 <LI><a href="#[9]">SysTick_Handler</a> from main.o(.text) referenced from startup_lpc177x_8x.o(RESET)
 <LI><a href="#[34]">SystemInit</a> from system_lpc177x_8x.o(.text) referenced from startup_lpc177x_8x.o(.text)
 <LI><a href="#[b]">TIMER0_IRQHandler</a> from timer.o(.text) referenced from startup_lpc177x_8x.o(RESET)
 <LI><a href="#[c]">TIMER1_IRQHandler</a> from timer.o(.text) referenced from startup_lpc177x_8x.o(RESET)
 <LI><a href="#[d]">TIMER2_IRQHandler</a> from timer.o(.text) referenced from startup_lpc177x_8x.o(RESET)
 <LI><a href="#[e]">TIMER3_IRQHandler</a> from timer.o(.text) referenced from startup_lpc177x_8x.o(RESET)
 <LI><a href="#[f]">UART0_IRQHandler</a> from debug_frmwrk.o(.text) referenced from startup_lpc177x_8x.o(RESET)
 <LI><a href="#[10]">UART1_IRQHandler</a> from startup_lpc177x_8x.o(.text) referenced from startup_lpc177x_8x.o(RESET)
 <LI><a href="#[11]">UART2_IRQHandler</a> from startup_lpc177x_8x.o(.text) referenced from startup_lpc177x_8x.o(RESET)
 <LI><a href="#[12]">UART3_IRQHandler</a> from debug_frmwrk.o(.text) referenced from startup_lpc177x_8x.o(RESET)
 <LI><a href="#[2d]">UART4_IRQHandler</a> from startup_lpc177x_8x.o(.text) referenced from startup_lpc177x_8x.o(RESET)
 <LI><a href="#[cc]">UARTGetChar</a> from debug_frmwrk.o(.text) referenced from debug_frmwrk.o(.text)
 <LI><a href="#[cd]">UARTGetValue</a> from debug_frmwrk.o(.text) referenced from debug_frmwrk.o(.text)
 <LI><a href="#[cb]">UARTPutChar</a> from debug_frmwrk.o(.text) referenced from debug_frmwrk.o(.text)
 <LI><a href="#[d1]">UARTPutDec</a> from debug_frmwrk.o(.text) referenced from debug_frmwrk.o(.text)
 <LI><a href="#[d2]">UARTPutDec16</a> from debug_frmwrk.o(.text) referenced from debug_frmwrk.o(.text)
 <LI><a href="#[d3]">UARTPutDec32</a> from debug_frmwrk.o(.text) referenced from debug_frmwrk.o(.text)
 <LI><a href="#[d5]">UARTPutHex</a> from debug_frmwrk.o(.text) referenced from debug_frmwrk.o(.text)
 <LI><a href="#[d7]">UARTPutHex16</a> from debug_frmwrk.o(.text) referenced from debug_frmwrk.o(.text)
 <LI><a href="#[d6]">UARTPutHex16_</a> from debug_frmwrk.o(.text) referenced from debug_frmwrk.o(.text)
 <LI><a href="#[d9]">UARTPutHex32</a> from debug_frmwrk.o(.text) referenced from debug_frmwrk.o(.text)
 <LI><a href="#[d8]">UARTPutHex32_</a> from debug_frmwrk.o(.text) referenced from debug_frmwrk.o(.text)
 <LI><a href="#[d4]">UARTPutHex_</a> from debug_frmwrk.o(.text) referenced from debug_frmwrk.o(.text)
 <LI><a href="#[52]">UARTPuts</a> from debug_frmwrk.o(.text) referenced from debug_frmwrk.o(.text)
 <LI><a href="#[d0]">UARTPuts_</a> from debug_frmwrk.o(.text) referenced from debug_frmwrk.o(.text)
 <LI><a href="#[2b]">USBActivity_IRQHandler</a> from startup_lpc177x_8x.o(.text) referenced from startup_lpc177x_8x.o(RESET)
 <LI><a href="#[22]">USB_IRQHandler</a> from startup_lpc177x_8x.o(.text) referenced from startup_lpc177x_8x.o(RESET)
 <LI><a href="#[5]">UsageFault_Handler</a> from startup_lpc177x_8x.o(.text) referenced from startup_lpc177x_8x.o(RESET)
 <LI><a href="#[a]">WDT_IRQHandler</a> from startup_lpc177x_8x.o(.text) referenced from startup_lpc177x_8x.o(RESET)
 <LI><a href="#[35]">__main</a> from entry.o(.ARM.Collect$$$$00000000) referenced from startup_lpc177x_8x.o(.text)
 <LI><a href="#[33]">main</a> from main.o(.text) referenced from entry9a.o(.ARM.Collect$$$$0000000B)
</UL>
<P>
<H3>
Global Symbols
</H3>
<P><STRONG><a name="[35]"></a>__main</STRONG> (Thumb, 0 bytes, Stack size unknown bytes, entry.o(.ARM.Collect$$$$00000000))
<BR>[Address Reference Count : 1]<UL><LI> startup_lpc177x_8x.o(.text)
</UL>
<P><STRONG><a name="[ea]"></a>_main_stk</STRONG> (Thumb, 0 bytes, Stack size unknown bytes, entry2.o(.ARM.Collect$$$$00000001))

<P><STRONG><a name="[36]"></a>_main_scatterload</STRONG> (Thumb, 0 bytes, Stack size unknown bytes, entry5.o(.ARM.Collect$$$$00000004))
<BR><BR>[Calls]<UL><LI><a href="#[37]">&gt;&gt;</a>&nbsp;&nbsp;&nbsp;__scatterload
</UL>

<P><STRONG><a name="[e9]"></a>__main_after_scatterload</STRONG> (Thumb, 0 bytes, Stack size unknown bytes, entry5.o(.ARM.Collect$$$$00000004))
<BR><BR>[Called By]<UL><LI><a href="#[37]">&gt;&gt;</a>&nbsp;&nbsp;&nbsp;__scatterload
</UL>

<P><STRONG><a name="[eb]"></a>_main_clock</STRONG> (Thumb, 0 bytes, Stack size unknown bytes, entry7b.o(.ARM.Collect$$$$00000008))

<P><STRONG><a name="[ec]"></a>_main_cpp_init</STRONG> (Thumb, 0 bytes, Stack size unknown bytes, entry8b.o(.ARM.Collect$$$$0000000A))

<P><STRONG><a name="[ed]"></a>_main_init</STRONG> (Thumb, 0 bytes, Stack size unknown bytes, entry9a.o(.ARM.Collect$$$$0000000B))

<P><STRONG><a name="[ee]"></a>__rt_final_cpp</STRONG> (Thumb, 0 bytes, Stack size unknown bytes, entry10a.o(.ARM.Collect$$$$0000000D))

<P><STRONG><a name="[ef]"></a>__rt_final_exit</STRONG> (Thumb, 0 bytes, Stack size unknown bytes, entry11a.o(.ARM.Collect$$$$0000000F))

<P><STRONG><a name="[38]"></a>GetASCIICode</STRONG> (Thumb, 26 bytes, Stack size 16 bytes, asciilib.o(.text))
<BR><BR>[Stack]<UL><LI>Max Depth = 24<LI>Call Chain = GetASCIICode &rArr; __aeabi_memcpy
</UL>
<BR>[Calls]<UL><LI><a href="#[39]">&gt;&gt;</a>&nbsp;&nbsp;&nbsp;__aeabi_memcpy
</UL>
<BR>[Called By]<UL><LI><a href="#[60]">&gt;&gt;</a>&nbsp;&nbsp;&nbsp;PutCharShade
<LI><a href="#[5f]">&gt;&gt;</a>&nbsp;&nbsp;&nbsp;PutChar
</UL>

<P><STRONG><a name="[62]"></a>GetASCIICode_12</STRONG> (Thumb, 28 bytes, Stack size 0 bytes, asciilib.o(.text), UNUSED)
<BR><BR>[Called By]<UL><LI><a href="#[61]">&gt;&gt;</a>&nbsp;&nbsp;&nbsp;PutChar_12
</UL>

<P><STRONG><a name="[0]"></a>Reset_Handler</STRONG> (Thumb, 8 bytes, Stack size 0 bytes, startup_lpc177x_8x.o(.text))
<BR>[Address Reference Count : 1]<UL><LI> startup_lpc177x_8x.o(RESET)
</UL>
<P><STRONG><a name="[1]"></a>NMI_Handler</STRONG> (Thumb, 2 bytes, Stack size 0 bytes, startup_lpc177x_8x.o(.text))
<BR><BR>[Calls]<UL><LI><a href="#[1]">&gt;&gt;</a>&nbsp;&nbsp;&nbsp;NMI_Handler
</UL>
<BR>[Called By]<UL><LI><a href="#[1]">&gt;&gt;</a>&nbsp;&nbsp;&nbsp;NMI_Handler
</UL>
<BR>[Address Reference Count : 1]<UL><LI> startup_lpc177x_8x.o(RESET)
</UL>
<P><STRONG><a name="[2]"></a>HardFault_Handler</STRONG> (Thumb, 2 bytes, Stack size 0 bytes, startup_lpc177x_8x.o(.text))
<BR><BR>[Calls]<UL><LI><a href="#[2]">&gt;&gt;</a>&nbsp;&nbsp;&nbsp;HardFault_Handler
</UL>
<BR>[Called By]<UL><LI><a href="#[2]">&gt;&gt;</a>&nbsp;&nbsp;&nbsp;HardFault_Handler
</UL>
<BR>[Address Reference Count : 1]<UL><LI> startup_lpc177x_8x.o(RESET)
</UL>
<P><STRONG><a name="[3]"></a>MemManage_Handler</STRONG> (Thumb, 2 bytes, Stack size 0 bytes, startup_lpc177x_8x.o(.text))
<BR><BR>[Calls]<UL><LI><a href="#[3]">&gt;&gt;</a>&nbsp;&nbsp;&nbsp;MemManage_Handler
</UL>
<BR>[Called By]<UL><LI><a href="#[3]">&gt;&gt;</a>&nbsp;&nbsp;&nbsp;MemManage_Handler
</UL>
<BR>[Address Reference Count : 1]<UL><LI> startup_lpc177x_8x.o(RESET)
</UL>
<P><STRONG><a name="[4]"></a>BusFault_Handler</STRONG> (Thumb, 2 bytes, Stack size 0 bytes, startup_lpc177x_8x.o(.text))
<BR><BR>[Calls]<UL><LI><a href="#[4]">&gt;&gt;</a>&nbsp;&nbsp;&nbsp;BusFault_Handler
</UL>
<BR>[Called By]<UL><LI><a href="#[4]">&gt;&gt;</a>&nbsp;&nbsp;&nbsp;BusFault_Handler
</UL>
<BR>[Address Reference Count : 1]<UL><LI> startup_lpc177x_8x.o(RESET)
</UL>
<P><STRONG><a name="[5]"></a>UsageFault_Handler</STRONG> (Thumb, 2 bytes, Stack size 0 bytes, startup_lpc177x_8x.o(.text))
<BR><BR>[Calls]<UL><LI><a href="#[5]">&gt;&gt;</a>&nbsp;&nbsp;&nbsp;UsageFault_Handler
</UL>
<BR>[Called By]<UL><LI><a href="#[5]">&gt;&gt;</a>&nbsp;&nbsp;&nbsp;UsageFault_Handler
</UL>
<BR>[Address Reference Count : 1]<UL><LI> startup_lpc177x_8x.o(RESET)
</UL>
<P><STRONG><a name="[6]"></a>SVC_Handler</STRONG> (Thumb, 2 bytes, Stack size 0 bytes, startup_lpc177x_8x.o(.text))
<BR><BR>[Calls]<UL><LI><a href="#[6]">&gt;&gt;</a>&nbsp;&nbsp;&nbsp;SVC_Handler
</UL>
<BR>[Called By]<UL><LI><a href="#[6]">&gt;&gt;</a>&nbsp;&nbsp;&nbsp;SVC_Handler
</UL>
<BR>[Address Reference Count : 1]<UL><LI> startup_lpc177x_8x.o(RESET)
</UL>
<P><STRONG><a name="[7]"></a>DebugMon_Handler</STRONG> (Thumb, 2 bytes, Stack size 0 bytes, startup_lpc177x_8x.o(.text))
<BR><BR>[Calls]<UL><LI><a href="#[7]">&gt;&gt;</a>&nbsp;&nbsp;&nbsp;DebugMon_Handler
</UL>
<BR>[Called By]<UL><LI><a href="#[7]">&gt;&gt;</a>&nbsp;&nbsp;&nbsp;DebugMon_Handler
</UL>
<BR>[Address Reference Count : 1]<UL><LI> startup_lpc177x_8x.o(RESET)
</UL>
<P><STRONG><a name="[8]"></a>PendSV_Handler</STRONG> (Thumb, 2 bytes, Stack size 0 bytes, startup_lpc177x_8x.o(.text))
<BR><BR>[Calls]<UL><LI><a href="#[8]">&gt;&gt;</a>&nbsp;&nbsp;&nbsp;PendSV_Handler
</UL>
<BR>[Called By]<UL><LI><a href="#[8]">&gt;&gt;</a>&nbsp;&nbsp;&nbsp;PendSV_Handler
</UL>
<BR>[Address Reference Count : 1]<UL><LI> startup_lpc177x_8x.o(RESET)
</UL>
<P><STRONG><a name="[20]"></a>ADC_IRQHandler</STRONG> (Thumb, 0 bytes, Stack size 0 bytes, startup_lpc177x_8x.o(.text))
<BR><BR>[Calls]<UL><LI><a href="#[20]">&gt;&gt;</a>&nbsp;&nbsp;&nbsp;ADC_IRQHandler
</UL>
<BR>[Called By]<UL><LI><a href="#[20]">&gt;&gt;</a>&nbsp;&nbsp;&nbsp;ADC_IRQHandler
</UL>
<BR>[Address Reference Count : 1]<UL><LI> startup_lpc177x_8x.o(RESET)
</UL>
<P><STRONG><a name="[21]"></a>BOD_IRQHandler</STRONG> (Thumb, 0 bytes, Stack size 0 bytes, startup_lpc177x_8x.o(.text))
<BR>[Address Reference Count : 1]<UL><LI> startup_lpc177x_8x.o(RESET)
</UL>
<P><STRONG><a name="[2c]"></a>CANActivity_IRQHandler</STRONG> (Thumb, 0 bytes, Stack size 0 bytes, startup_lpc177x_8x.o(.text))
<BR>[Address Reference Count : 1]<UL><LI> startup_lpc177x_8x.o(RESET)
</UL>
<P><STRONG><a name="[23]"></a>CAN_IRQHandler</STRONG> (Thumb, 0 bytes, Stack size 0 bytes, startup_lpc177x_8x.o(.text))
<BR>[Address Reference Count : 1]<UL><LI> startup_lpc177x_8x.o(RESET)
</UL>
<P><STRONG><a name="[24]"></a>DMA_IRQHandler</STRONG> (Thumb, 0 bytes, Stack size 0 bytes, startup_lpc177x_8x.o(.text))
<BR>[Address Reference Count : 1]<UL><LI> startup_lpc177x_8x.o(RESET)
</UL>
<P><STRONG><a name="[32]"></a>EEPROM_IRQHandler</STRONG> (Thumb, 0 bytes, Stack size 0 bytes, startup_lpc177x_8x.o(.text))
<BR>[Address Reference Count : 1]<UL><LI> startup_lpc177x_8x.o(RESET)
</UL>
<P><STRONG><a name="[1c]"></a>EINT0_IRQHandler</STRONG> (Thumb, 0 bytes, Stack size 0 bytes, startup_lpc177x_8x.o(.text))
<BR>[Address Reference Count : 1]<UL><LI> startup_lpc177x_8x.o(RESET)
</UL>
<P><STRONG><a name="[1d]"></a>EINT1_IRQHandler</STRONG> (Thumb, 0 bytes, Stack size 0 bytes, startup_lpc177x_8x.o(.text))
<BR>[Address Reference Count : 1]<UL><LI> startup_lpc177x_8x.o(RESET)
</UL>
<P><STRONG><a name="[1e]"></a>EINT2_IRQHandler</STRONG> (Thumb, 0 bytes, Stack size 0 bytes, startup_lpc177x_8x.o(.text))
<BR>[Address Reference Count : 1]<UL><LI> startup_lpc177x_8x.o(RESET)
</UL>
<P><STRONG><a name="[1f]"></a>EINT3_IRQHandler</STRONG> (Thumb, 0 bytes, Stack size 0 bytes, startup_lpc177x_8x.o(.text))
<BR>[Address Reference Count : 1]<UL><LI> startup_lpc177x_8x.o(RESET)
</UL>
<P><STRONG><a name="[26]"></a>ENET_IRQHandler</STRONG> (Thumb, 0 bytes, Stack size 0 bytes, startup_lpc177x_8x.o(.text))
<BR>[Address Reference Count : 1]<UL><LI> startup_lpc177x_8x.o(RESET)
</UL>
<P><STRONG><a name="[30]"></a>GPIO_IRQHandler</STRONG> (Thumb, 0 bytes, Stack size 0 bytes, startup_lpc177x_8x.o(.text))
<BR>[Address Reference Count : 1]<UL><LI> startup_lpc177x_8x.o(RESET)
</UL>
<P><STRONG><a name="[14]"></a>I2C0_IRQHandler</STRONG> (Thumb, 0 bytes, Stack size 0 bytes, startup_lpc177x_8x.o(.text))
<BR>[Address Reference Count : 1]<UL><LI> startup_lpc177x_8x.o(RESET)
</UL>
<P><STRONG><a name="[15]"></a>I2C1_IRQHandler</STRONG> (Thumb, 0 bytes, Stack size 0 bytes, startup_lpc177x_8x.o(.text))
<BR>[Address Reference Count : 1]<UL><LI> startup_lpc177x_8x.o(RESET)
</UL>
<P><STRONG><a name="[16]"></a>I2C2_IRQHandler</STRONG> (Thumb, 0 bytes, Stack size 0 bytes, startup_lpc177x_8x.o(.text))
<BR>[Address Reference Count : 1]<UL><LI> startup_lpc177x_8x.o(RESET)
</UL>
<P><STRONG><a name="[25]"></a>I2S_IRQHandler</STRONG> (Thumb, 0 bytes, Stack size 0 bytes, startup_lpc177x_8x.o(.text))
<BR>[Address Reference Count : 1]<UL><LI> startup_lpc177x_8x.o(RESET)
</UL>
<P><STRONG><a name="[2f]"></a>LCD_IRQHandler</STRONG> (Thumb, 0 bytes, Stack size 0 bytes, startup_lpc177x_8x.o(.text))
<BR>[Address Reference Count : 1]<UL><LI> startup_lpc177x_8x.o(RESET)
</UL>
<P><STRONG><a name="[27]"></a>MCI_IRQHandler</STRONG> (Thumb, 0 bytes, Stack size 0 bytes, startup_lpc177x_8x.o(.text))
<BR>[Address Reference Count : 1]<UL><LI> startup_lpc177x_8x.o(RESET)
</UL>
<P><STRONG><a name="[28]"></a>MCPWM_IRQHandler</STRONG> (Thumb, 0 bytes, Stack size 0 bytes, startup_lpc177x_8x.o(.text))
<BR>[Address Reference Count : 1]<UL><LI> startup_lpc177x_8x.o(RESET)
</UL>
<P><STRONG><a name="[1a]"></a>PLL0_IRQHandler</STRONG> (Thumb, 0 bytes, Stack size 0 bytes, startup_lpc177x_8x.o(.text))
<BR>[Address Reference Count : 1]<UL><LI> startup_lpc177x_8x.o(RESET)
</UL>
<P><STRONG><a name="[2a]"></a>PLL1_IRQHandler</STRONG> (Thumb, 0 bytes, Stack size 0 bytes, startup_lpc177x_8x.o(.text))
<BR>[Address Reference Count : 1]<UL><LI> startup_lpc177x_8x.o(RESET)
</UL>
<P><STRONG><a name="[31]"></a>PWM0_IRQHandler</STRONG> (Thumb, 0 bytes, Stack size 0 bytes, startup_lpc177x_8x.o(.text))
<BR>[Address Reference Count : 1]<UL><LI> startup_lpc177x_8x.o(RESET)
</UL>
<P><STRONG><a name="[13]"></a>PWM1_IRQHandler</STRONG> (Thumb, 0 bytes, Stack size 0 bytes, startup_lpc177x_8x.o(.text))
<BR>[Address Reference Count : 1]<UL><LI> startup_lpc177x_8x.o(RESET)
</UL>
<P><STRONG><a name="[29]"></a>QEI_IRQHandler</STRONG> (Thumb, 0 bytes, Stack size 0 bytes, startup_lpc177x_8x.o(.text))
<BR>[Address Reference Count : 1]<UL><LI> startup_lpc177x_8x.o(RESET)
</UL>
<P><STRONG><a name="[1b]"></a>RTC_IRQHandler</STRONG> (Thumb, 0 bytes, Stack size 0 bytes, startup_lpc177x_8x.o(.text))
<BR>[Address Reference Count : 1]<UL><LI> startup_lpc177x_8x.o(RESET)
</UL>
<P><STRONG><a name="[17]"></a>SPIFI_IRQHandler</STRONG> (Thumb, 0 bytes, Stack size 0 bytes, startup_lpc177x_8x.o(.text))
<BR>[Address Reference Count : 1]<UL><LI> startup_lpc177x_8x.o(RESET)
</UL>
<P><STRONG><a name="[18]"></a>SSP0_IRQHandler</STRONG> (Thumb, 0 bytes, Stack size 0 bytes, startup_lpc177x_8x.o(.text))
<BR>[Address Reference Count : 1]<UL><LI> startup_lpc177x_8x.o(RESET)
</UL>
<P><STRONG><a name="[19]"></a>SSP1_IRQHandler</STRONG> (Thumb, 0 bytes, Stack size 0 bytes, startup_lpc177x_8x.o(.text))
<BR>[Address Reference Count : 1]<UL><LI> startup_lpc177x_8x.o(RESET)
</UL>
<P><STRONG><a name="[2e]"></a>SSP2_IRQHandler</STRONG> (Thumb, 0 bytes, Stack size 0 bytes, startup_lpc177x_8x.o(.text))
<BR>[Address Reference Count : 1]<UL><LI> startup_lpc177x_8x.o(RESET)
</UL>
<P><STRONG><a name="[10]"></a>UART1_IRQHandler</STRONG> (Thumb, 0 bytes, Stack size 0 bytes, startup_lpc177x_8x.o(.text))
<BR>[Address Reference Count : 1]<UL><LI> startup_lpc177x_8x.o(RESET)
</UL>
<P><STRONG><a name="[11]"></a>UART2_IRQHandler</STRONG> (Thumb, 0 bytes, Stack size 0 bytes, startup_lpc177x_8x.o(.text))
<BR>[Address Reference Count : 1]<UL><LI> startup_lpc177x_8x.o(RESET)
</UL>
<P><STRONG><a name="[2d]"></a>UART4_IRQHandler</STRONG> (Thumb, 0 bytes, Stack size 0 bytes, startup_lpc177x_8x.o(.text))
<BR>[Address Reference Count : 1]<UL><LI> startup_lpc177x_8x.o(RESET)
</UL>
<P><STRONG><a name="[2b]"></a>USBActivity_IRQHandler</STRONG> (Thumb, 0 bytes, Stack size 0 bytes, startup_lpc177x_8x.o(.text))
<BR>[Address Reference Count : 1]<UL><LI> startup_lpc177x_8x.o(RESET)
</UL>
<P><STRONG><a name="[22]"></a>USB_IRQHandler</STRONG> (Thumb, 0 bytes, Stack size 0 bytes, startup_lpc177x_8x.o(.text))
<BR>[Address Reference Count : 1]<UL><LI> startup_lpc177x_8x.o(RESET)
</UL>
<P><STRONG><a name="[a]"></a>WDT_IRQHandler</STRONG> (Thumb, 0 bytes, Stack size 0 bytes, startup_lpc177x_8x.o(.text))
<BR>[Address Reference Count : 1]<UL><LI> startup_lpc177x_8x.o(RESET)
</UL>
<P><STRONG><a name="[3a]"></a>CLKPWR_SetCLKDiv</STRONG> (Thumb, 94 bytes, Stack size 16 bytes, lpc177x_8x_clkpwr.o(.text), UNUSED)
<BR><BR>[Calls]<UL><LI><a href="#[3b]">&gt;&gt;</a>&nbsp;&nbsp;&nbsp;SystemCoreClockUpdate
</UL>

<P><STRONG><a name="[41]"></a>CLKPWR_GetCLK</STRONG> (Thumb, 46 bytes, Stack size 0 bytes, lpc177x_8x_clkpwr.o(.text))
<BR><BR>[Called By]<UL><LI><a href="#[a5]">&gt;&gt;</a>&nbsp;&nbsp;&nbsp;EEPROM_Init
<LI><a href="#[33]">&gt;&gt;</a>&nbsp;&nbsp;&nbsp;main
<LI><a href="#[bf]">&gt;&gt;</a>&nbsp;&nbsp;&nbsp;uart_set_divisors
</UL>

<P><STRONG><a name="[c1]"></a>CLKPWR_ConfigPPWR</STRONG> (Thumb, 38 bytes, Stack size 0 bytes, lpc177x_8x_clkpwr.o(.text))
<BR><BR>[Called By]<UL><LI><a href="#[c2]">&gt;&gt;</a>&nbsp;&nbsp;&nbsp;UART_DeInit
<LI><a href="#[c0]">&gt;&gt;</a>&nbsp;&nbsp;&nbsp;UART_Init
</UL>

<P><STRONG><a name="[f0]"></a>CLKPWR_Sleep</STRONG> (Thumb, 12 bytes, Stack size 0 bytes, lpc177x_8x_clkpwr.o(.text), UNUSED)

<P><STRONG><a name="[f1]"></a>CLKPWR_DeepSleep</STRONG> (Thumb, 18 bytes, Stack size 0 bytes, lpc177x_8x_clkpwr.o(.text), UNUSED)

<P><STRONG><a name="[f2]"></a>CLKPWR_PowerDown</STRONG> (Thumb, 18 bytes, Stack size 0 bytes, lpc177x_8x_clkpwr.o(.text), UNUSED)

<P><STRONG><a name="[f3]"></a>CLKPWR_DeepPowerDown</STRONG> (Thumb, 18 bytes, Stack size 0 bytes, lpc177x_8x_clkpwr.o(.text), UNUSED)

<P><STRONG><a name="[3c]"></a>__aeabi_uldivmod</STRONG> (Thumb, 98 bytes, Stack size 40 bytes, uldiv.o(.text))
<BR><BR>[Stack]<UL><LI>Max Depth = 40<LI>Call Chain = __aeabi_uldivmod
</UL>
<BR>[Calls]<UL><LI><a href="#[3d]">&gt;&gt;</a>&nbsp;&nbsp;&nbsp;__aeabi_llsr
<LI><a href="#[3e]">&gt;&gt;</a>&nbsp;&nbsp;&nbsp;__aeabi_llsl
</UL>
<BR>[Called By]<UL><LI><a href="#[bf]">&gt;&gt;</a>&nbsp;&nbsp;&nbsp;uart_set_divisors
</UL>

<P><STRONG><a name="[3e]"></a>__aeabi_llsl</STRONG> (Thumb, 30 bytes, Stack size 0 bytes, llshl.o(.text))
<BR><BR>[Called By]<UL><LI><a href="#[3c]">&gt;&gt;</a>&nbsp;&nbsp;&nbsp;__aeabi_uldivmod
</UL>

<P><STRONG><a name="[f4]"></a>_ll_shift_l</STRONG> (Thumb, 0 bytes, Stack size 0 bytes, llshl.o(.text), UNUSED)

<P><STRONG><a name="[f5]"></a>__scatterload_copy</STRONG> (Thumb, 14 bytes, Stack size unknown bytes, handlers.o(i.__scatterload_copy), UNUSED)

<P><STRONG><a name="[f6]"></a>__scatterload_null</STRONG> (Thumb, 2 bytes, Stack size unknown bytes, handlers.o(i.__scatterload_null), UNUSED)

<P><STRONG><a name="[9]"></a>SysTick_Handler</STRONG> (Thumb, 12 bytes, Stack size 0 bytes, main.o(.text))
<BR>[Address Reference Count : 1]<UL><LI> startup_lpc177x_8x.o(RESET)
</UL>
<P><STRONG><a name="[4b]"></a>Delay</STRONG> (Thumb, 18 bytes, Stack size 0 bytes, main.o(.text))
<BR><BR>[Called By]<UL><LI><a href="#[46]">&gt;&gt;</a>&nbsp;&nbsp;&nbsp;BUZZER
<LI><a href="#[33]">&gt;&gt;</a>&nbsp;&nbsp;&nbsp;main
</UL>

<P><STRONG><a name="[40]"></a>Chip_Clock_EnablePLL</STRONG> (Thumb, 6 bytes, Stack size 0 bytes, main.o(.text), UNUSED)
<BR><BR>[Called By]<UL><LI><a href="#[3f]">&gt;&gt;</a>&nbsp;&nbsp;&nbsp;HAL_USBInit
</UL>

<P><STRONG><a name="[3f]"></a>HAL_USBInit</STRONG> (Thumb, 14 bytes, Stack size 8 bytes, main.o(.text), UNUSED)
<BR><BR>[Calls]<UL><LI><a href="#[40]">&gt;&gt;</a>&nbsp;&nbsp;&nbsp;Chip_Clock_EnablePLL
</UL>

<P><STRONG><a name="[33]"></a>main</STRONG> (Thumb, 606 bytes, Stack size 24 bytes, main.o(.text))
<BR><BR>[Stack]<UL><LI>Max Depth = 332<LI>Call Chain = main &rArr; Resist_Test &rArr; Disp_Test_Set &rArr; Disp_Test_Row &rArr; WriteString21 &rArr; WriteOneHzChar21 &rArr; LCD_ShowFontCN21 &rArr; LCD_SetPoint
</UL>
<BR>[Calls]<UL><LI><a href="#[50]">&gt;&gt;</a>&nbsp;&nbsp;&nbsp;read5463
<LI><a href="#[53]">&gt;&gt;</a>&nbsp;&nbsp;&nbsp;do232
<LI><a href="#[44]">&gt;&gt;</a>&nbsp;&nbsp;&nbsp;debug_uart3_init
<LI><a href="#[43]">&gt;&gt;</a>&nbsp;&nbsp;&nbsp;debug_frmwrk_init
<LI><a href="#[4d]">&gt;&gt;</a>&nbsp;&nbsp;&nbsp;WriteString_Big
<LI><a href="#[52]">&gt;&gt;</a>&nbsp;&nbsp;&nbsp;UARTPuts
<LI><a href="#[45]">&gt;&gt;</a>&nbsp;&nbsp;&nbsp;SDRAM_Init
<LI><a href="#[55]">&gt;&gt;</a>&nbsp;&nbsp;&nbsp;Resist_Test
<LI><a href="#[4c]">&gt;&gt;</a>&nbsp;&nbsp;&nbsp;Power_Process
<LI><a href="#[4a]">&gt;&gt;</a>&nbsp;&nbsp;&nbsp;LCD_DrawRect
<LI><a href="#[42]">&gt;&gt;</a>&nbsp;&nbsp;&nbsp;HW_keyInt
<LI><a href="#[49]">&gt;&gt;</a>&nbsp;&nbsp;&nbsp;HW_Sendvalueto164
<LI><a href="#[54]">&gt;&gt;</a>&nbsp;&nbsp;&nbsp;HW_KeyScsn
<LI><a href="#[4f]">&gt;&gt;</a>&nbsp;&nbsp;&nbsp;GPIO_ReadValue
<LI><a href="#[48]">&gt;&gt;</a>&nbsp;&nbsp;&nbsp;GLCD_Init
<LI><a href="#[47]">&gt;&gt;</a>&nbsp;&nbsp;&nbsp;GLCD_Ctrl
<LI><a href="#[51]">&gt;&gt;</a>&nbsp;&nbsp;&nbsp;Disp_R
<LI><a href="#[4e]">&gt;&gt;</a>&nbsp;&nbsp;&nbsp;Disp_Box
<LI><a href="#[56]">&gt;&gt;</a>&nbsp;&nbsp;&nbsp;Delay_Key
<LI><a href="#[41]">&gt;&gt;</a>&nbsp;&nbsp;&nbsp;CLKPWR_GetCLK
<LI><a href="#[46]">&gt;&gt;</a>&nbsp;&nbsp;&nbsp;BUZZER
<LI><a href="#[4b]">&gt;&gt;</a>&nbsp;&nbsp;&nbsp;Delay
</UL>
<BR>[Address Reference Count : 1]<UL><LI> entry9a.o(.ARM.Collect$$$$0000000B)
</UL>
<P><STRONG><a name="[a7]"></a>delayMs</STRONG> (Thumb, 252 bytes, Stack size 0 bytes, timer.o(.text))
<BR><BR>[Called By]<UL><LI><a href="#[45]">&gt;&gt;</a>&nbsp;&nbsp;&nbsp;SDRAM_Init
</UL>

<P><STRONG><a name="[b]"></a>TIMER0_IRQHandler</STRONG> (Thumb, 20 bytes, Stack size 0 bytes, timer.o(.text))
<BR>[Address Reference Count : 1]<UL><LI> startup_lpc177x_8x.o(RESET)
</UL>
<P><STRONG><a name="[c]"></a>TIMER1_IRQHandler</STRONG> (Thumb, 18 bytes, Stack size 0 bytes, timer.o(.text))
<BR>[Address Reference Count : 1]<UL><LI> startup_lpc177x_8x.o(RESET)
</UL>
<P><STRONG><a name="[d]"></a>TIMER2_IRQHandler</STRONG> (Thumb, 18 bytes, Stack size 0 bytes, timer.o(.text))
<BR>[Address Reference Count : 1]<UL><LI> startup_lpc177x_8x.o(RESET)
</UL>
<P><STRONG><a name="[e]"></a>TIMER3_IRQHandler</STRONG> (Thumb, 18 bytes, Stack size 0 bytes, timer.o(.text))
<BR>[Address Reference Count : 1]<UL><LI> startup_lpc177x_8x.o(RESET)
</UL>
<P><STRONG><a name="[f7]"></a>enable_timer</STRONG> (Thumb, 48 bytes, Stack size 0 bytes, timer.o(.text), UNUSED)

<P><STRONG><a name="[f8]"></a>disable_timer</STRONG> (Thumb, 48 bytes, Stack size 0 bytes, timer.o(.text), UNUSED)

<P><STRONG><a name="[f9]"></a>reset_timer</STRONG> (Thumb, 66 bytes, Stack size 0 bytes, timer.o(.text), UNUSED)

<P><STRONG><a name="[57]"></a>init_timer</STRONG> (Thumb, 210 bytes, Stack size 16 bytes, timer.o(.text), UNUSED)
<BR><BR>[Calls]<UL><LI><a href="#[58]">&gt;&gt;</a>&nbsp;&nbsp;&nbsp;NVIC_EnableIRQ
</UL>

<P><STRONG><a name="[47]"></a>GLCD_Ctrl</STRONG> (Thumb, 96 bytes, Stack size 8 bytes, lpc177x_8x_lcd.o(.text))
<BR><BR>[Stack]<UL><LI>Max Depth = 8<LI>Call Chain = GLCD_Ctrl
</UL>
<BR>[Called By]<UL><LI><a href="#[33]">&gt;&gt;</a>&nbsp;&nbsp;&nbsp;main
</UL>

<P><STRONG><a name="[59]"></a>GLCD_SetPallet</STRONG> (Thumb, 18 bytes, Stack size 0 bytes, lpc177x_8x_lcd.o(.text))
<BR><BR>[Called By]<UL><LI><a href="#[48]">&gt;&gt;</a>&nbsp;&nbsp;&nbsp;GLCD_Init
</UL>

<P><STRONG><a name="[48]"></a>GLCD_Init</STRONG> (Thumb, 514 bytes, Stack size 20 bytes, lpc177x_8x_lcd.o(.text))
<BR><BR>[Stack]<UL><LI>Max Depth = 20<LI>Call Chain = GLCD_Init
</UL>
<BR>[Calls]<UL><LI><a href="#[59]">&gt;&gt;</a>&nbsp;&nbsp;&nbsp;GLCD_SetPallet
</UL>
<BR>[Called By]<UL><LI><a href="#[33]">&gt;&gt;</a>&nbsp;&nbsp;&nbsp;main
</UL>

<P><STRONG><a name="[96]"></a>lcd_Clear</STRONG> (Thumb, 18 bytes, Stack size 0 bytes, lpc177x_8x_lcd.o(.text), UNUSED)
<BR><BR>[Called By]<UL><LI><a href="#[9c]">&gt;&gt;</a>&nbsp;&nbsp;&nbsp;Key_Pro
<LI><a href="#[95]">&gt;&gt;</a>&nbsp;&nbsp;&nbsp;key_enter_pro
</UL>

<P><STRONG><a name="[4a]"></a>LCD_DrawRect</STRONG> (Thumb, 70 bytes, Stack size 24 bytes, lpc177x_8x_lcd.o(.text))
<BR><BR>[Stack]<UL><LI>Max Depth = 24<LI>Call Chain = LCD_DrawRect
</UL>
<BR>[Called By]<UL><LI><a href="#[82]">&gt;&gt;</a>&nbsp;&nbsp;&nbsp;Num_Keyboard
<LI><a href="#[33]">&gt;&gt;</a>&nbsp;&nbsp;&nbsp;main
</UL>

<P><STRONG><a name="[5b]"></a>RGBCOLOR</STRONG> (Thumb, 16 bytes, Stack size 8 bytes, lpc177x_8x_lcd.o(.text))
<BR><BR>[Stack]<UL><LI>Max Depth = 8<LI>Call Chain = RGBCOLOR
</UL>
<BR>[Called By]<UL><LI><a href="#[69]">&gt;&gt;</a>&nbsp;&nbsp;&nbsp;LCD_ShowFontCN_16_Shade
<LI><a href="#[68]">&gt;&gt;</a>&nbsp;&nbsp;&nbsp;LCD_ShowFontCN21
<LI><a href="#[60]">&gt;&gt;</a>&nbsp;&nbsp;&nbsp;PutCharShade
<LI><a href="#[5e]">&gt;&gt;</a>&nbsp;&nbsp;&nbsp;LCD_DrawLineShade
<LI><a href="#[5a]">&gt;&gt;</a>&nbsp;&nbsp;&nbsp;LCD_DrawRectShade
</UL>

<P><STRONG><a name="[5a]"></a>LCD_DrawRectShade</STRONG> (Thumb, 234 bytes, Stack size 68 bytes, lpc177x_8x_lcd.o(.text))
<BR><BR>[Stack]<UL><LI>Max Depth = 76<LI>Call Chain = LCD_DrawRectShade &rArr; RGBCOLOR
</UL>
<BR>[Calls]<UL><LI><a href="#[5b]">&gt;&gt;</a>&nbsp;&nbsp;&nbsp;RGBCOLOR
</UL>
<BR>[Called By]<UL><LI><a href="#[81]">&gt;&gt;</a>&nbsp;&nbsp;&nbsp;Input_Bar
<LI><a href="#[80]">&gt;&gt;</a>&nbsp;&nbsp;&nbsp;Num_Key_Thin_Block
<LI><a href="#[7f]">&gt;&gt;</a>&nbsp;&nbsp;&nbsp;Num_Key_Dark_Block
<LI><a href="#[78]">&gt;&gt;</a>&nbsp;&nbsp;&nbsp;SysSet_Polygon_Box
<LI><a href="#[77]">&gt;&gt;</a>&nbsp;&nbsp;&nbsp;Polygon_Box
<LI><a href="#[76]">&gt;&gt;</a>&nbsp;&nbsp;&nbsp;KEY_COLORBLOCK
</UL>

<P><STRONG><a name="[5d]"></a>LCD_SetPoint</STRONG> (Thumb, 90 bytes, Stack size 12 bytes, lpc177x_8x_lcd.o(.text))
<BR><BR>[Stack]<UL><LI>Max Depth = 12<LI>Call Chain = LCD_SetPoint
</UL>
<BR>[Called By]<UL><LI><a href="#[69]">&gt;&gt;</a>&nbsp;&nbsp;&nbsp;LCD_ShowFontCN_16_Shade
<LI><a href="#[68]">&gt;&gt;</a>&nbsp;&nbsp;&nbsp;LCD_ShowFontCN21
<LI><a href="#[67]">&gt;&gt;</a>&nbsp;&nbsp;&nbsp;LCD_ShowFontCN
<LI><a href="#[66]">&gt;&gt;</a>&nbsp;&nbsp;&nbsp;LCD_ShowFontCN_16
<LI><a href="#[65]">&gt;&gt;</a>&nbsp;&nbsp;&nbsp;LCD_ShowFontCN_40_55
<LI><a href="#[64]">&gt;&gt;</a>&nbsp;&nbsp;&nbsp;lcd_display_coord
<LI><a href="#[61]">&gt;&gt;</a>&nbsp;&nbsp;&nbsp;PutChar_12
<LI><a href="#[60]">&gt;&gt;</a>&nbsp;&nbsp;&nbsp;PutCharShade
<LI><a href="#[5f]">&gt;&gt;</a>&nbsp;&nbsp;&nbsp;PutChar
<LI><a href="#[5e]">&gt;&gt;</a>&nbsp;&nbsp;&nbsp;LCD_DrawLineShade
<LI><a href="#[5c]">&gt;&gt;</a>&nbsp;&nbsp;&nbsp;LCD_DrawLine
<LI><a href="#[4e]">&gt;&gt;</a>&nbsp;&nbsp;&nbsp;Disp_Box
</UL>

<P><STRONG><a name="[5c]"></a>LCD_DrawLine</STRONG> (Thumb, 558 bytes, Stack size 36 bytes, lpc177x_8x_lcd.o(.text))
<BR><BR>[Stack]<UL><LI>Max Depth = 48<LI>Call Chain = LCD_DrawLine &rArr; LCD_SetPoint
</UL>
<BR>[Calls]<UL><LI><a href="#[5d]">&gt;&gt;</a>&nbsp;&nbsp;&nbsp;LCD_SetPoint
</UL>
<BR>[Called By]<UL><LI><a href="#[81]">&gt;&gt;</a>&nbsp;&nbsp;&nbsp;Input_Bar
<LI><a href="#[7c]">&gt;&gt;</a>&nbsp;&nbsp;&nbsp;Draw_LIN5
<LI><a href="#[79]">&gt;&gt;</a>&nbsp;&nbsp;&nbsp;Print_Box
</UL>

<P><STRONG><a name="[5e]"></a>LCD_DrawLineShade</STRONG> (Thumb, 490 bytes, Stack size 56 bytes, lpc177x_8x_lcd.o(.text))
<BR><BR>[Stack]<UL><LI>Max Depth = 68<LI>Call Chain = LCD_DrawLineShade &rArr; LCD_SetPoint
</UL>
<BR>[Calls]<UL><LI><a href="#[5d]">&gt;&gt;</a>&nbsp;&nbsp;&nbsp;LCD_SetPoint
<LI><a href="#[5b]">&gt;&gt;</a>&nbsp;&nbsp;&nbsp;RGBCOLOR
</UL>
<BR>[Called By]<UL><LI><a href="#[80]">&gt;&gt;</a>&nbsp;&nbsp;&nbsp;Num_Key_Thin_Block
<LI><a href="#[7f]">&gt;&gt;</a>&nbsp;&nbsp;&nbsp;Num_Key_Dark_Block
<LI><a href="#[78]">&gt;&gt;</a>&nbsp;&nbsp;&nbsp;SysSet_Polygon_Box
<LI><a href="#[77]">&gt;&gt;</a>&nbsp;&nbsp;&nbsp;Polygon_Box
<LI><a href="#[76]">&gt;&gt;</a>&nbsp;&nbsp;&nbsp;KEY_COLORBLOCK
</UL>

<P><STRONG><a name="[5f]"></a>PutChar</STRONG> (Thumb, 96 bytes, Stack size 56 bytes, lpc177x_8x_lcd.o(.text))
<BR><BR>[Stack]<UL><LI>Max Depth = 80<LI>Call Chain = PutChar &rArr; GetASCIICode &rArr; __aeabi_memcpy
</UL>
<BR>[Calls]<UL><LI><a href="#[38]">&gt;&gt;</a>&nbsp;&nbsp;&nbsp;GetASCIICode
<LI><a href="#[5d]">&gt;&gt;</a>&nbsp;&nbsp;&nbsp;LCD_SetPoint
</UL>
<BR>[Called By]<UL><LI><a href="#[72]">&gt;&gt;</a>&nbsp;&nbsp;&nbsp;WriteString_16
<LI><a href="#[6e]">&gt;&gt;</a>&nbsp;&nbsp;&nbsp;WriteString
<LI><a href="#[63]">&gt;&gt;</a>&nbsp;&nbsp;&nbsp;GUI_Text
</UL>

<P><STRONG><a name="[60]"></a>PutCharShade</STRONG> (Thumb, 240 bytes, Stack size 80 bytes, lpc177x_8x_lcd.o(.text))
<BR><BR>[Stack]<UL><LI>Max Depth = 104<LI>Call Chain = PutCharShade &rArr; GetASCIICode &rArr; __aeabi_memcpy
</UL>
<BR>[Calls]<UL><LI><a href="#[38]">&gt;&gt;</a>&nbsp;&nbsp;&nbsp;GetASCIICode
<LI><a href="#[5d]">&gt;&gt;</a>&nbsp;&nbsp;&nbsp;LCD_SetPoint
<LI><a href="#[5b]">&gt;&gt;</a>&nbsp;&nbsp;&nbsp;RGBCOLOR
</UL>
<BR>[Called By]<UL><LI><a href="#[74]">&gt;&gt;</a>&nbsp;&nbsp;&nbsp;WriteString_16_Shade
<LI><a href="#[70]">&gt;&gt;</a>&nbsp;&nbsp;&nbsp;WriteString21
</UL>

<P><STRONG><a name="[61]"></a>PutChar_12</STRONG> (Thumb, 96 bytes, Stack size 48 bytes, lpc177x_8x_lcd.o(.text), UNUSED)
<BR><BR>[Calls]<UL><LI><a href="#[62]">&gt;&gt;</a>&nbsp;&nbsp;&nbsp;GetASCIICode_12
<LI><a href="#[5d]">&gt;&gt;</a>&nbsp;&nbsp;&nbsp;LCD_SetPoint
</UL>
<BR>[Called By]<UL><LI><a href="#[75]">&gt;&gt;</a>&nbsp;&nbsp;&nbsp;WriteString_12
</UL>

<P><STRONG><a name="[63]"></a>GUI_Text</STRONG> (Thumb, 80 bytes, Stack size 32 bytes, lpc177x_8x_lcd.o(.text), UNUSED)
<BR><BR>[Calls]<UL><LI><a href="#[5f]">&gt;&gt;</a>&nbsp;&nbsp;&nbsp;PutChar
</UL>

<P><STRONG><a name="[64]"></a>lcd_display_coord</STRONG> (Thumb, 294 bytes, Stack size 52 bytes, lpc177x_8x_lcd.o(.text), UNUSED)
<BR><BR>[Calls]<UL><LI><a href="#[5d]">&gt;&gt;</a>&nbsp;&nbsp;&nbsp;LCD_SetPoint
</UL>

<P><STRONG><a name="[71]"></a>findHzIndex21</STRONG> (Thumb, 58 bytes, Stack size 8 bytes, lpc177x_8x_lcd.o(.text))
<BR><BR>[Stack]<UL><LI>Max Depth = 8<LI>Call Chain = findHzIndex21
</UL>
<BR>[Called By]<UL><LI><a href="#[70]">&gt;&gt;</a>&nbsp;&nbsp;&nbsp;WriteString21
</UL>

<P><STRONG><a name="[6f]"></a>findHzIndex</STRONG> (Thumb, 54 bytes, Stack size 8 bytes, lpc177x_8x_lcd.o(.text), UNUSED)
<BR><BR>[Called By]<UL><LI><a href="#[6e]">&gt;&gt;</a>&nbsp;&nbsp;&nbsp;WriteString
</UL>

<P><STRONG><a name="[73]"></a>findHzIndex_16</STRONG> (Thumb, 58 bytes, Stack size 8 bytes, lpc177x_8x_lcd.o(.text))
<BR><BR>[Stack]<UL><LI>Max Depth = 8<LI>Call Chain = findHzIndex_16
</UL>
<BR>[Called By]<UL><LI><a href="#[75]">&gt;&gt;</a>&nbsp;&nbsp;&nbsp;WriteString_12
<LI><a href="#[74]">&gt;&gt;</a>&nbsp;&nbsp;&nbsp;WriteString_16_Shade
<LI><a href="#[72]">&gt;&gt;</a>&nbsp;&nbsp;&nbsp;WriteString_16
</UL>

<P><STRONG><a name="[65]"></a>LCD_ShowFontCN_40_55</STRONG> (Thumb, 134 bytes, Stack size 36 bytes, lpc177x_8x_lcd.o(.text))
<BR><BR>[Stack]<UL><LI>Max Depth = 48<LI>Call Chain = LCD_ShowFontCN_40_55 &rArr; LCD_SetPoint
</UL>
<BR>[Calls]<UL><LI><a href="#[5d]">&gt;&gt;</a>&nbsp;&nbsp;&nbsp;LCD_SetPoint
</UL>
<BR>[Called By]<UL><LI><a href="#[4d]">&gt;&gt;</a>&nbsp;&nbsp;&nbsp;WriteString_Big
<LI><a href="#[51]">&gt;&gt;</a>&nbsp;&nbsp;&nbsp;Disp_R
</UL>

<P><STRONG><a name="[66]"></a>LCD_ShowFontCN_16</STRONG> (Thumb, 228 bytes, Stack size 36 bytes, lpc177x_8x_lcd.o(.text))
<BR><BR>[Stack]<UL><LI>Max Depth = 48<LI>Call Chain = LCD_ShowFontCN_16 &rArr; LCD_SetPoint
</UL>
<BR>[Calls]<UL><LI><a href="#[5d]">&gt;&gt;</a>&nbsp;&nbsp;&nbsp;LCD_SetPoint
</UL>
<BR>[Called By]<UL><LI><a href="#[6d]">&gt;&gt;</a>&nbsp;&nbsp;&nbsp;WriteOneHzChar_16
</UL>

<P><STRONG><a name="[67]"></a>LCD_ShowFontCN</STRONG> (Thumb, 224 bytes, Stack size 36 bytes, lpc177x_8x_lcd.o(.text), UNUSED)
<BR><BR>[Calls]<UL><LI><a href="#[5d]">&gt;&gt;</a>&nbsp;&nbsp;&nbsp;LCD_SetPoint
</UL>
<BR>[Called By]<UL><LI><a href="#[6c]">&gt;&gt;</a>&nbsp;&nbsp;&nbsp;WriteOneHzChar
</UL>

<P><STRONG><a name="[68]"></a>LCD_ShowFontCN21</STRONG> (Thumb, 452 bytes, Stack size 64 bytes, lpc177x_8x_lcd.o(.text))
<BR><BR>[Stack]<UL><LI>Max Depth = 76<LI>Call Chain = LCD_ShowFontCN21 &rArr; LCD_SetPoint
</UL>
<BR>[Calls]<UL><LI><a href="#[5d]">&gt;&gt;</a>&nbsp;&nbsp;&nbsp;LCD_SetPoint
<LI><a href="#[5b]">&gt;&gt;</a>&nbsp;&nbsp;&nbsp;RGBCOLOR
</UL>
<BR>[Called By]<UL><LI><a href="#[6a]">&gt;&gt;</a>&nbsp;&nbsp;&nbsp;WriteOneHzChar21
</UL>

<P><STRONG><a name="[69]"></a>LCD_ShowFontCN_16_Shade</STRONG> (Thumb, 434 bytes, Stack size 64 bytes, lpc177x_8x_lcd.o(.text))
<BR><BR>[Stack]<UL><LI>Max Depth = 76<LI>Call Chain = LCD_ShowFontCN_16_Shade &rArr; LCD_SetPoint
</UL>
<BR>[Calls]<UL><LI><a href="#[5d]">&gt;&gt;</a>&nbsp;&nbsp;&nbsp;LCD_SetPoint
<LI><a href="#[5b]">&gt;&gt;</a>&nbsp;&nbsp;&nbsp;RGBCOLOR
</UL>
<BR>[Called By]<UL><LI><a href="#[6b]">&gt;&gt;</a>&nbsp;&nbsp;&nbsp;WriteOneHzChar_16_Shade
</UL>

<P><STRONG><a name="[6a]"></a>WriteOneHzChar21</STRONG> (Thumb, 42 bytes, Stack size 72 bytes, lpc177x_8x_lcd.o(.text))
<BR><BR>[Stack]<UL><LI>Max Depth = 148<LI>Call Chain = WriteOneHzChar21 &rArr; LCD_ShowFontCN21 &rArr; LCD_SetPoint
</UL>
<BR>[Calls]<UL><LI><a href="#[68]">&gt;&gt;</a>&nbsp;&nbsp;&nbsp;LCD_ShowFontCN21
</UL>
<BR>[Called By]<UL><LI><a href="#[70]">&gt;&gt;</a>&nbsp;&nbsp;&nbsp;WriteString21
</UL>

<P><STRONG><a name="[6b]"></a>WriteOneHzChar_16_Shade</STRONG> (Thumb, 42 bytes, Stack size 72 bytes, lpc177x_8x_lcd.o(.text))
<BR><BR>[Stack]<UL><LI>Max Depth = 148<LI>Call Chain = WriteOneHzChar_16_Shade &rArr; LCD_ShowFontCN_16_Shade &rArr; LCD_SetPoint
</UL>
<BR>[Calls]<UL><LI><a href="#[69]">&gt;&gt;</a>&nbsp;&nbsp;&nbsp;LCD_ShowFontCN_16_Shade
</UL>
<BR>[Called By]<UL><LI><a href="#[74]">&gt;&gt;</a>&nbsp;&nbsp;&nbsp;WriteString_16_Shade
</UL>

<P><STRONG><a name="[6c]"></a>WriteOneHzChar</STRONG> (Thumb, 26 bytes, Stack size 20 bytes, lpc177x_8x_lcd.o(.text), UNUSED)
<BR><BR>[Calls]<UL><LI><a href="#[67]">&gt;&gt;</a>&nbsp;&nbsp;&nbsp;LCD_ShowFontCN
</UL>
<BR>[Called By]<UL><LI><a href="#[6e]">&gt;&gt;</a>&nbsp;&nbsp;&nbsp;WriteString
</UL>

<P><STRONG><a name="[6d]"></a>WriteOneHzChar_16</STRONG> (Thumb, 26 bytes, Stack size 20 bytes, lpc177x_8x_lcd.o(.text))
<BR><BR>[Stack]<UL><LI>Max Depth = 68<LI>Call Chain = WriteOneHzChar_16 &rArr; LCD_ShowFontCN_16 &rArr; LCD_SetPoint
</UL>
<BR>[Calls]<UL><LI><a href="#[66]">&gt;&gt;</a>&nbsp;&nbsp;&nbsp;LCD_ShowFontCN_16
</UL>
<BR>[Called By]<UL><LI><a href="#[75]">&gt;&gt;</a>&nbsp;&nbsp;&nbsp;WriteString_12
<LI><a href="#[72]">&gt;&gt;</a>&nbsp;&nbsp;&nbsp;WriteString_16
</UL>

<P><STRONG><a name="[6e]"></a>WriteString</STRONG> (Thumb, 194 bytes, Stack size 32 bytes, lpc177x_8x_lcd.o(.text), UNUSED)
<BR><BR>[Calls]<UL><LI><a href="#[6c]">&gt;&gt;</a>&nbsp;&nbsp;&nbsp;WriteOneHzChar
<LI><a href="#[6f]">&gt;&gt;</a>&nbsp;&nbsp;&nbsp;findHzIndex
<LI><a href="#[5f]">&gt;&gt;</a>&nbsp;&nbsp;&nbsp;PutChar
</UL>

<P><STRONG><a name="[70]"></a>WriteString21</STRONG> (Thumb, 222 bytes, Stack size 80 bytes, lpc177x_8x_lcd.o(.text))
<BR><BR>[Stack]<UL><LI>Max Depth = 228<LI>Call Chain = WriteString21 &rArr; WriteOneHzChar21 &rArr; LCD_ShowFontCN21 &rArr; LCD_SetPoint
</UL>
<BR>[Calls]<UL><LI><a href="#[6a]">&gt;&gt;</a>&nbsp;&nbsp;&nbsp;WriteOneHzChar21
<LI><a href="#[71]">&gt;&gt;</a>&nbsp;&nbsp;&nbsp;findHzIndex21
<LI><a href="#[60]">&gt;&gt;</a>&nbsp;&nbsp;&nbsp;PutCharShade
</UL>
<BR>[Called By]<UL><LI><a href="#[95]">&gt;&gt;</a>&nbsp;&nbsp;&nbsp;key_enter_pro
<LI><a href="#[88]">&gt;&gt;</a>&nbsp;&nbsp;&nbsp;Disp_Test_Set
<LI><a href="#[87]">&gt;&gt;</a>&nbsp;&nbsp;&nbsp;Disp_Test
<LI><a href="#[85]">&gt;&gt;</a>&nbsp;&nbsp;&nbsp;Disp_Button_Sys
<LI><a href="#[84]">&gt;&gt;</a>&nbsp;&nbsp;&nbsp;Disp_Comp_Row
<LI><a href="#[83]">&gt;&gt;</a>&nbsp;&nbsp;&nbsp;Disp_Test_Row
<LI><a href="#[7e]">&gt;&gt;</a>&nbsp;&nbsp;&nbsp;Disp_UpOrLow_Limit_Word
<LI><a href="#[7a]">&gt;&gt;</a>&nbsp;&nbsp;&nbsp;Disp_Num_Key
</UL>

<P><STRONG><a name="[4d]"></a>WriteString_Big</STRONG> (Thumb, 104 bytes, Stack size 28 bytes, lpc177x_8x_lcd.o(.text))
<BR><BR>[Stack]<UL><LI>Max Depth = 76<LI>Call Chain = WriteString_Big &rArr; LCD_ShowFontCN_40_55 &rArr; LCD_SetPoint
</UL>
<BR>[Calls]<UL><LI><a href="#[65]">&gt;&gt;</a>&nbsp;&nbsp;&nbsp;LCD_ShowFontCN_40_55
</UL>
<BR>[Called By]<UL><LI><a href="#[51]">&gt;&gt;</a>&nbsp;&nbsp;&nbsp;Disp_R
<LI><a href="#[33]">&gt;&gt;</a>&nbsp;&nbsp;&nbsp;main
</UL>

<P><STRONG><a name="[72]"></a>WriteString_16</STRONG> (Thumb, 198 bytes, Stack size 32 bytes, lpc177x_8x_lcd.o(.text))
<BR><BR>[Stack]<UL><LI>Max Depth = 112<LI>Call Chain = WriteString_16 &rArr; PutChar &rArr; GetASCIICode &rArr; __aeabi_memcpy
</UL>
<BR>[Calls]<UL><LI><a href="#[6d]">&gt;&gt;</a>&nbsp;&nbsp;&nbsp;WriteOneHzChar_16
<LI><a href="#[73]">&gt;&gt;</a>&nbsp;&nbsp;&nbsp;findHzIndex_16
<LI><a href="#[5f]">&gt;&gt;</a>&nbsp;&nbsp;&nbsp;PutChar
</UL>
<BR>[Called By]<UL><LI><a href="#[51]">&gt;&gt;</a>&nbsp;&nbsp;&nbsp;Disp_R
</UL>

<P><STRONG><a name="[74]"></a>WriteString_16_Shade</STRONG> (Thumb, 208 bytes, Stack size 80 bytes, lpc177x_8x_lcd.o(.text))
<BR><BR>[Stack]<UL><LI>Max Depth = 228<LI>Call Chain = WriteString_16_Shade &rArr; WriteOneHzChar_16_Shade &rArr; LCD_ShowFontCN_16_Shade &rArr; LCD_SetPoint
</UL>
<BR>[Calls]<UL><LI><a href="#[6b]">&gt;&gt;</a>&nbsp;&nbsp;&nbsp;WriteOneHzChar_16_Shade
<LI><a href="#[73]">&gt;&gt;</a>&nbsp;&nbsp;&nbsp;findHzIndex_16
<LI><a href="#[60]">&gt;&gt;</a>&nbsp;&nbsp;&nbsp;PutCharShade
</UL>
<BR>[Called By]<UL><LI><a href="#[95]">&gt;&gt;</a>&nbsp;&nbsp;&nbsp;key_enter_pro
<LI><a href="#[88]">&gt;&gt;</a>&nbsp;&nbsp;&nbsp;Disp_Test_Set
<LI><a href="#[7d]">&gt;&gt;</a>&nbsp;&nbsp;&nbsp;R_ADJ_Pro1
</UL>

<P><STRONG><a name="[75]"></a>WriteString_12</STRONG> (Thumb, 198 bytes, Stack size 32 bytes, lpc177x_8x_lcd.o(.text), UNUSED)
<BR><BR>[Calls]<UL><LI><a href="#[6d]">&gt;&gt;</a>&nbsp;&nbsp;&nbsp;WriteOneHzChar_16
<LI><a href="#[73]">&gt;&gt;</a>&nbsp;&nbsp;&nbsp;findHzIndex_16
<LI><a href="#[61]">&gt;&gt;</a>&nbsp;&nbsp;&nbsp;PutChar_12
</UL>

<P><STRONG><a name="[89]"></a>Hex_Format</STRONG> (Thumb, 198 bytes, Stack size 20 bytes, lpc177x_8x_lcd.o(.text))
<BR><BR>[Stack]<UL><LI>Max Depth = 20<LI>Call Chain = Hex_Format
</UL>
<BR>[Called By]<UL><LI><a href="#[88]">&gt;&gt;</a>&nbsp;&nbsp;&nbsp;Disp_Test_Set
</UL>

<P><STRONG><a name="[77]"></a>Polygon_Box</STRONG> (Thumb, 380 bytes, Stack size 40 bytes, use_disp.o(.text))
<BR><BR>[Stack]<UL><LI>Max Depth = 116<LI>Call Chain = Polygon_Box &rArr; LCD_DrawRectShade &rArr; RGBCOLOR
</UL>
<BR>[Calls]<UL><LI><a href="#[5e]">&gt;&gt;</a>&nbsp;&nbsp;&nbsp;LCD_DrawLineShade
<LI><a href="#[5a]">&gt;&gt;</a>&nbsp;&nbsp;&nbsp;LCD_DrawRectShade
</UL>
<BR>[Called By]<UL><LI><a href="#[87]">&gt;&gt;</a>&nbsp;&nbsp;&nbsp;Disp_Test
</UL>

<P><STRONG><a name="[78]"></a>SysSet_Polygon_Box</STRONG> (Thumb, 484 bytes, Stack size 40 bytes, use_disp.o(.text), UNUSED)
<BR><BR>[Calls]<UL><LI><a href="#[5e]">&gt;&gt;</a>&nbsp;&nbsp;&nbsp;LCD_DrawLineShade
<LI><a href="#[5a]">&gt;&gt;</a>&nbsp;&nbsp;&nbsp;LCD_DrawRectShade
</UL>

<P><STRONG><a name="[79]"></a>Print_Box</STRONG> (Thumb, 120 bytes, Stack size 32 bytes, use_disp.o(.text))
<BR><BR>[Stack]<UL><LI>Max Depth = 80<LI>Call Chain = Print_Box &rArr; LCD_DrawLine &rArr; LCD_SetPoint
</UL>
<BR>[Calls]<UL><LI><a href="#[5c]">&gt;&gt;</a>&nbsp;&nbsp;&nbsp;LCD_DrawLine
</UL>
<BR>[Called By]<UL><LI><a href="#[4e]">&gt;&gt;</a>&nbsp;&nbsp;&nbsp;Disp_Box
</UL>

<P><STRONG><a name="[4e]"></a>Disp_Box</STRONG> (Thumb, 294 bytes, Stack size 40 bytes, use_disp.o(.text))
<BR><BR>[Stack]<UL><LI>Max Depth = 120<LI>Call Chain = Disp_Box &rArr; Print_Box &rArr; LCD_DrawLine &rArr; LCD_SetPoint
</UL>
<BR>[Calls]<UL><LI><a href="#[79]">&gt;&gt;</a>&nbsp;&nbsp;&nbsp;Print_Box
<LI><a href="#[5d]">&gt;&gt;</a>&nbsp;&nbsp;&nbsp;LCD_SetPoint
</UL>
<BR>[Called By]<UL><LI><a href="#[9c]">&gt;&gt;</a>&nbsp;&nbsp;&nbsp;Key_Pro
<LI><a href="#[9b]">&gt;&gt;</a>&nbsp;&nbsp;&nbsp;Key_Left_Pro
<LI><a href="#[9a]">&gt;&gt;</a>&nbsp;&nbsp;&nbsp;Key_Right_Pro
<LI><a href="#[99]">&gt;&gt;</a>&nbsp;&nbsp;&nbsp;Key_Dw_Pro
<LI><a href="#[98]">&gt;&gt;</a>&nbsp;&nbsp;&nbsp;Key_Up_Pro
<LI><a href="#[97]">&gt;&gt;</a>&nbsp;&nbsp;&nbsp;key_setup_pro
<LI><a href="#[88]">&gt;&gt;</a>&nbsp;&nbsp;&nbsp;Disp_Test_Set
<LI><a href="#[86]">&gt;&gt;</a>&nbsp;&nbsp;&nbsp;Disp_Key_Box
<LI><a href="#[7d]">&gt;&gt;</a>&nbsp;&nbsp;&nbsp;R_ADJ_Pro1
<LI><a href="#[7b]">&gt;&gt;</a>&nbsp;&nbsp;&nbsp;Disp_Num_Keyboard_Box
<LI><a href="#[33]">&gt;&gt;</a>&nbsp;&nbsp;&nbsp;main
</UL>

<P><STRONG><a name="[7a]"></a>Disp_Num_Key</STRONG> (Thumb, 424 bytes, Stack size 40 bytes, use_disp.o(.text), UNUSED)
<BR><BR>[Calls]<UL><LI><a href="#[70]">&gt;&gt;</a>&nbsp;&nbsp;&nbsp;WriteString21
</UL>
<BR>[Called By]<UL><LI><a href="#[82]">&gt;&gt;</a>&nbsp;&nbsp;&nbsp;Num_Keyboard
</UL>

<P><STRONG><a name="[7b]"></a>Disp_Num_Keyboard_Box</STRONG> (Thumb, 856 bytes, Stack size 24 bytes, use_disp.o(.text), UNUSED)
<BR><BR>[Calls]<UL><LI><a href="#[4e]">&gt;&gt;</a>&nbsp;&nbsp;&nbsp;Disp_Box
</UL>
<BR>[Called By]<UL><LI><a href="#[9b]">&gt;&gt;</a>&nbsp;&nbsp;&nbsp;Key_Left_Pro
<LI><a href="#[9a]">&gt;&gt;</a>&nbsp;&nbsp;&nbsp;Key_Right_Pro
<LI><a href="#[99]">&gt;&gt;</a>&nbsp;&nbsp;&nbsp;Key_Dw_Pro
<LI><a href="#[98]">&gt;&gt;</a>&nbsp;&nbsp;&nbsp;Key_Up_Pro
<LI><a href="#[95]">&gt;&gt;</a>&nbsp;&nbsp;&nbsp;key_enter_pro
</UL>

<P><STRONG><a name="[7c]"></a>Draw_LIN5</STRONG> (Thumb, 82 bytes, Stack size 24 bytes, use_disp.o(.text), UNUSED)
<BR><BR>[Calls]<UL><LI><a href="#[5c]">&gt;&gt;</a>&nbsp;&nbsp;&nbsp;LCD_DrawLine
</UL>
<BR>[Called By]<UL><LI><a href="#[7d]">&gt;&gt;</a>&nbsp;&nbsp;&nbsp;R_ADJ_Pro1
</UL>

<P><STRONG><a name="[7d]"></a>R_ADJ_Pro1</STRONG> (Thumb, 2572 bytes, Stack size 32 bytes, use_disp.o(.text), UNUSED)
<BR><BR>[Calls]<UL><LI><a href="#[7c]">&gt;&gt;</a>&nbsp;&nbsp;&nbsp;Draw_LIN5
<LI><a href="#[74]">&gt;&gt;</a>&nbsp;&nbsp;&nbsp;WriteString_16_Shade
<LI><a href="#[4e]">&gt;&gt;</a>&nbsp;&nbsp;&nbsp;Disp_Box
</UL>

<P><STRONG><a name="[7e]"></a>Disp_UpOrLow_Limit_Word</STRONG> (Thumb, 150 bytes, Stack size 24 bytes, use_disp.o(.text), UNUSED)
<BR><BR>[Calls]<UL><LI><a href="#[70]">&gt;&gt;</a>&nbsp;&nbsp;&nbsp;WriteString21
</UL>
<BR>[Called By]<UL><LI><a href="#[82]">&gt;&gt;</a>&nbsp;&nbsp;&nbsp;Num_Keyboard
</UL>

<P><STRONG><a name="[7f]"></a>Num_Key_Dark_Block</STRONG> (Thumb, 256 bytes, Stack size 40 bytes, use_disp.o(.text), UNUSED)
<BR><BR>[Calls]<UL><LI><a href="#[5e]">&gt;&gt;</a>&nbsp;&nbsp;&nbsp;LCD_DrawLineShade
<LI><a href="#[5a]">&gt;&gt;</a>&nbsp;&nbsp;&nbsp;LCD_DrawRectShade
</UL>
<BR>[Called By]<UL><LI><a href="#[82]">&gt;&gt;</a>&nbsp;&nbsp;&nbsp;Num_Keyboard
</UL>

<P><STRONG><a name="[80]"></a>Num_Key_Thin_Block</STRONG> (Thumb, 288 bytes, Stack size 40 bytes, use_disp.o(.text), UNUSED)
<BR><BR>[Calls]<UL><LI><a href="#[5e]">&gt;&gt;</a>&nbsp;&nbsp;&nbsp;LCD_DrawLineShade
<LI><a href="#[5a]">&gt;&gt;</a>&nbsp;&nbsp;&nbsp;LCD_DrawRectShade
</UL>
<BR>[Called By]<UL><LI><a href="#[82]">&gt;&gt;</a>&nbsp;&nbsp;&nbsp;Num_Keyboard
</UL>

<P><STRONG><a name="[81]"></a>Input_Bar</STRONG> (Thumb, 74 bytes, Stack size 24 bytes, use_disp.o(.text), UNUSED)
<BR><BR>[Calls]<UL><LI><a href="#[5c]">&gt;&gt;</a>&nbsp;&nbsp;&nbsp;LCD_DrawLine
<LI><a href="#[5a]">&gt;&gt;</a>&nbsp;&nbsp;&nbsp;LCD_DrawRectShade
</UL>
<BR>[Called By]<UL><LI><a href="#[95]">&gt;&gt;</a>&nbsp;&nbsp;&nbsp;key_enter_pro
<LI><a href="#[82]">&gt;&gt;</a>&nbsp;&nbsp;&nbsp;Num_Keyboard
</UL>

<P><STRONG><a name="[82]"></a>Num_Keyboard</STRONG> (Thumb, 44 bytes, Stack size 8 bytes, use_disp.o(.text), UNUSED)
<BR><BR>[Calls]<UL><LI><a href="#[81]">&gt;&gt;</a>&nbsp;&nbsp;&nbsp;Input_Bar
<LI><a href="#[80]">&gt;&gt;</a>&nbsp;&nbsp;&nbsp;Num_Key_Thin_Block
<LI><a href="#[7f]">&gt;&gt;</a>&nbsp;&nbsp;&nbsp;Num_Key_Dark_Block
<LI><a href="#[7e]">&gt;&gt;</a>&nbsp;&nbsp;&nbsp;Disp_UpOrLow_Limit_Word
<LI><a href="#[7a]">&gt;&gt;</a>&nbsp;&nbsp;&nbsp;Disp_Num_Key
<LI><a href="#[4a]">&gt;&gt;</a>&nbsp;&nbsp;&nbsp;LCD_DrawRect
</UL>
<BR>[Called By]<UL><LI><a href="#[95]">&gt;&gt;</a>&nbsp;&nbsp;&nbsp;key_enter_pro
</UL>

<P><STRONG><a name="[83]"></a>Disp_Test_Row</STRONG> (Thumb, 162 bytes, Stack size 32 bytes, use_disp.o(.text))
<BR><BR>[Stack]<UL><LI>Max Depth = 260<LI>Call Chain = Disp_Test_Row &rArr; WriteString21 &rArr; WriteOneHzChar21 &rArr; LCD_ShowFontCN21 &rArr; LCD_SetPoint
</UL>
<BR>[Calls]<UL><LI><a href="#[70]">&gt;&gt;</a>&nbsp;&nbsp;&nbsp;WriteString21
</UL>
<BR>[Called By]<UL><LI><a href="#[88]">&gt;&gt;</a>&nbsp;&nbsp;&nbsp;Disp_Test_Set
</UL>

<P><STRONG><a name="[84]"></a>Disp_Comp_Row</STRONG> (Thumb, 78 bytes, Stack size 24 bytes, use_disp.o(.text))
<BR><BR>[Stack]<UL><LI>Max Depth = 252<LI>Call Chain = Disp_Comp_Row &rArr; WriteString21 &rArr; WriteOneHzChar21 &rArr; LCD_ShowFontCN21 &rArr; LCD_SetPoint
</UL>
<BR>[Calls]<UL><LI><a href="#[70]">&gt;&gt;</a>&nbsp;&nbsp;&nbsp;WriteString21
</UL>
<BR>[Called By]<UL><LI><a href="#[88]">&gt;&gt;</a>&nbsp;&nbsp;&nbsp;Disp_Test_Set
</UL>

<P><STRONG><a name="[85]"></a>Disp_Button_Sys</STRONG> (Thumb, 104 bytes, Stack size 32 bytes, use_disp.o(.text), UNUSED)
<BR><BR>[Calls]<UL><LI><a href="#[70]">&gt;&gt;</a>&nbsp;&nbsp;&nbsp;WriteString21
</UL>

<P><STRONG><a name="[86]"></a>Disp_Key_Box</STRONG> (Thumb, 304 bytes, Stack size 24 bytes, use_disp.o(.text), UNUSED)
<BR><BR>[Calls]<UL><LI><a href="#[4e]">&gt;&gt;</a>&nbsp;&nbsp;&nbsp;Disp_Box
</UL>

<P><STRONG><a name="[87]"></a>Disp_Test</STRONG> (Thumb, 354 bytes, Stack size 32 bytes, use_disp.o(.text))
<BR><BR>[Stack]<UL><LI>Max Depth = 260<LI>Call Chain = Disp_Test &rArr; WriteString21 &rArr; WriteOneHzChar21 &rArr; LCD_ShowFontCN21 &rArr; LCD_SetPoint
</UL>
<BR>[Calls]<UL><LI><a href="#[77]">&gt;&gt;</a>&nbsp;&nbsp;&nbsp;Polygon_Box
<LI><a href="#[76]">&gt;&gt;</a>&nbsp;&nbsp;&nbsp;KEY_COLORBLOCK
<LI><a href="#[70]">&gt;&gt;</a>&nbsp;&nbsp;&nbsp;WriteString21
</UL>
<BR>[Called By]<UL><LI><a href="#[95]">&gt;&gt;</a>&nbsp;&nbsp;&nbsp;key_enter_pro
<LI><a href="#[55]">&gt;&gt;</a>&nbsp;&nbsp;&nbsp;Resist_Test
</UL>

<P><STRONG><a name="[88]"></a>Disp_Test_Set</STRONG> (Thumb, 2140 bytes, Stack size 40 bytes, use_disp.o(.text))
<BR><BR>[Stack]<UL><LI>Max Depth = 300<LI>Call Chain = Disp_Test_Set &rArr; Disp_Test_Row &rArr; WriteString21 &rArr; WriteOneHzChar21 &rArr; LCD_ShowFontCN21 &rArr; LCD_SetPoint
</UL>
<BR>[Calls]<UL><LI><a href="#[84]">&gt;&gt;</a>&nbsp;&nbsp;&nbsp;Disp_Comp_Row
<LI><a href="#[83]">&gt;&gt;</a>&nbsp;&nbsp;&nbsp;Disp_Test_Row
<LI><a href="#[76]">&gt;&gt;</a>&nbsp;&nbsp;&nbsp;KEY_COLORBLOCK
<LI><a href="#[89]">&gt;&gt;</a>&nbsp;&nbsp;&nbsp;Hex_Format
<LI><a href="#[74]">&gt;&gt;</a>&nbsp;&nbsp;&nbsp;WriteString_16_Shade
<LI><a href="#[70]">&gt;&gt;</a>&nbsp;&nbsp;&nbsp;WriteString21
<LI><a href="#[4e]">&gt;&gt;</a>&nbsp;&nbsp;&nbsp;Disp_Box
</UL>
<BR>[Called By]<UL><LI><a href="#[55]">&gt;&gt;</a>&nbsp;&nbsp;&nbsp;Resist_Test
</UL>

<P><STRONG><a name="[fa]"></a>lcd_image</STRONG> (Thumb, 44 bytes, Stack size 12 bytes, use_disp.o(.text), UNUSED)

<P><STRONG><a name="[8a]"></a>Savetoeeprom</STRONG> (Thumb, 488 bytes, Stack size 16 bytes, use_disp.o(.text))
<BR><BR>[Stack]<UL><LI>Max Depth = 36<LI>Call Chain = Savetoeeprom &rArr; EEPROM_Write
</UL>
<BR>[Calls]<UL><LI><a href="#[8c]">&gt;&gt;</a>&nbsp;&nbsp;&nbsp;EEPROM_Write
<LI><a href="#[8b]">&gt;&gt;</a>&nbsp;&nbsp;&nbsp;__aeabi_memcpy4
</UL>
<BR>[Called By]<UL><LI><a href="#[9c]">&gt;&gt;</a>&nbsp;&nbsp;&nbsp;Key_Pro
<LI><a href="#[95]">&gt;&gt;</a>&nbsp;&nbsp;&nbsp;key_enter_pro
<LI><a href="#[53]">&gt;&gt;</a>&nbsp;&nbsp;&nbsp;do232
</UL>

<P><STRONG><a name="[8d]"></a>ReadSavedata</STRONG> (Thumb, 756 bytes, Stack size 16 bytes, use_disp.o(.text))
<BR><BR>[Stack]<UL><LI>Max Depth = 36<LI>Call Chain = ReadSavedata &rArr; EEPROM_Read
</UL>
<BR>[Calls]<UL><LI><a href="#[8e]">&gt;&gt;</a>&nbsp;&nbsp;&nbsp;EEPROM_Read
<LI><a href="#[8b]">&gt;&gt;</a>&nbsp;&nbsp;&nbsp;__aeabi_memcpy4
</UL>
<BR>[Called By]<UL><LI><a href="#[4c]">&gt;&gt;</a>&nbsp;&nbsp;&nbsp;Power_Process
</UL>

<P><STRONG><a name="[8f]"></a>GPIO_Key_Configuration</STRONG> (Thumb, 48 bytes, Stack size 8 bytes, key.o(.text))
<BR><BR>[Stack]<UL><LI>Max Depth = 32<LI>Call Chain = GPIO_Key_Configuration &rArr; GPIO_SetDir
</UL>
<BR>[Calls]<UL><LI><a href="#[90]">&gt;&gt;</a>&nbsp;&nbsp;&nbsp;GPIO_SetDir
</UL>
<BR>[Called By]<UL><LI><a href="#[42]">&gt;&gt;</a>&nbsp;&nbsp;&nbsp;HW_keyInt
</UL>

<P><STRONG><a name="[93]"></a>k_164Delaay</STRONG> (Thumb, 14 bytes, Stack size 0 bytes, key.o(.text))
<BR><BR>[Called By]<UL><LI><a href="#[49]">&gt;&gt;</a>&nbsp;&nbsp;&nbsp;HW_Sendvalueto164
</UL>

<P><STRONG><a name="[49]"></a>HW_Sendvalueto164</STRONG> (Thumb, 84 bytes, Stack size 16 bytes, key.o(.text))
<BR><BR>[Stack]<UL><LI>Max Depth = 32<LI>Call Chain = HW_Sendvalueto164 &rArr; GPIO_SetValue
</UL>
<BR>[Calls]<UL><LI><a href="#[93]">&gt;&gt;</a>&nbsp;&nbsp;&nbsp;k_164Delaay
<LI><a href="#[92]">&gt;&gt;</a>&nbsp;&nbsp;&nbsp;GPIO_SetValue
<LI><a href="#[91]">&gt;&gt;</a>&nbsp;&nbsp;&nbsp;GPIO_ClearValue
</UL>
<BR>[Called By]<UL><LI><a href="#[42]">&gt;&gt;</a>&nbsp;&nbsp;&nbsp;HW_keyInt
<LI><a href="#[54]">&gt;&gt;</a>&nbsp;&nbsp;&nbsp;HW_KeyScsn
<LI><a href="#[33]">&gt;&gt;</a>&nbsp;&nbsp;&nbsp;main
</UL>

<P><STRONG><a name="[42]"></a>HW_keyInt</STRONG> (Thumb, 14 bytes, Stack size 8 bytes, key.o(.text))
<BR><BR>[Stack]<UL><LI>Max Depth = 40<LI>Call Chain = HW_keyInt &rArr; GPIO_Key_Configuration &rArr; GPIO_SetDir
</UL>
<BR>[Calls]<UL><LI><a href="#[8f]">&gt;&gt;</a>&nbsp;&nbsp;&nbsp;GPIO_Key_Configuration
<LI><a href="#[49]">&gt;&gt;</a>&nbsp;&nbsp;&nbsp;HW_Sendvalueto164
</UL>
<BR>[Called By]<UL><LI><a href="#[33]">&gt;&gt;</a>&nbsp;&nbsp;&nbsp;main
</UL>

<P><STRONG><a name="[94]"></a>dyk</STRONG> (Thumb, 14 bytes, Stack size 0 bytes, key.o(.text))
<BR><BR>[Called By]<UL><LI><a href="#[54]">&gt;&gt;</a>&nbsp;&nbsp;&nbsp;HW_KeyScsn
</UL>

<P><STRONG><a name="[54]"></a>HW_KeyScsn</STRONG> (Thumb, 158 bytes, Stack size 24 bytes, key.o(.text))
<BR><BR>[Stack]<UL><LI>Max Depth = 56<LI>Call Chain = HW_KeyScsn &rArr; HW_Sendvalueto164 &rArr; GPIO_SetValue
</UL>
<BR>[Calls]<UL><LI><a href="#[94]">&gt;&gt;</a>&nbsp;&nbsp;&nbsp;dyk
<LI><a href="#[92]">&gt;&gt;</a>&nbsp;&nbsp;&nbsp;GPIO_SetValue
<LI><a href="#[91]">&gt;&gt;</a>&nbsp;&nbsp;&nbsp;GPIO_ClearValue
<LI><a href="#[49]">&gt;&gt;</a>&nbsp;&nbsp;&nbsp;HW_Sendvalueto164
<LI><a href="#[4f]">&gt;&gt;</a>&nbsp;&nbsp;&nbsp;GPIO_ReadValue
</UL>
<BR>[Called By]<UL><LI><a href="#[56]">&gt;&gt;</a>&nbsp;&nbsp;&nbsp;Delay_Key
<LI><a href="#[33]">&gt;&gt;</a>&nbsp;&nbsp;&nbsp;main
</UL>

<P><STRONG><a name="[56]"></a>Delay_Key</STRONG> (Thumb, 28 bytes, Stack size 8 bytes, key.o(.text))
<BR><BR>[Stack]<UL><LI>Max Depth = 64<LI>Call Chain = Delay_Key &rArr; HW_KeyScsn &rArr; HW_Sendvalueto164 &rArr; GPIO_SetValue
</UL>
<BR>[Calls]<UL><LI><a href="#[54]">&gt;&gt;</a>&nbsp;&nbsp;&nbsp;HW_KeyScsn
</UL>
<BR>[Called By]<UL><LI><a href="#[33]">&gt;&gt;</a>&nbsp;&nbsp;&nbsp;main
</UL>

<P><STRONG><a name="[46]"></a>BUZZER</STRONG> (Thumb, 40 bytes, Stack size 8 bytes, key.o(.text))
<BR><BR>[Stack]<UL><LI>Max Depth = 32<LI>Call Chain = BUZZER &rArr; GPIO_SetDir
</UL>
<BR>[Calls]<UL><LI><a href="#[92]">&gt;&gt;</a>&nbsp;&nbsp;&nbsp;GPIO_SetValue
<LI><a href="#[90]">&gt;&gt;</a>&nbsp;&nbsp;&nbsp;GPIO_SetDir
<LI><a href="#[91]">&gt;&gt;</a>&nbsp;&nbsp;&nbsp;GPIO_ClearValue
<LI><a href="#[4b]">&gt;&gt;</a>&nbsp;&nbsp;&nbsp;Delay
</UL>
<BR>[Called By]<UL><LI><a href="#[33]">&gt;&gt;</a>&nbsp;&nbsp;&nbsp;main
</UL>

<P><STRONG><a name="[95]"></a>key_enter_pro</STRONG> (Thumb, 2482 bytes, Stack size 24 bytes, key.o(.text), UNUSED)
<BR><BR>[Calls]<UL><LI><a href="#[8a]">&gt;&gt;</a>&nbsp;&nbsp;&nbsp;Savetoeeprom
<LI><a href="#[87]">&gt;&gt;</a>&nbsp;&nbsp;&nbsp;Disp_Test
<LI><a href="#[82]">&gt;&gt;</a>&nbsp;&nbsp;&nbsp;Num_Keyboard
<LI><a href="#[81]">&gt;&gt;</a>&nbsp;&nbsp;&nbsp;Input_Bar
<LI><a href="#[7b]">&gt;&gt;</a>&nbsp;&nbsp;&nbsp;Disp_Num_Keyboard_Box
<LI><a href="#[74]">&gt;&gt;</a>&nbsp;&nbsp;&nbsp;WriteString_16_Shade
<LI><a href="#[70]">&gt;&gt;</a>&nbsp;&nbsp;&nbsp;WriteString21
<LI><a href="#[96]">&gt;&gt;</a>&nbsp;&nbsp;&nbsp;lcd_Clear
</UL>
<BR>[Called By]<UL><LI><a href="#[9c]">&gt;&gt;</a>&nbsp;&nbsp;&nbsp;Key_Pro
</UL>

<P><STRONG><a name="[97]"></a>key_setup_pro</STRONG> (Thumb, 342 bytes, Stack size 24 bytes, key.o(.text), UNUSED)
<BR><BR>[Calls]<UL><LI><a href="#[4e]">&gt;&gt;</a>&nbsp;&nbsp;&nbsp;Disp_Box
</UL>
<BR>[Called By]<UL><LI><a href="#[9c]">&gt;&gt;</a>&nbsp;&nbsp;&nbsp;Key_Pro
</UL>

<P><STRONG><a name="[98]"></a>Key_Up_Pro</STRONG> (Thumb, 914 bytes, Stack size 16 bytes, key.o(.text), UNUSED)
<BR><BR>[Calls]<UL><LI><a href="#[7b]">&gt;&gt;</a>&nbsp;&nbsp;&nbsp;Disp_Num_Keyboard_Box
<LI><a href="#[4e]">&gt;&gt;</a>&nbsp;&nbsp;&nbsp;Disp_Box
</UL>
<BR>[Called By]<UL><LI><a href="#[9c]">&gt;&gt;</a>&nbsp;&nbsp;&nbsp;Key_Pro
</UL>

<P><STRONG><a name="[99]"></a>Key_Dw_Pro</STRONG> (Thumb, 904 bytes, Stack size 16 bytes, key.o(.text), UNUSED)
<BR><BR>[Calls]<UL><LI><a href="#[7b]">&gt;&gt;</a>&nbsp;&nbsp;&nbsp;Disp_Num_Keyboard_Box
<LI><a href="#[4e]">&gt;&gt;</a>&nbsp;&nbsp;&nbsp;Disp_Box
</UL>
<BR>[Called By]<UL><LI><a href="#[9c]">&gt;&gt;</a>&nbsp;&nbsp;&nbsp;Key_Pro
</UL>

<P><STRONG><a name="[9a]"></a>Key_Right_Pro</STRONG> (Thumb, 284 bytes, Stack size 16 bytes, key.o(.text), UNUSED)
<BR><BR>[Calls]<UL><LI><a href="#[7b]">&gt;&gt;</a>&nbsp;&nbsp;&nbsp;Disp_Num_Keyboard_Box
<LI><a href="#[4e]">&gt;&gt;</a>&nbsp;&nbsp;&nbsp;Disp_Box
</UL>
<BR>[Called By]<UL><LI><a href="#[9c]">&gt;&gt;</a>&nbsp;&nbsp;&nbsp;Key_Pro
</UL>

<P><STRONG><a name="[9b]"></a>Key_Left_Pro</STRONG> (Thumb, 302 bytes, Stack size 16 bytes, key.o(.text), UNUSED)
<BR><BR>[Calls]<UL><LI><a href="#[7b]">&gt;&gt;</a>&nbsp;&nbsp;&nbsp;Disp_Num_Keyboard_Box
<LI><a href="#[4e]">&gt;&gt;</a>&nbsp;&nbsp;&nbsp;Disp_Box
</UL>
<BR>[Called By]<UL><LI><a href="#[9c]">&gt;&gt;</a>&nbsp;&nbsp;&nbsp;Key_Pro
</UL>

<P><STRONG><a name="[9c]"></a>Key_Pro</STRONG> (Thumb, 366 bytes, Stack size 32 bytes, key.o(.text), UNUSED)
<BR><BR>[Calls]<UL><LI><a href="#[9b]">&gt;&gt;</a>&nbsp;&nbsp;&nbsp;Key_Left_Pro
<LI><a href="#[9a]">&gt;&gt;</a>&nbsp;&nbsp;&nbsp;Key_Right_Pro
<LI><a href="#[99]">&gt;&gt;</a>&nbsp;&nbsp;&nbsp;Key_Dw_Pro
<LI><a href="#[98]">&gt;&gt;</a>&nbsp;&nbsp;&nbsp;Key_Up_Pro
<LI><a href="#[97]">&gt;&gt;</a>&nbsp;&nbsp;&nbsp;key_setup_pro
<LI><a href="#[95]">&gt;&gt;</a>&nbsp;&nbsp;&nbsp;key_enter_pro
<LI><a href="#[8a]">&gt;&gt;</a>&nbsp;&nbsp;&nbsp;Savetoeeprom
<LI><a href="#[96]">&gt;&gt;</a>&nbsp;&nbsp;&nbsp;lcd_Clear
<LI><a href="#[4e]">&gt;&gt;</a>&nbsp;&nbsp;&nbsp;Disp_Box
</UL>

<P><STRONG><a name="[9d]"></a>GPIO_5463_Configuration</STRONG> (Thumb, 66 bytes, Stack size 8 bytes, test.o(.text))
<BR><BR>[Stack]<UL><LI>Max Depth = 32<LI>Call Chain = GPIO_5463_Configuration &rArr; GPIO_SetDir
</UL>
<BR>[Calls]<UL><LI><a href="#[90]">&gt;&gt;</a>&nbsp;&nbsp;&nbsp;GPIO_SetDir
</UL>
<BR>[Called By]<UL><LI><a href="#[4c]">&gt;&gt;</a>&nbsp;&nbsp;&nbsp;Power_Process
</UL>

<P><STRONG><a name="[9f]"></a>dly10</STRONG> (Thumb, 16 bytes, Stack size 0 bytes, test.o(.text))
<BR><BR>[Called By]<UL><LI><a href="#[a4]">&gt;&gt;</a>&nbsp;&nbsp;&nbsp;init_5463
<LI><a href="#[a1]">&gt;&gt;</a>&nbsp;&nbsp;&nbsp;ww5463
<LI><a href="#[a0]">&gt;&gt;</a>&nbsp;&nbsp;&nbsp;rr5463
<LI><a href="#[9e]">&gt;&gt;</a>&nbsp;&nbsp;&nbsp;w5463
</UL>

<P><STRONG><a name="[9e]"></a>w5463</STRONG> (Thumb, 88 bytes, Stack size 16 bytes, test.o(.text))
<BR><BR>[Stack]<UL><LI>Max Depth = 32<LI>Call Chain = w5463 &rArr; GPIO_SetValue
</UL>
<BR>[Calls]<UL><LI><a href="#[9f]">&gt;&gt;</a>&nbsp;&nbsp;&nbsp;dly10
<LI><a href="#[92]">&gt;&gt;</a>&nbsp;&nbsp;&nbsp;GPIO_SetValue
<LI><a href="#[91]">&gt;&gt;</a>&nbsp;&nbsp;&nbsp;GPIO_ClearValue
</UL>
<BR>[Called By]<UL><LI><a href="#[a4]">&gt;&gt;</a>&nbsp;&nbsp;&nbsp;init_5463
<LI><a href="#[a1]">&gt;&gt;</a>&nbsp;&nbsp;&nbsp;ww5463
<LI><a href="#[a0]">&gt;&gt;</a>&nbsp;&nbsp;&nbsp;rr5463
</UL>

<P><STRONG><a name="[a0]"></a>rr5463</STRONG> (Thumb, 120 bytes, Stack size 24 bytes, test.o(.text), UNUSED)
<BR><BR>[Calls]<UL><LI><a href="#[9e]">&gt;&gt;</a>&nbsp;&nbsp;&nbsp;w5463
<LI><a href="#[9f]">&gt;&gt;</a>&nbsp;&nbsp;&nbsp;dly10
<LI><a href="#[92]">&gt;&gt;</a>&nbsp;&nbsp;&nbsp;GPIO_SetValue
<LI><a href="#[91]">&gt;&gt;</a>&nbsp;&nbsp;&nbsp;GPIO_ClearValue
<LI><a href="#[4f]">&gt;&gt;</a>&nbsp;&nbsp;&nbsp;GPIO_ReadValue
</UL>

<P><STRONG><a name="[a1]"></a>ww5463</STRONG> (Thumb, 48 bytes, Stack size 8 bytes, test.o(.text))
<BR><BR>[Stack]<UL><LI>Max Depth = 40<LI>Call Chain = ww5463 &rArr; w5463 &rArr; GPIO_SetValue
</UL>
<BR>[Calls]<UL><LI><a href="#[9e]">&gt;&gt;</a>&nbsp;&nbsp;&nbsp;w5463
<LI><a href="#[9f]">&gt;&gt;</a>&nbsp;&nbsp;&nbsp;dly10
<LI><a href="#[91]">&gt;&gt;</a>&nbsp;&nbsp;&nbsp;GPIO_ClearValue
</UL>
<BR>[Called By]<UL><LI><a href="#[a4]">&gt;&gt;</a>&nbsp;&nbsp;&nbsp;init_5463
<LI><a href="#[a3]">&gt;&gt;</a>&nbsp;&nbsp;&nbsp;clr_stat
<LI><a href="#[a2]">&gt;&gt;</a>&nbsp;&nbsp;&nbsp;synp
</UL>

<P><STRONG><a name="[a2]"></a>synp</STRONG> (Thumb, 22 bytes, Stack size 8 bytes, test.o(.text))
<BR><BR>[Stack]<UL><LI>Max Depth = 48<LI>Call Chain = synp &rArr; ww5463 &rArr; w5463 &rArr; GPIO_SetValue
</UL>
<BR>[Calls]<UL><LI><a href="#[a1]">&gt;&gt;</a>&nbsp;&nbsp;&nbsp;ww5463
</UL>
<BR>[Called By]<UL><LI><a href="#[a4]">&gt;&gt;</a>&nbsp;&nbsp;&nbsp;init_5463
</UL>

<P><STRONG><a name="[a3]"></a>clr_stat</STRONG> (Thumb, 22 bytes, Stack size 8 bytes, test.o(.text))
<BR><BR>[Stack]<UL><LI>Max Depth = 48<LI>Call Chain = clr_stat &rArr; ww5463 &rArr; w5463 &rArr; GPIO_SetValue
</UL>
<BR>[Calls]<UL><LI><a href="#[a1]">&gt;&gt;</a>&nbsp;&nbsp;&nbsp;ww5463
</UL>
<BR>[Called By]<UL><LI><a href="#[a4]">&gt;&gt;</a>&nbsp;&nbsp;&nbsp;init_5463
</UL>

<P><STRONG><a name="[a4]"></a>init_5463</STRONG> (Thumb, 252 bytes, Stack size 8 bytes, test.o(.text))
<BR><BR>[Stack]<UL><LI>Max Depth = 56<LI>Call Chain = init_5463 &rArr; clr_stat &rArr; ww5463 &rArr; w5463 &rArr; GPIO_SetValue
</UL>
<BR>[Calls]<UL><LI><a href="#[a3]">&gt;&gt;</a>&nbsp;&nbsp;&nbsp;clr_stat
<LI><a href="#[a2]">&gt;&gt;</a>&nbsp;&nbsp;&nbsp;synp
<LI><a href="#[a1]">&gt;&gt;</a>&nbsp;&nbsp;&nbsp;ww5463
<LI><a href="#[9e]">&gt;&gt;</a>&nbsp;&nbsp;&nbsp;w5463
<LI><a href="#[9f]">&gt;&gt;</a>&nbsp;&nbsp;&nbsp;dly10
<LI><a href="#[92]">&gt;&gt;</a>&nbsp;&nbsp;&nbsp;GPIO_SetValue
<LI><a href="#[91]">&gt;&gt;</a>&nbsp;&nbsp;&nbsp;GPIO_ClearValue
</UL>
<BR>[Called By]<UL><LI><a href="#[4c]">&gt;&gt;</a>&nbsp;&nbsp;&nbsp;Power_Process
</UL>

<P><STRONG><a name="[50]"></a>read5463</STRONG> (Thumb, 34 bytes, Stack size 8 bytes, test.o(.text))
<BR><BR>[Stack]<UL><LI>Max Depth = 24<LI>Call Chain = read5463 &rArr; GPIO_SetValue
</UL>
<BR>[Calls]<UL><LI><a href="#[92]">&gt;&gt;</a>&nbsp;&nbsp;&nbsp;GPIO_SetValue
<LI><a href="#[91]">&gt;&gt;</a>&nbsp;&nbsp;&nbsp;GPIO_ClearValue
</UL>
<BR>[Called By]<UL><LI><a href="#[33]">&gt;&gt;</a>&nbsp;&nbsp;&nbsp;main
</UL>

<P><STRONG><a name="[4c]"></a>Power_Process</STRONG> (Thumb, 26 bytes, Stack size 8 bytes, test.o(.text))
<BR><BR>[Stack]<UL><LI>Max Depth = 64<LI>Call Chain = Power_Process &rArr; init_5463 &rArr; clr_stat &rArr; ww5463 &rArr; w5463 &rArr; GPIO_SetValue
</UL>
<BR>[Calls]<UL><LI><a href="#[a5]">&gt;&gt;</a>&nbsp;&nbsp;&nbsp;EEPROM_Init
<LI><a href="#[a4]">&gt;&gt;</a>&nbsp;&nbsp;&nbsp;init_5463
<LI><a href="#[9d]">&gt;&gt;</a>&nbsp;&nbsp;&nbsp;GPIO_5463_Configuration
<LI><a href="#[8d]">&gt;&gt;</a>&nbsp;&nbsp;&nbsp;ReadSavedata
</UL>
<BR>[Called By]<UL><LI><a href="#[33]">&gt;&gt;</a>&nbsp;&nbsp;&nbsp;main
</UL>

<P><STRONG><a name="[51]"></a>Disp_R</STRONG> (Thumb, 1316 bytes, Stack size 24 bytes, test.o(.text))
<BR><BR>[Stack]<UL><LI>Max Depth = 136<LI>Call Chain = Disp_R &rArr; WriteString_16 &rArr; PutChar &rArr; GetASCIICode &rArr; __aeabi_memcpy
</UL>
<BR>[Calls]<UL><LI><a href="#[72]">&gt;&gt;</a>&nbsp;&nbsp;&nbsp;WriteString_16
<LI><a href="#[65]">&gt;&gt;</a>&nbsp;&nbsp;&nbsp;LCD_ShowFontCN_40_55
<LI><a href="#[4d]">&gt;&gt;</a>&nbsp;&nbsp;&nbsp;WriteString_Big
</UL>
<BR>[Called By]<UL><LI><a href="#[33]">&gt;&gt;</a>&nbsp;&nbsp;&nbsp;main
</UL>

<P><STRONG><a name="[55]"></a>Resist_Test</STRONG> (Thumb, 16 bytes, Stack size 8 bytes, test.o(.text))
<BR><BR>[Stack]<UL><LI>Max Depth = 308<LI>Call Chain = Resist_Test &rArr; Disp_Test_Set &rArr; Disp_Test_Row &rArr; WriteString21 &rArr; WriteOneHzChar21 &rArr; LCD_ShowFontCN21 &rArr; LCD_SetPoint
</UL>
<BR>[Calls]<UL><LI><a href="#[88]">&gt;&gt;</a>&nbsp;&nbsp;&nbsp;Disp_Test_Set
<LI><a href="#[87]">&gt;&gt;</a>&nbsp;&nbsp;&nbsp;Disp_Test
</UL>
<BR>[Called By]<UL><LI><a href="#[33]">&gt;&gt;</a>&nbsp;&nbsp;&nbsp;main
</UL>

<P><STRONG><a name="[a6]"></a>EMC_GPIO_Init</STRONG> (Thumb, 286 bytes, Stack size 0 bytes, ex_sdram.o(.text))
<BR><BR>[Called By]<UL><LI><a href="#[45]">&gt;&gt;</a>&nbsp;&nbsp;&nbsp;SDRAM_Init
</UL>

<P><STRONG><a name="[45]"></a>SDRAM_Init</STRONG> (Thumb, 326 bytes, Stack size 24 bytes, ex_sdram.o(.text))
<BR><BR>[Stack]<UL><LI>Max Depth = 24<LI>Call Chain = SDRAM_Init
</UL>
<BR>[Calls]<UL><LI><a href="#[a6]">&gt;&gt;</a>&nbsp;&nbsp;&nbsp;EMC_GPIO_Init
<LI><a href="#[a7]">&gt;&gt;</a>&nbsp;&nbsp;&nbsp;delayMs
</UL>
<BR>[Called By]<UL><LI><a href="#[33]">&gt;&gt;</a>&nbsp;&nbsp;&nbsp;main
</UL>

<P><STRONG><a name="[3b]"></a>SystemCoreClockUpdate</STRONG> (Thumb, 672 bytes, Stack size 0 bytes, system_lpc177x_8x.o(.text), UNUSED)
<BR><BR>[Called By]<UL><LI><a href="#[3a]">&gt;&gt;</a>&nbsp;&nbsp;&nbsp;CLKPWR_SetCLKDiv
</UL>

<P><STRONG><a name="[34]"></a>SystemInit</STRONG> (Thumb, 190 bytes, Stack size 0 bytes, system_lpc177x_8x.o(.text))
<BR>[Address Reference Count : 1]<UL><LI> startup_lpc177x_8x.o(.text)
</UL>
<P><STRONG><a name="[90]"></a>GPIO_SetDir</STRONG> (Thumb, 40 bytes, Stack size 24 bytes, lpc177x_8x_gpio.o(.text))
<BR><BR>[Stack]<UL><LI>Max Depth = 24<LI>Call Chain = GPIO_SetDir
</UL>
<BR>[Calls]<UL><LI><a href="#[a8]">&gt;&gt;</a>&nbsp;&nbsp;&nbsp;GPIO_GetPointer
</UL>
<BR>[Called By]<UL><LI><a href="#[aa]">&gt;&gt;</a>&nbsp;&nbsp;&nbsp;FIO_SetDir
<LI><a href="#[9d]">&gt;&gt;</a>&nbsp;&nbsp;&nbsp;GPIO_5463_Configuration
<LI><a href="#[8f]">&gt;&gt;</a>&nbsp;&nbsp;&nbsp;GPIO_Key_Configuration
<LI><a href="#[46]">&gt;&gt;</a>&nbsp;&nbsp;&nbsp;BUZZER
</UL>

<P><STRONG><a name="[92]"></a>GPIO_SetValue</STRONG> (Thumb, 20 bytes, Stack size 16 bytes, lpc177x_8x_gpio.o(.text))
<BR><BR>[Stack]<UL><LI>Max Depth = 16<LI>Call Chain = GPIO_SetValue
</UL>
<BR>[Calls]<UL><LI><a href="#[a8]">&gt;&gt;</a>&nbsp;&nbsp;&nbsp;GPIO_GetPointer
</UL>
<BR>[Called By]<UL><LI><a href="#[ab]">&gt;&gt;</a>&nbsp;&nbsp;&nbsp;FIO_SetValue
<LI><a href="#[a9]">&gt;&gt;</a>&nbsp;&nbsp;&nbsp;GPIO_OutputValue
<LI><a href="#[a4]">&gt;&gt;</a>&nbsp;&nbsp;&nbsp;init_5463
<LI><a href="#[a0]">&gt;&gt;</a>&nbsp;&nbsp;&nbsp;rr5463
<LI><a href="#[9e]">&gt;&gt;</a>&nbsp;&nbsp;&nbsp;w5463
<LI><a href="#[50]">&gt;&gt;</a>&nbsp;&nbsp;&nbsp;read5463
<LI><a href="#[49]">&gt;&gt;</a>&nbsp;&nbsp;&nbsp;HW_Sendvalueto164
<LI><a href="#[54]">&gt;&gt;</a>&nbsp;&nbsp;&nbsp;HW_KeyScsn
<LI><a href="#[46]">&gt;&gt;</a>&nbsp;&nbsp;&nbsp;BUZZER
</UL>

<P><STRONG><a name="[91]"></a>GPIO_ClearValue</STRONG> (Thumb, 20 bytes, Stack size 16 bytes, lpc177x_8x_gpio.o(.text))
<BR><BR>[Stack]<UL><LI>Max Depth = 16<LI>Call Chain = GPIO_ClearValue
</UL>
<BR>[Calls]<UL><LI><a href="#[a8]">&gt;&gt;</a>&nbsp;&nbsp;&nbsp;GPIO_GetPointer
</UL>
<BR>[Called By]<UL><LI><a href="#[ac]">&gt;&gt;</a>&nbsp;&nbsp;&nbsp;FIO_ClearValue
<LI><a href="#[a9]">&gt;&gt;</a>&nbsp;&nbsp;&nbsp;GPIO_OutputValue
<LI><a href="#[a4]">&gt;&gt;</a>&nbsp;&nbsp;&nbsp;init_5463
<LI><a href="#[a1]">&gt;&gt;</a>&nbsp;&nbsp;&nbsp;ww5463
<LI><a href="#[a0]">&gt;&gt;</a>&nbsp;&nbsp;&nbsp;rr5463
<LI><a href="#[9e]">&gt;&gt;</a>&nbsp;&nbsp;&nbsp;w5463
<LI><a href="#[50]">&gt;&gt;</a>&nbsp;&nbsp;&nbsp;read5463
<LI><a href="#[49]">&gt;&gt;</a>&nbsp;&nbsp;&nbsp;HW_Sendvalueto164
<LI><a href="#[54]">&gt;&gt;</a>&nbsp;&nbsp;&nbsp;HW_KeyScsn
<LI><a href="#[46]">&gt;&gt;</a>&nbsp;&nbsp;&nbsp;BUZZER
</UL>

<P><STRONG><a name="[a9]"></a>GPIO_OutputValue</STRONG> (Thumb, 30 bytes, Stack size 16 bytes, lpc177x_8x_gpio.o(.text), UNUSED)
<BR><BR>[Calls]<UL><LI><a href="#[92]">&gt;&gt;</a>&nbsp;&nbsp;&nbsp;GPIO_SetValue
<LI><a href="#[91]">&gt;&gt;</a>&nbsp;&nbsp;&nbsp;GPIO_ClearValue
</UL>

<P><STRONG><a name="[4f]"></a>GPIO_ReadValue</STRONG> (Thumb, 22 bytes, Stack size 16 bytes, lpc177x_8x_gpio.o(.text))
<BR><BR>[Stack]<UL><LI>Max Depth = 16<LI>Call Chain = GPIO_ReadValue
</UL>
<BR>[Calls]<UL><LI><a href="#[a8]">&gt;&gt;</a>&nbsp;&nbsp;&nbsp;GPIO_GetPointer
</UL>
<BR>[Called By]<UL><LI><a href="#[ad]">&gt;&gt;</a>&nbsp;&nbsp;&nbsp;FIO_ReadValue
<LI><a href="#[a0]">&gt;&gt;</a>&nbsp;&nbsp;&nbsp;rr5463
<LI><a href="#[54]">&gt;&gt;</a>&nbsp;&nbsp;&nbsp;HW_KeyScsn
<LI><a href="#[33]">&gt;&gt;</a>&nbsp;&nbsp;&nbsp;main
</UL>

<P><STRONG><a name="[af]"></a>GPIO_IntCmd</STRONG> (Thumb, 60 bytes, Stack size 0 bytes, lpc177x_8x_gpio.o(.text), UNUSED)
<BR><BR>[Called By]<UL><LI><a href="#[ae]">&gt;&gt;</a>&nbsp;&nbsp;&nbsp;FIO_IntCmd
</UL>

<P><STRONG><a name="[b1]"></a>GPIO_ClearInt</STRONG> (Thumb, 28 bytes, Stack size 0 bytes, lpc177x_8x_gpio.o(.text), UNUSED)
<BR><BR>[Called By]<UL><LI><a href="#[b0]">&gt;&gt;</a>&nbsp;&nbsp;&nbsp;FIO_ClearInt
</UL>

<P><STRONG><a name="[aa]"></a>FIO_SetDir</STRONG> (Thumb, 20 bytes, Stack size 16 bytes, lpc177x_8x_gpio.o(.text), UNUSED)
<BR><BR>[Calls]<UL><LI><a href="#[90]">&gt;&gt;</a>&nbsp;&nbsp;&nbsp;GPIO_SetDir
</UL>

<P><STRONG><a name="[ab]"></a>FIO_SetValue</STRONG> (Thumb, 16 bytes, Stack size 16 bytes, lpc177x_8x_gpio.o(.text), UNUSED)
<BR><BR>[Calls]<UL><LI><a href="#[92]">&gt;&gt;</a>&nbsp;&nbsp;&nbsp;GPIO_SetValue
</UL>

<P><STRONG><a name="[ac]"></a>FIO_ClearValue</STRONG> (Thumb, 16 bytes, Stack size 16 bytes, lpc177x_8x_gpio.o(.text), UNUSED)
<BR><BR>[Calls]<UL><LI><a href="#[91]">&gt;&gt;</a>&nbsp;&nbsp;&nbsp;GPIO_ClearValue
</UL>

<P><STRONG><a name="[ad]"></a>FIO_ReadValue</STRONG> (Thumb, 12 bytes, Stack size 8 bytes, lpc177x_8x_gpio.o(.text), UNUSED)
<BR><BR>[Calls]<UL><LI><a href="#[4f]">&gt;&gt;</a>&nbsp;&nbsp;&nbsp;GPIO_ReadValue
</UL>

<P><STRONG><a name="[ae]"></a>FIO_IntCmd</STRONG> (Thumb, 20 bytes, Stack size 16 bytes, lpc177x_8x_gpio.o(.text), UNUSED)
<BR><BR>[Calls]<UL><LI><a href="#[af]">&gt;&gt;</a>&nbsp;&nbsp;&nbsp;GPIO_IntCmd
</UL>

<P><STRONG><a name="[b0]"></a>FIO_ClearInt</STRONG> (Thumb, 16 bytes, Stack size 8 bytes, lpc177x_8x_gpio.o(.text), UNUSED)
<BR><BR>[Calls]<UL><LI><a href="#[b1]">&gt;&gt;</a>&nbsp;&nbsp;&nbsp;GPIO_ClearInt
</UL>

<P><STRONG><a name="[b2]"></a>FIO_SetMask</STRONG> (Thumb, 40 bytes, Stack size 24 bytes, lpc177x_8x_gpio.o(.text), UNUSED)
<BR><BR>[Calls]<UL><LI><a href="#[a8]">&gt;&gt;</a>&nbsp;&nbsp;&nbsp;GPIO_GetPointer
</UL>

<P><STRONG><a name="[b3]"></a>FIO_HalfWordSetDir</STRONG> (Thumb, 62 bytes, Stack size 24 bytes, lpc177x_8x_gpio.o(.text), UNUSED)
<BR><BR>[Calls]<UL><LI><a href="#[b4]">&gt;&gt;</a>&nbsp;&nbsp;&nbsp;FIO_HalfWordGetPointer
</UL>

<P><STRONG><a name="[b5]"></a>FIO_HalfWordSetMask</STRONG> (Thumb, 62 bytes, Stack size 24 bytes, lpc177x_8x_gpio.o(.text), UNUSED)
<BR><BR>[Calls]<UL><LI><a href="#[b4]">&gt;&gt;</a>&nbsp;&nbsp;&nbsp;FIO_HalfWordGetPointer
</UL>

<P><STRONG><a name="[b6]"></a>FIO_HalfWordSetValue</STRONG> (Thumb, 32 bytes, Stack size 24 bytes, lpc177x_8x_gpio.o(.text), UNUSED)
<BR><BR>[Calls]<UL><LI><a href="#[b4]">&gt;&gt;</a>&nbsp;&nbsp;&nbsp;FIO_HalfWordGetPointer
</UL>

<P><STRONG><a name="[b7]"></a>FIO_HalfWordClearValue</STRONG> (Thumb, 32 bytes, Stack size 24 bytes, lpc177x_8x_gpio.o(.text), UNUSED)
<BR><BR>[Calls]<UL><LI><a href="#[b4]">&gt;&gt;</a>&nbsp;&nbsp;&nbsp;FIO_HalfWordGetPointer
</UL>

<P><STRONG><a name="[b8]"></a>FIO_HalfWordReadValue</STRONG> (Thumb, 30 bytes, Stack size 16 bytes, lpc177x_8x_gpio.o(.text), UNUSED)
<BR><BR>[Calls]<UL><LI><a href="#[b4]">&gt;&gt;</a>&nbsp;&nbsp;&nbsp;FIO_HalfWordGetPointer
</UL>

<P><STRONG><a name="[b9]"></a>FIO_ByteSetDir</STRONG> (Thumb, 54 bytes, Stack size 24 bytes, lpc177x_8x_gpio.o(.text), UNUSED)
<BR><BR>[Calls]<UL><LI><a href="#[ba]">&gt;&gt;</a>&nbsp;&nbsp;&nbsp;FIO_ByteGetPointer
</UL>

<P><STRONG><a name="[bb]"></a>FIO_ByteSetMask</STRONG> (Thumb, 70 bytes, Stack size 24 bytes, lpc177x_8x_gpio.o(.text), UNUSED)
<BR><BR>[Calls]<UL><LI><a href="#[ba]">&gt;&gt;</a>&nbsp;&nbsp;&nbsp;FIO_ByteGetPointer
</UL>

<P><STRONG><a name="[bc]"></a>FIO_ByteSetValue</STRONG> (Thumb, 36 bytes, Stack size 24 bytes, lpc177x_8x_gpio.o(.text), UNUSED)
<BR><BR>[Calls]<UL><LI><a href="#[ba]">&gt;&gt;</a>&nbsp;&nbsp;&nbsp;FIO_ByteGetPointer
</UL>

<P><STRONG><a name="[bd]"></a>FIO_ByteClearValue</STRONG> (Thumb, 36 bytes, Stack size 24 bytes, lpc177x_8x_gpio.o(.text), UNUSED)
<BR><BR>[Calls]<UL><LI><a href="#[ba]">&gt;&gt;</a>&nbsp;&nbsp;&nbsp;FIO_ByteGetPointer
</UL>

<P><STRONG><a name="[be]"></a>FIO_ByteReadValue</STRONG> (Thumb, 34 bytes, Stack size 16 bytes, lpc177x_8x_gpio.o(.text), UNUSED)
<BR><BR>[Calls]<UL><LI><a href="#[ba]">&gt;&gt;</a>&nbsp;&nbsp;&nbsp;FIO_ByteGetPointer
</UL>

<P><STRONG><a name="[c0]"></a>UART_Init</STRONG> (Thumb, 312 bytes, Stack size 16 bytes, lpc177x_8x_uart.o(.text))
<BR><BR>[Stack]<UL><LI>Max Depth = 136<LI>Call Chain = UART_Init &rArr; uart_set_divisors &rArr; __aeabi_uldivmod
</UL>
<BR>[Calls]<UL><LI><a href="#[c1]">&gt;&gt;</a>&nbsp;&nbsp;&nbsp;CLKPWR_ConfigPPWR
<LI><a href="#[bf]">&gt;&gt;</a>&nbsp;&nbsp;&nbsp;uart_set_divisors
</UL>
<BR>[Called By]<UL><LI><a href="#[44]">&gt;&gt;</a>&nbsp;&nbsp;&nbsp;debug_uart3_init
<LI><a href="#[43]">&gt;&gt;</a>&nbsp;&nbsp;&nbsp;debug_frmwrk_init
</UL>

<P><STRONG><a name="[c3]"></a>UART_TxCmd</STRONG> (Thumb, 68 bytes, Stack size 0 bytes, lpc177x_8x_uart.o(.text))
<BR><BR>[Called By]<UL><LI><a href="#[44]">&gt;&gt;</a>&nbsp;&nbsp;&nbsp;debug_uart3_init
<LI><a href="#[43]">&gt;&gt;</a>&nbsp;&nbsp;&nbsp;debug_frmwrk_init
<LI><a href="#[c2]">&gt;&gt;</a>&nbsp;&nbsp;&nbsp;UART_DeInit
</UL>

<P><STRONG><a name="[c2]"></a>UART_DeInit</STRONG> (Thumb, 74 bytes, Stack size 8 bytes, lpc177x_8x_uart.o(.text), UNUSED)
<BR><BR>[Calls]<UL><LI><a href="#[c1]">&gt;&gt;</a>&nbsp;&nbsp;&nbsp;CLKPWR_ConfigPPWR
<LI><a href="#[c3]">&gt;&gt;</a>&nbsp;&nbsp;&nbsp;UART_TxCmd
</UL>

<P><STRONG><a name="[da]"></a>UART_ConfigStructInit</STRONG> (Thumb, 18 bytes, Stack size 0 bytes, lpc177x_8x_uart.o(.text))
<BR><BR>[Called By]<UL><LI><a href="#[44]">&gt;&gt;</a>&nbsp;&nbsp;&nbsp;debug_uart3_init
<LI><a href="#[43]">&gt;&gt;</a>&nbsp;&nbsp;&nbsp;debug_frmwrk_init
</UL>

<P><STRONG><a name="[c5]"></a>UART_SendByte</STRONG> (Thumb, 14 bytes, Stack size 0 bytes, lpc177x_8x_uart.o(.text))
<BR><BR>[Called By]<UL><LI><a href="#[c4]">&gt;&gt;</a>&nbsp;&nbsp;&nbsp;UART_Send
</UL>

<P><STRONG><a name="[c7]"></a>UART_ReceiveByte</STRONG> (Thumb, 16 bytes, Stack size 0 bytes, lpc177x_8x_uart.o(.text))
<BR><BR>[Called By]<UL><LI><a href="#[12]">&gt;&gt;</a>&nbsp;&nbsp;&nbsp;UART3_IRQHandler
<LI><a href="#[f]">&gt;&gt;</a>&nbsp;&nbsp;&nbsp;UART0_IRQHandler
<LI><a href="#[c6]">&gt;&gt;</a>&nbsp;&nbsp;&nbsp;UART_Receive
</UL>

<P><STRONG><a name="[c4]"></a>UART_Send</STRONG> (Thumb, 152 bytes, Stack size 36 bytes, lpc177x_8x_uart.o(.text))
<BR><BR>[Stack]<UL><LI>Max Depth = 36<LI>Call Chain = UART_Send
</UL>
<BR>[Calls]<UL><LI><a href="#[c5]">&gt;&gt;</a>&nbsp;&nbsp;&nbsp;UART_SendByte
</UL>
<BR>[Called By]<UL><LI><a href="#[cb]">&gt;&gt;</a>&nbsp;&nbsp;&nbsp;UARTPutChar
<LI><a href="#[c8]">&gt;&gt;</a>&nbsp;&nbsp;&nbsp;UART_RS485Send
</UL>

<P><STRONG><a name="[c6]"></a>UART_Receive</STRONG> (Thumb, 114 bytes, Stack size 28 bytes, lpc177x_8x_uart.o(.text))
<BR><BR>[Stack]<UL><LI>Max Depth = 28<LI>Call Chain = UART_Receive
</UL>
<BR>[Calls]<UL><LI><a href="#[c7]">&gt;&gt;</a>&nbsp;&nbsp;&nbsp;UART_ReceiveByte
</UL>
<BR>[Called By]<UL><LI><a href="#[cd]">&gt;&gt;</a>&nbsp;&nbsp;&nbsp;UARTGetValue
<LI><a href="#[cc]">&gt;&gt;</a>&nbsp;&nbsp;&nbsp;UARTGetChar
</UL>

<P><STRONG><a name="[fb]"></a>UART_ForceBreak</STRONG> (Thumb, 26 bytes, Stack size 0 bytes, lpc177x_8x_uart.o(.text), UNUSED)

<P><STRONG><a name="[db]"></a>UART_IntConfig</STRONG> (Thumb, 132 bytes, Stack size 12 bytes, lpc177x_8x_uart.o(.text))
<BR><BR>[Stack]<UL><LI>Max Depth = 12<LI>Call Chain = UART_IntConfig
</UL>
<BR>[Called By]<UL><LI><a href="#[44]">&gt;&gt;</a>&nbsp;&nbsp;&nbsp;debug_uart3_init
<LI><a href="#[43]">&gt;&gt;</a>&nbsp;&nbsp;&nbsp;debug_frmwrk_init
</UL>

<P><STRONG><a name="[dd]"></a>UART_GetLineStatus</STRONG> (Thumb, 16 bytes, Stack size 0 bytes, lpc177x_8x_uart.o(.text))
<BR><BR>[Called By]<UL><LI><a href="#[12]">&gt;&gt;</a>&nbsp;&nbsp;&nbsp;UART3_IRQHandler
<LI><a href="#[f]">&gt;&gt;</a>&nbsp;&nbsp;&nbsp;UART0_IRQHandler
</UL>

<P><STRONG><a name="[fc]"></a>UART_GetIntId</STRONG> (Thumb, 12 bytes, Stack size 0 bytes, lpc177x_8x_uart.o(.text), UNUSED)

<P><STRONG><a name="[fd]"></a>UART_CheckBusy</STRONG> (Thumb, 18 bytes, Stack size 0 bytes, lpc177x_8x_uart.o(.text), UNUSED)

<P><STRONG><a name="[fe]"></a>UART_FIFOConfig</STRONG> (Thumb, 104 bytes, Stack size 0 bytes, lpc177x_8x_uart.o(.text), UNUSED)

<P><STRONG><a name="[ff]"></a>UART_FIFOConfigStructInit</STRONG> (Thumb, 14 bytes, Stack size 0 bytes, lpc177x_8x_uart.o(.text), UNUSED)

<P><STRONG><a name="[100]"></a>UART_ABCmd</STRONG> (Thumb, 126 bytes, Stack size 8 bytes, lpc177x_8x_uart.o(.text), UNUSED)

<P><STRONG><a name="[101]"></a>UART_ABClearIntPending</STRONG> (Thumb, 22 bytes, Stack size 0 bytes, lpc177x_8x_uart.o(.text), UNUSED)

<P><STRONG><a name="[102]"></a>UART_IrDAInvtInputCmd</STRONG> (Thumb, 34 bytes, Stack size 0 bytes, lpc177x_8x_uart.o(.text), UNUSED)

<P><STRONG><a name="[103]"></a>UART_IrDACmd</STRONG> (Thumb, 32 bytes, Stack size 0 bytes, lpc177x_8x_uart.o(.text), UNUSED)

<P><STRONG><a name="[104]"></a>UART_IrDAPulseDivConfig</STRONG> (Thumb, 30 bytes, Stack size 8 bytes, lpc177x_8x_uart.o(.text), UNUSED)

<P><STRONG><a name="[105]"></a>UART_FullModemForcePinState</STRONG> (Thumb, 48 bytes, Stack size 12 bytes, lpc177x_8x_uart.o(.text), UNUSED)

<P><STRONG><a name="[106]"></a>UART_FullModemConfigMode</STRONG> (Thumb, 56 bytes, Stack size 12 bytes, lpc177x_8x_uart.o(.text), UNUSED)

<P><STRONG><a name="[107]"></a>UART_FullModemGetStatus</STRONG> (Thumb, 6 bytes, Stack size 0 bytes, lpc177x_8x_uart.o(.text), UNUSED)

<P><STRONG><a name="[108]"></a>UART_RS485Config</STRONG> (Thumb, 96 bytes, Stack size 0 bytes, lpc177x_8x_uart.o(.text), UNUSED)

<P><STRONG><a name="[109]"></a>UART_RS485ReceiverCmd</STRONG> (Thumb, 32 bytes, Stack size 0 bytes, lpc177x_8x_uart.o(.text), UNUSED)

[...]
<LI><a href="#[d5]">&gt;&gt;</a>&nbsp;&nbsp;&nbsp;UARTPutHex
<LI><a href="#[d4]">&gt;&gt;</a>&nbsp;&nbsp;&nbsp;UARTPutHex_
<LI><a href="#[d3]">&gt;&gt;</a>&nbsp;&nbsp;&nbsp;UARTPutDec32
<LI><a href="#[d2]">&gt;&gt;</a>&nbsp;&nbsp;&nbsp;UARTPutDec16
<LI><a href="#[d1]">&gt;&gt;</a>&nbsp;&nbsp;&nbsp;UARTPutDec
<LI><a href="#[cd]">&gt;&gt;</a>&nbsp;&nbsp;&nbsp;UARTGetValue
</UL>
<BR>[Address Reference Count : 1]<UL><LI> debug_frmwrk.o(.text)
</UL>
<P><STRONG><a name="[cc]"></a>UARTGetChar</STRONG> (Thumb, 26 bytes, Stack size 16 bytes, debug_frmwrk.o(.text))
<BR><BR>[Stack]<UL><LI>Max Depth = 44<LI>Call Chain = UARTGetChar &rArr; UART_Receive
</UL>
<BR>[Calls]<UL><LI><a href="#[c6]">&gt;&gt;</a>&nbsp;&nbsp;&nbsp;UART_Receive
</UL>
<BR>[Address Reference Count : 1]<UL><LI> debug_frmwrk.o(.text)
</UL>
<P><STRONG><a name="[52]"></a>UARTPuts</STRONG> (Thumb, 36 bytes, Stack size 16 bytes, debug_frmwrk.o(.text))
<BR><BR>[Stack]<UL><LI>Max Depth = 68<LI>Call Chain = UARTPuts &rArr; UARTPutChar &rArr; UART_Send
</UL>
<BR>[Calls]<UL><LI><a href="#[cb]">&gt;&gt;</a>&nbsp;&nbsp;&nbsp;UARTPutChar
</UL>
<BR>[Called By]<UL><LI><a href="#[53]">&gt;&gt;</a>&nbsp;&nbsp;&nbsp;do232
<LI><a href="#[33]">&gt;&gt;</a>&nbsp;&nbsp;&nbsp;main
<LI><a href="#[d9]">&gt;&gt;</a>&nbsp;&nbsp;&nbsp;UARTPutHex32
<LI><a href="#[d7]">&gt;&gt;</a>&nbsp;&nbsp;&nbsp;UARTPutHex16
<LI><a href="#[d5]">&gt;&gt;</a>&nbsp;&nbsp;&nbsp;UARTPutHex
<LI><a href="#[d0]">&gt;&gt;</a>&nbsp;&nbsp;&nbsp;UARTPuts_
<LI><a href="#[cf]">&gt;&gt;</a>&nbsp;&nbsp;&nbsp;to_pcper
<LI><a href="#[ce]">&gt;&gt;</a>&nbsp;&nbsp;&nbsp;to_pcdat
<LI><a href="#[cd]">&gt;&gt;</a>&nbsp;&nbsp;&nbsp;UARTGetValue
</UL>
<BR>[Address Reference Count : 1]<UL><LI> debug_frmwrk.o(.text)
</UL>
<P><STRONG><a name="[cd]"></a>UARTGetValue</STRONG> (Thumb, 348 bytes, Stack size 64 bytes, debug_frmwrk.o(.text))
<BR><BR>[Stack]<UL><LI>Max Depth = 132<LI>Call Chain = UARTGetValue &rArr; UARTPuts &rArr; UARTPutChar &rArr; UART_Send
</UL>
<BR>[Calls]<UL><LI><a href="#[52]">&gt;&gt;</a>&nbsp;&nbsp;&nbsp;UARTPuts
<LI><a href="#[cb]">&gt;&gt;</a>&nbsp;&nbsp;&nbsp;UARTPutChar
<LI><a href="#[c6]">&gt;&gt;</a>&nbsp;&nbsp;&nbsp;UART_Receive
</UL>
<BR>[Address Reference Count : 1]<UL><LI> debug_frmwrk.o(.text)
</UL>
<P><STRONG><a name="[10a]"></a>txdp</STRONG> (Thumb, 2 bytes, Stack size 0 bytes, debug_frmwrk.o(.text), UNUSED)

<P><STRONG><a name="[ce]"></a>to_pcdat</STRONG> (Thumb, 584 bytes, Stack size 40 bytes, debug_frmwrk.o(.text))
<BR><BR>[Stack]<UL><LI>Max Depth = 108<LI>Call Chain = to_pcdat &rArr; UARTPuts &rArr; UARTPutChar &rArr; UART_Send
</UL>
<BR>[Calls]<UL><LI><a href="#[52]">&gt;&gt;</a>&nbsp;&nbsp;&nbsp;UARTPuts
</UL>
<BR>[Called By]<UL><LI><a href="#[53]">&gt;&gt;</a>&nbsp;&nbsp;&nbsp;do232
</UL>

<P><STRONG><a name="[cf]"></a>to_pcper</STRONG> (Thumb, 134 bytes, Stack size 24 bytes, debug_frmwrk.o(.text))
<BR><BR>[Stack]<UL><LI>Max Depth = 92<LI>Call Chain = to_pcper &rArr; UARTPuts &rArr; UARTPutChar &rArr; UART_Send
</UL>
<BR>[Calls]<UL><LI><a href="#[52]">&gt;&gt;</a>&nbsp;&nbsp;&nbsp;UARTPuts
</UL>
<BR>[Called By]<UL><LI><a href="#[53]">&gt;&gt;</a>&nbsp;&nbsp;&nbsp;do232
</UL>

<P><STRONG><a name="[10b]"></a>enter_chn</STRONG> (Thumb, 430 bytes, Stack size 0 bytes, debug_frmwrk.o(.text), UNUSED)

<P><STRONG><a name="[53]"></a>do232</STRONG> (Thumb, 474 bytes, Stack size 16 bytes, debug_frmwrk.o(.text))
<BR><BR>[Stack]<UL><LI>Max Depth = 124<LI>Call Chain = do232 &rArr; to_pcdat &rArr; UARTPuts &rArr; UARTPutChar &rArr; UART_Send
</UL>
<BR>[Calls]<UL><LI><a href="#[8a]">&gt;&gt;</a>&nbsp;&nbsp;&nbsp;Savetoeeprom
<LI><a href="#[52]">&gt;&gt;</a>&nbsp;&nbsp;&nbsp;UARTPuts
<LI><a href="#[cf]">&gt;&gt;</a>&nbsp;&nbsp;&nbsp;to_pcper
<LI><a href="#[ce]">&gt;&gt;</a>&nbsp;&nbsp;&nbsp;to_pcdat
</UL>
<BR>[Called By]<UL><LI><a href="#[33]">&gt;&gt;</a>&nbsp;&nbsp;&nbsp;main
</UL>

<P><STRONG><a name="[d0]"></a>UARTPuts_</STRONG> (Thumb, 24 bytes, Stack size 16 bytes, debug_frmwrk.o(.text))
<BR><BR>[Stack]<UL><LI>Max Depth = 84<LI>Call Chain = UARTPuts_ &rArr; UARTPuts &rArr; UARTPutChar &rArr; UART_Send
</UL>
<BR>[Calls]<UL><LI><a href="#[52]">&gt;&gt;</a>&nbsp;&nbsp;&nbsp;UARTPuts
</UL>
<BR>[Address Reference Count : 1]<UL><LI> debug_frmwrk.o(.text)
</UL>
<P><STRONG><a name="[d1]"></a>UARTPutDec</STRONG> (Thumb, 96 bytes, Stack size 24 bytes, debug_frmwrk.o(.text))
<BR><BR>[Stack]<UL><LI>Max Depth = 76<LI>Call Chain = UARTPutDec &rArr; UARTPutChar &rArr; UART_Send
</UL>
<BR>[Calls]<UL><LI><a href="#[cb]">&gt;&gt;</a>&nbsp;&nbsp;&nbsp;UARTPutChar
</UL>
<BR>[Address Reference Count : 1]<UL><LI> debug_frmwrk.o(.text)
</UL>
<P><STRONG><a name="[d2]"></a>UARTPutDec16</STRONG> (Thumb, 160 bytes, Stack size 32 bytes, debug_frmwrk.o(.text))
<BR><BR>[Stack]<UL><LI>Max Depth = 84<LI>Call Chain = UARTPutDec16 &rArr; UARTPutChar &rArr; UART_Send
</UL>
<BR>[Calls]<UL><LI><a href="#[cb]">&gt;&gt;</a>&nbsp;&nbsp;&nbsp;UARTPutChar
</UL>
<BR>[Address Reference Count : 1]<UL><LI> debug_frmwrk.o(.text)
</UL>
<P><STRONG><a name="[d3]"></a>UARTPutDec32</STRONG> (Thumb, 298 bytes, Stack size 56 bytes, debug_frmwrk.o(.text))
<BR><BR>[Stack]<UL><LI>Max Depth = 108<LI>Call Chain = UARTPutDec32 &rArr; UARTPutChar &rArr; UART_Send
</UL>
<BR>[Calls]<UL><LI><a href="#[cb]">&gt;&gt;</a>&nbsp;&nbsp;&nbsp;UARTPutChar
</UL>
<BR>[Address Reference Count : 1]<UL><LI> debug_frmwrk.o(.text)
</UL>
<P><STRONG><a name="[d4]"></a>UARTPutHex_</STRONG> (Thumb, 58 bytes, Stack size 24 bytes, debug_frmwrk.o(.text))
<BR><BR>[Stack]<UL><LI>Max Depth = 76<LI>Call Chain = UARTPutHex_ &rArr; UARTPutChar &rArr; UART_Send
</UL>
<BR>[Calls]<UL><LI><a href="#[cb]">&gt;&gt;</a>&nbsp;&nbsp;&nbsp;UARTPutChar
</UL>
<BR>[Address Reference Count : 1]<UL><LI> debug_frmwrk.o(.text)
</UL>
<P><STRONG><a name="[d5]"></a>UARTPutHex</STRONG> (Thumb, 66 bytes, Stack size 24 bytes, debug_frmwrk.o(.text))
<BR><BR>[Stack]<UL><LI>Max Depth = 92<LI>Call Chain = UARTPutHex &rArr; UARTPuts &rArr; UARTPutChar &rArr; UART_Send
</UL>
<BR>[Calls]<UL><LI><a href="#[52]">&gt;&gt;</a>&nbsp;&nbsp;&nbsp;UARTPuts
<LI><a href="#[cb]">&gt;&gt;</a>&nbsp;&nbsp;&nbsp;UARTPutChar
</UL>
<BR>[Address Reference Count : 1]<UL><LI> debug_frmwrk.o(.text)
</UL>
<P><STRONG><a name="[d6]"></a>UARTPutHex16_</STRONG> (Thumb, 58 bytes, Stack size 24 bytes, debug_frmwrk.o(.text))
<BR><BR>[Stack]<UL><LI>Max Depth = 76<LI>Call Chain = UARTPutHex16_ &rArr; UARTPutChar &rArr; UART_Send
</UL>
<BR>[Calls]<UL><LI><a href="#[cb]">&gt;&gt;</a>&nbsp;&nbsp;&nbsp;UARTPutChar
</UL>
<BR>[Address Reference Count : 1]<UL><LI> debug_frmwrk.o(.text)
</UL>
<P><STRONG><a name="[d7]"></a>UARTPutHex16</STRONG> (Thumb, 66 bytes, Stack size 24 bytes, debug_frmwrk.o(.text))
<BR><BR>[Stack]<UL><LI>Max Depth = 92<LI>Call Chain = UARTPutHex16 &rArr; UARTPuts &rArr; UARTPutChar &rArr; UART_Send
</UL>
<BR>[Calls]<UL><LI><a href="#[52]">&gt;&gt;</a>&nbsp;&nbsp;&nbsp;UARTPuts
<LI><a href="#[cb]">&gt;&gt;</a>&nbsp;&nbsp;&nbsp;UARTPutChar
</UL>
<BR>[Address Reference Count : 1]<UL><LI> debug_frmwrk.o(.text)
</UL>
<P><STRONG><a name="[d8]"></a>UARTPutHex32_</STRONG> (Thumb, 58 bytes, Stack size 24 bytes, debug_frmwrk.o(.text))
<BR><BR>[Stack]<UL><LI>Max Depth = 76<LI>Call Chain = UARTPutHex32_ &rArr; UARTPutChar &rArr; UART_Send
</UL>
<BR>[Calls]<UL><LI><a href="#[cb]">&gt;&gt;</a>&nbsp;&nbsp;&nbsp;UARTPutChar
</UL>
<BR>[Address Reference Count : 1]<UL><LI> debug_frmwrk.o(.text)
</UL>
<P><STRONG><a name="[d9]"></a>UARTPutHex32</STRONG> (Thumb, 66 bytes, Stack size 24 bytes, debug_frmwrk.o(.text))
<BR><BR>[Stack]<UL><LI>Max Depth = 92<LI>Call Chain = UARTPutHex32 &rArr; UARTPuts &rArr; UARTPutChar &rArr; UART_Send
</UL>
<BR>[Calls]<UL><LI><a href="#[52]">&gt;&gt;</a>&nbsp;&nbsp;&nbsp;UARTPuts
<LI><a href="#[cb]">&gt;&gt;</a>&nbsp;&nbsp;&nbsp;UARTPutChar
</UL>
<BR>[Address Reference Count : 1]<UL><LI> debug_frmwrk.o(.text)
</UL>
<P><STRONG><a name="[10c]"></a>_printf</STRONG> (Thumb, 20 bytes, Stack size 16 bytes, debug_frmwrk.o(.text), UNUSED)

<P><STRONG><a name="[43]"></a>debug_frmwrk_init</STRONG> (Thumb, 160 bytes, Stack size 16 bytes, debug_frmwrk.o(.text))
<BR><BR>[Stack]<UL><LI>Max Depth = 152<LI>Call Chain = debug_frmwrk_init &rArr; UART_Init &rArr; uart_set_divisors &rArr; __aeabi_uldivmod
</UL>
<BR>[Calls]<UL><LI><a href="#[dc]">&gt;&gt;</a>&nbsp;&nbsp;&nbsp;NVIC_EnableIRQ
<LI><a href="#[db]">&gt;&gt;</a>&nbsp;&nbsp;&nbsp;UART_IntConfig
<LI><a href="#[da]">&gt;&gt;</a>&nbsp;&nbsp;&nbsp;UART_ConfigStructInit
<LI><a href="#[c3]">&gt;&gt;</a>&nbsp;&nbsp;&nbsp;UART_TxCmd
<LI><a href="#[c0]">&gt;&gt;</a>&nbsp;&nbsp;&nbsp;UART_Init
</UL>
<BR>[Called By]<UL><LI><a href="#[33]">&gt;&gt;</a>&nbsp;&nbsp;&nbsp;main
</UL>

<P><STRONG><a name="[10d]"></a>Uart0RecTimeOut</STRONG> (Thumb, 50 bytes, Stack size 0 bytes, debug_frmwrk.o(.text), UNUSED)

<P><STRONG><a name="[f]"></a>UART0_IRQHandler</STRONG> (Thumb, 160 bytes, Stack size 16 bytes, debug_frmwrk.o(.text))
<BR><BR>[Stack]<UL><LI>Max Depth = 16<LI>Call Chain = UART0_IRQHandler
</UL>
<BR>[Calls]<UL><LI><a href="#[dd]">&gt;&gt;</a>&nbsp;&nbsp;&nbsp;UART_GetLineStatus
<LI><a href="#[c7]">&gt;&gt;</a>&nbsp;&nbsp;&nbsp;UART_ReceiveByte
</UL>
<BR>[Address Reference Count : 1]<UL><LI> startup_lpc177x_8x.o(RESET)
</UL>
<P><STRONG><a name="[44]"></a>debug_uart3_init</STRONG> (Thumb, 168 bytes, Stack size 16 bytes, debug_frmwrk.o(.text))
<BR><BR>[Stack]<UL><LI>Max Depth = 152<LI>Call Chain = debug_uart3_init &rArr; UART_Init &rArr; uart_set_divisors &rArr; __aeabi_uldivmod
</UL>
<BR>[Calls]<UL><LI><a href="#[de]">&gt;&gt;</a>&nbsp;&nbsp;&nbsp;PINSEL_ConfigPin
<LI><a href="#[dc]">&gt;&gt;</a>&nbsp;&nbsp;&nbsp;NVIC_EnableIRQ
<LI><a href="#[db]">&gt;&gt;</a>&nbsp;&nbsp;&nbsp;UART_IntConfig
<LI><a href="#[da]">&gt;&gt;</a>&nbsp;&nbsp;&nbsp;UART_ConfigStructInit
<LI><a href="#[c3]">&gt;&gt;</a>&nbsp;&nbsp;&nbsp;UART_TxCmd
<LI><a href="#[c0]">&gt;&gt;</a>&nbsp;&nbsp;&nbsp;UART_Init
</UL>
<BR>[Called By]<UL><LI><a href="#[33]">&gt;&gt;</a>&nbsp;&nbsp;&nbsp;main
</UL>

<P><STRONG><a name="[12]"></a>UART3_IRQHandler</STRONG> (Thumb, 154 bytes, Stack size 16 bytes, debug_frmwrk.o(.text))
<BR><BR>[Stack]<UL><LI>Max Depth = 16<LI>Call Chain = UART3_IRQHandler
</UL>
<BR>[Calls]<UL><LI><a href="#[dd]">&gt;&gt;</a>&nbsp;&nbsp;&nbsp;UART_GetLineStatus
<LI><a href="#[c7]">&gt;&gt;</a>&nbsp;&nbsp;&nbsp;UART_ReceiveByte
</UL>
<BR>[Address Reference Count : 1]<UL><LI> startup_lpc177x_8x.o(RESET)
</UL>
<P><STRONG><a name="[de]"></a>PINSEL_ConfigPin</STRONG> (Thumb, 40 bytes, Stack size 24 bytes, lpc177x_8x_pinsel.o(.text))
<BR><BR>[Stack]<UL><LI>Max Depth = 32<LI>Call Chain = PINSEL_ConfigPin &rArr; PIN_GetPointer
</UL>
<BR>[Calls]<UL><LI><a href="#[df]">&gt;&gt;</a>&nbsp;&nbsp;&nbsp;PIN_GetPointer
</UL>
<BR>[Called By]<UL><LI><a href="#[44]">&gt;&gt;</a>&nbsp;&nbsp;&nbsp;debug_uart3_init
</UL>

<P><STRONG><a name="[e0]"></a>PINSEL_SetPinMode</STRONG> (Thumb, 40 bytes, Stack size 24 bytes, lpc177x_8x_pinsel.o(.text), UNUSED)
<BR><BR>[Calls]<UL><LI><a href="#[df]">&gt;&gt;</a>&nbsp;&nbsp;&nbsp;PIN_GetPointer
</UL>

<P><STRONG><a name="[e1]"></a>PINSEL_SetHysMode</STRONG> (Thumb, 46 bytes, Stack size 24 bytes, lpc177x_8x_pinsel.o(.text), UNUSED)
<BR><BR>[Calls]<UL><LI><a href="#[df]">&gt;&gt;</a>&nbsp;&nbsp;&nbsp;PIN_GetPointer
</UL>

<P><STRONG><a name="[e2]"></a>PINSEL_SetSlewMode</STRONG> (Thumb, 46 bytes, Stack size 24 bytes, lpc177x_8x_pinsel.o(.text), UNUSED)
<BR><BR>[Calls]<UL><LI><a href="#[df]">&gt;&gt;</a>&nbsp;&nbsp;&nbsp;PIN_GetPointer
</UL>

<P><STRONG><a name="[e3]"></a>PINSEL_SetInBufMode</STRONG> (Thumb, 46 bytes, Stack size 24 bytes, lpc177x_8x_pinsel.o(.text), UNUSED)
<BR><BR>[Calls]<UL><LI><a href="#[df]">&gt;&gt;</a>&nbsp;&nbsp;&nbsp;PIN_GetPointer
</UL>

<P><STRONG><a name="[e4]"></a>PINSEL_SetI2CMode</STRONG> (Thumb, 42 bytes, Stack size 24 bytes, lpc177x_8x_pinsel.o(.text), UNUSED)
<BR><BR>[Calls]<UL><LI><a href="#[df]">&gt;&gt;</a>&nbsp;&nbsp;&nbsp;PIN_GetPointer
</UL>

<P><STRONG><a name="[e5]"></a>PINSEL_SetOpenDrainMode</STRONG> (Thumb, 46 bytes, Stack size 24 bytes, lpc177x_8x_pinsel.o(.text), UNUSED)
<BR><BR>[Calls]<UL><LI><a href="#[df]">&gt;&gt;</a>&nbsp;&nbsp;&nbsp;PIN_GetPointer
</UL>

<P><STRONG><a name="[e6]"></a>PINSEL_SetAnalogPinMode</STRONG> (Thumb, 126 bytes, Stack size 24 bytes, lpc177x_8x_pinsel.o(.text), UNUSED)
<BR><BR>[Calls]<UL><LI><a href="#[df]">&gt;&gt;</a>&nbsp;&nbsp;&nbsp;PIN_GetPointer
</UL>

<P><STRONG><a name="[e7]"></a>PINSEL_DacEnable</STRONG> (Thumb, 54 bytes, Stack size 24 bytes, lpc177x_8x_pinsel.o(.text), UNUSED)
<BR><BR>[Calls]<UL><LI><a href="#[df]">&gt;&gt;</a>&nbsp;&nbsp;&nbsp;PIN_GetPointer
</UL>

<P><STRONG><a name="[e8]"></a>PINSEL_SetFilter</STRONG> (Thumb, 74 bytes, Stack size 24 bytes, lpc177x_8x_pinsel.o(.text), UNUSED)
<BR><BR>[Calls]<UL><LI><a href="#[df]">&gt;&gt;</a>&nbsp;&nbsp;&nbsp;PIN_GetPointer
</UL>

<P><STRONG><a name="[a5]"></a>EEPROM_Init</STRONG> (Thumb, 110 bytes, Stack size 16 bytes, lpc177x_8x_eeprom.o(.text))
<BR><BR>[Stack]<UL><LI>Max Depth = 16<LI>Call Chain = EEPROM_Init
</UL>
<BR>[Calls]<UL><LI><a href="#[41]">&gt;&gt;</a>&nbsp;&nbsp;&nbsp;CLKPWR_GetCLK
</UL>
<BR>[Called By]<UL><LI><a href="#[4c]">&gt;&gt;</a>&nbsp;&nbsp;&nbsp;Power_Process
</UL>

<P><STRONG><a name="[8c]"></a>EEPROM_Write</STRONG> (Thumb, 238 bytes, Stack size 20 bytes, lpc177x_8x_eeprom.o(.text))
<BR><BR>[Stack]<UL><LI>Max Depth = 20<LI>Call Chain = EEPROM_Write
</UL>
<BR>[Called By]<UL><LI><a href="#[8a]">&gt;&gt;</a>&nbsp;&nbsp;&nbsp;Savetoeeprom
</UL>

<P><STRONG><a name="[8e]"></a>EEPROM_Read</STRONG> (Thumb, 224 bytes, Stack size 20 bytes, lpc177x_8x_eeprom.o(.text))
<BR><BR>[Stack]<UL><LI>Max Depth = 20<LI>Call Chain = EEPROM_Read
</UL>
<BR>[Called By]<UL><LI><a href="#[8d]">&gt;&gt;</a>&nbsp;&nbsp;&nbsp;ReadSavedata
</UL>

<P><STRONG><a name="[10e]"></a>EEPROM_Erase</STRONG> (Thumb, 88 bytes, Stack size 0 bytes, lpc177x_8x_eeprom.o(.text), UNUSED)

<P><STRONG><a name="[10f]"></a>EEPROM_PowerDown</STRONG> (Thumb, 20 bytes, Stack size 0 bytes, lpc177x_8x_eeprom.o(.text), UNUSED)

<P><STRONG><a name="[110]"></a>___aeabi_memcpy8$move</STRONG> (Thumb, 0 bytes, Stack size 8 bytes, memmovea.o(.text), UNUSED)

<P><STRONG><a name="[39]"></a>__aeabi_memcpy</STRONG> (Thumb, 64 bytes, Stack size 8 bytes, memmovea.o(.text))
<BR><BR>[Stack]<UL><LI>Max Depth = 8<LI>Call Chain = __aeabi_memcpy
</UL>
<BR>[Called By]<UL><LI><a href="#[38]">&gt;&gt;</a>&nbsp;&nbsp;&nbsp;GetASCIICode
</UL>

<P><STRONG><a name="[8b]"></a>__aeabi_memcpy4</STRONG> (Thumb, 0 bytes, Stack size 8 bytes, memmovea.o(.text))
<BR><BR>[Stack]<UL><LI>Max Depth = 8<LI>Call Chain = __aeabi_memcpy4
</UL>
<BR>[Called By]<UL><LI><a href="#[8d]">&gt;&gt;</a>&nbsp;&nbsp;&nbsp;ReadSavedata
<LI><a href="#[8a]">&gt;&gt;</a>&nbsp;&nbsp;&nbsp;Savetoeeprom
</UL>

<P><STRONG><a name="[111]"></a>__aeabi_memmove</STRONG> (Thumb, 0 bytes, Stack size 8 bytes, memmovea.o(.text), UNUSED)

<P><STRONG><a name="[112]"></a>__aeabi_memmove4</STRONG> (Thumb, 0 bytes, Stack size 8 bytes, memmovea.o(.text), UNUSED)

<P><STRONG><a name="[113]"></a>__aeabi_memmove8</STRONG> (Thumb, 0 bytes, Stack size 8 bytes, memmovea.o(.text), UNUSED)

<P><STRONG><a name="[3d]"></a>__aeabi_llsr</STRONG> (Thumb, 32 bytes, Stack size 0 bytes, llushr.o(.text))
<BR><BR>[Called By]<UL><LI><a href="#[3c]">&gt;&gt;</a>&nbsp;&nbsp;&nbsp;__aeabi_uldivmod
</UL>

<P><STRONG><a name="[114]"></a>_ll_ushift_r</STRONG> (Thumb, 0 bytes, Stack size 0 bytes, llushr.o(.text), UNUSED)

<P><STRONG><a name="[37]"></a>__scatterload</STRONG> (Thumb, 28 bytes, Stack size 0 bytes, init.o(.text))
<BR><BR>[Calls]<UL><LI><a href="#[e9]">&gt;&gt;</a>&nbsp;&nbsp;&nbsp;__main_after_scatterload
</UL>
<BR>[Called By]<UL><LI><a href="#[36]">&gt;&gt;</a>&nbsp;&nbsp;&nbsp;_main_scatterload
</UL>

<P><STRONG><a name="[115]"></a>__scatterload_rt2</STRONG> (Thumb, 0 bytes, Stack size 0 bytes, init.o(.text), UNUSED)

<P><STRONG><a name="[116]"></a>__scatterload_zeroinit</STRONG> (Thumb, 14 bytes, Stack size unknown bytes, handlers.o(i.__scatterload_zeroinit), UNUSED)
<P>
<H3>
Local Symbols
</H3>
<P><STRONG><a name="[58]"></a>NVIC_EnableIRQ</STRONG> (Thumb, 22 bytes, Stack size 0 bytes, timer.o(.text), UNUSED)
<BR><BR>[Called By]<UL><LI><a href="#[57]">&gt;&gt;</a>&nbsp;&nbsp;&nbsp;init_timer
</UL>

<P><STRONG><a name="[76]"></a>KEY_COLORBLOCK</STRONG> (Thumb, 222 bytes, Stack size 40 bytes, use_disp.o(.text))
<BR><BR>[Stack]<UL><LI>Max Depth = 116<LI>Call Chain = KEY_COLORBLOCK &rArr; LCD_DrawRectShade &rArr; RGBCOLOR
</UL>
<BR>[Calls]<UL><LI><a href="#[5e]">&gt;&gt;</a>&nbsp;&nbsp;&nbsp;LCD_DrawLineShade
<LI><a href="#[5a]">&gt;&gt;</a>&nbsp;&nbsp;&nbsp;LCD_DrawRectShade
</UL>
<BR>[Called By]<UL><LI><a href="#[88]">&gt;&gt;</a>&nbsp;&nbsp;&nbsp;Disp_Test_Set
<LI><a href="#[87]">&gt;&gt;</a>&nbsp;&nbsp;&nbsp;Disp_Test
</UL>

<P><STRONG><a name="[a8]"></a>GPIO_GetPointer</STRONG> (Thumb, 58 bytes, Stack size 0 bytes, lpc177x_8x_gpio.o(.text))
<BR><BR>[Called By]<UL><LI><a href="#[b2]">&gt;&gt;</a>&nbsp;&nbsp;&nbsp;FIO_SetMask
<LI><a href="#[92]">&gt;&gt;</a>&nbsp;&nbsp;&nbsp;GPIO_SetValue
<LI><a href="#[90]">&gt;&gt;</a>&nbsp;&nbsp;&nbsp;GPIO_SetDir
<LI><a href="#[91]">&gt;&gt;</a>&nbsp;&nbsp;&nbsp;GPIO_ClearValue
<LI><a href="#[4f]">&gt;&gt;</a>&nbsp;&nbsp;&nbsp;GPIO_ReadValue
</UL>

<P><STRONG><a name="[b4]"></a>FIO_HalfWordGetPointer</STRONG> (Thumb, 58 bytes, Stack size 0 bytes, lpc177x_8x_gpio.o(.text), UNUSED)
<BR><BR>[Called By]<UL><LI><a href="#[b8]">&gt;&gt;</a>&nbsp;&nbsp;&nbsp;FIO_HalfWordReadValue
<LI><a href="#[b7]">&gt;&gt;</a>&nbsp;&nbsp;&nbsp;FIO_HalfWordClearValue
<LI><a href="#[b6]">&gt;&gt;</a>&nbsp;&nbsp;&nbsp;FIO_HalfWordSetValue
<LI><a href="#[b5]">&gt;&gt;</a>&nbsp;&nbsp;&nbsp;FIO_HalfWordSetMask
<LI><a href="#[b3]">&gt;&gt;</a>&nbsp;&nbsp;&nbsp;FIO_HalfWordSetDir
</UL>

<P><STRONG><a name="[ba]"></a>FIO_ByteGetPointer</STRONG> (Thumb, 52 bytes, Stack size 0 bytes, lpc177x_8x_gpio.o(.text), UNUSED)
<BR><BR>[Called By]<UL><LI><a href="#[be]">&gt;&gt;</a>&nbsp;&nbsp;&nbsp;FIO_ByteReadValue
<LI><a href="#[bd]">&gt;&gt;</a>&nbsp;&nbsp;&nbsp;FIO_ByteClearValue
<LI><a href="#[bc]">&gt;&gt;</a>&nbsp;&nbsp;&nbsp;FIO_ByteSetValue
<LI><a href="#[bb]">&gt;&gt;</a>&nbsp;&nbsp;&nbsp;FIO_ByteSetMask
<LI><a href="#[b9]">&gt;&gt;</a>&nbsp;&nbsp;&nbsp;FIO_ByteSetDir
</UL>

<P><STRONG><a name="[bf]"></a>uart_set_divisors</STRONG> (Thumb, 400 bytes, Stack size 80 bytes, lpc177x_8x_uart.o(.text))
<BR><BR>[Stack]<UL><LI>Max Depth = 120<LI>Call Chain = uart_set_divisors &rArr; __aeabi_uldivmod
</UL>
<BR>[Calls]<UL><LI><a href="#[41]">&gt;&gt;</a>&nbsp;&nbsp;&nbsp;CLKPWR_GetCLK
<LI><a href="#[3c]">&gt;&gt;</a>&nbsp;&nbsp;&nbsp;__aeabi_uldivmod
</UL>
<BR>[Called By]<UL><LI><a href="#[c0]">&gt;&gt;</a>&nbsp;&nbsp;&nbsp;UART_Init
</UL>

<P><STRONG><a name="[dc]"></a>NVIC_EnableIRQ</STRONG> (Thumb, 22 bytes, Stack size 0 bytes, debug_frmwrk.o(.text))
<BR><BR>[Called By]<UL><LI><a href="#[44]">&gt;&gt;</a>&nbsp;&nbsp;&nbsp;debug_uart3_init
<LI><a href="#[43]">&gt;&gt;</a>&nbsp;&nbsp;&nbsp;debug_frmwrk_init
</UL>

<P><STRONG><a name="[df]"></a>PIN_GetPointer</STRONG> (Thumb, 18 bytes, Stack size 8 bytes, lpc177x_8x_pinsel.o(.text))
<BR><BR>[Stack]<UL><LI>Max Depth = 8<LI>Call Chain = PIN_GetPointer
</UL>
<BR>[Called By]<UL><LI><a href="#[de]">&gt;&gt;</a>&nbsp;&nbsp;&nbsp;PINSEL_ConfigPin
<LI><a href="#[e8]">&gt;&gt;</a>&nbsp;&nbsp;&nbsp;PINSEL_SetFilter
<LI><a href="#[e7]">&gt;&gt;</a>&nbsp;&nbsp;&nbsp;PINSEL_DacEnable
<LI><a href="#[e6]">&gt;&gt;</a>&nbsp;&nbsp;&nbsp;PINSEL_SetAnalogPinMode
<LI><a href="#[e5]">&gt;&gt;</a>&nbsp;&nbsp;&nbsp;PINSEL_SetOpenDrainMode
<LI><a href="#[e4]">&gt;&gt;</a>&nbsp;&nbsp;&nbsp;PINSEL_SetI2CMode
<LI><a href="#[e3]">&gt;&gt;</a>&nbsp;&nbsp;&nbsp;PINSEL_SetInBufMode
<LI><a href="#[e2]">&gt;&gt;</a>&nbsp;&nbsp;&nbsp;PINSEL_SetSlewMode
<LI><a href="#[e1]">&gt;&gt;</a>&nbsp;&nbsp;&nbsp;PINSEL_SetHysMode
<LI><a href="#[e0]">&gt;&gt;</a>&nbsp;&nbsp;&nbsp;PINSEL_SetPinMode
</UL>
<P>
<H3>
Undefined Global Symbols
</H3><HR></body></html>
