Component: ARM Compiler 5.06 update 6 (build 750) Tool: armlink [4d35ed]

==============================================================================

Section Cross References

    main.o(.text) refers to lpc177x_8x_clkpwr.o(.text) for CLKPWR_GetCLK
    main.o(.text) refers to key.o(.text) for HW_keyInt
    main.o(.text) refers to debug_frmwrk.o(.text) for debug_uart0_init
    main.o(.text) refers to ex_sdram.o(.text) for SDRAM_Init
    main.o(.text) refers to lpc177x_8x_lcd.o(.text) for GLCD_Ctrl
    main.o(.text) refers to test.o(.text) for Power_Process
    main.o(.text) refers to lpc177x_8x_gpio.o(.text) for GPIO_ClearValue
    main.o(.text) refers to main.o(.data) for SysTickCnt
    main.o(.text) refers to logo.o(.data) for LogoPic
    main.o(.text) refers to lpc177x_8x_lcd.o(.data) for Colour
    main.o(.text) refers to key.o(.bss) for Button_Page
    main.o(.text) refers to globalvalue.o(.data) for SystemStatus
    timer.o(.text) refers to modbus_slave.o(.text) for MODS_Poll
    timer.o(.text) refers to system_lpc177x_8x.o(.data) for PeripheralClock
    timer.o(.text) refers to modbus_slave.o(.data) for Tick_10ms
    timer.o(.text) refers to timer.o(.data) for timer0_counter
    lpc177x_8x_lcd.o(.text) refers to system_lpc177x_8x.o(.data) for PeripheralClock
    lpc177x_8x_lcd.o(.text) refers to asciilib.o(.text) for GetASCIICode
    lpc177x_8x_lcd.o(.text) refers to lpc177x_8x_lcd.o(.constdata) for GB_21x20
    lpc177x_8x_lcd.o(.text) refers to lpc177x_8x_lcd.o(.data) for Colour
    lpc177x_8x_lcd.o(.text) refers to asciilib.o(.data) for nAsciiDot20X40E
    lpc177x_8x_lcd.o(.text) refers to asciilib.o(.constdata) for TAB_num
    lpc177x_8x_lcd.o(.text) refers to globalvalue.o(.bss) for DispBuf
    logo.o(.data) refers to logo.o(.constdata) for LogoStream
    asciilib.o(.text) refers to memmovea.o(.text) for __aeabi_memcpy
    asciilib.o(.text) refers to asciilib.o(.constdata) for AsciiLib
    touchpanel.o(.text) refers to lpc177x_8x_ssp.o(.text) for SSP_ReadWrite
    touchpanel.o(.text) refers to lpc177x_8x_pinsel.o(.text) for PINSEL_ConfigPin
    touchpanel.o(.text) refers to lpc177x_8x_gpio.o(.text) for GPIO_SetDir
    touchpanel.o(.text) refers to memseta.o(.text) for __aeabi_memclr4
    touchpanel.o(.text) refers to dflti.o(.text) for __aeabi_i2d
    touchpanel.o(.text) refers to cdcmple.o(.text) for __aeabi_cdcmpeq
    touchpanel.o(.text) refers to touchpanel.o(.bss) for dataCfg
    touchpanel.o(.text) refers to touchpanel.o(.data) for screen
    touchpanel.o(.text) refers to dfltui.o(.text) for __aeabi_ui2d
    touchpanel.o(.text) refers to dmul.o(.text) for __aeabi_dmul
    touchpanel.o(.text) refers to dadd.o(.text) for __aeabi_dadd
    touchpanel.o(.text) refers to ddiv.o(.text) for __aeabi_ddiv
    touchpanel.o(.text) refers to dfixui.o(.text) for __aeabi_d2uiz
    touchpanel.o(.text) refers to lpc177x_8x_lcd.o(.text) for lcd_Clear
    use_disp.o(.text) refers to lpc177x_8x_lcd.o(.text) for LCD_DrawRectShade
    use_disp.o(.text) refers to lpc177x_8x_eeprom.o(.text) for EEPROM_Write
    use_disp.o(.text) refers to globalvalue.o(.bss) for SaveData
    use_disp.o(.text) refers to set_manu.o(.data) for Para_Set
    use_disp.o(.text) refers to test.o(.data) for Para_main
    use_disp.o(.text) refers to lpc177x_8x_lcd.o(.data) for Colour
    use_disp.o(.text) refers to use_disp.o(.constdata) for All_TopName_E
    key.o(.text) refers to lpc177x_8x_gpio.o(.text) for GPIO_SetDir
    key.o(.text) refers to main.o(.text) for Delay
    key.o(.text) refers to key.o(.constdata) for Scan_Value
    test.o(.text) refers to lpc177x_8x_eeprom.o(.text) for EEPROM_Init
    test.o(.text) refers to use_disp.o(.text) for ReadSavedata
    test.o(.text) refers to lpc177x_8x_lcd.o(.text) for LCD_DrawRect
    test.o(.text) refers to globalvalue.o(.data) for Uart_Send_Flag
    test.o(.text) refers to set_manu.o(.data) for Para_Set
    test.o(.text) refers to test.o(.data) for TSetInput
    test.o(.text) refers to lpc177x_8x_lcd.o(.data) for Colour
    test.o(.text) refers to test.o(.constdata) for Rms
    test.o(.text) refers to debug_frmwrk.o(.bss) for ComBuf
    test.o(.text) refers to test.o(.bss) for Disp
    test.o(.text) refers to use_disp.o(.constdata) for All_TopName
    test.o(.text) refers to asciilib.o(.data) for nAsciiDot20X40E
    test.o(.text) refers to globalvalue.o(.bss) for DispBuf
    test.o(.text) refers to lpc177x_8x_gpio.o(.text) for GPIO_SetValue
    test.o(.text) refers to ffixui.o(.text) for __aeabi_f2uiz
    test.o(.text) refers to printf1.o(i.__0sprintf$1) for __2sprintf
    test.o(.text) refers to f2d.o(.text) for __aeabi_f2d
    test.o(.text) refers to dmul.o(.text) for __aeabi_dmul
    test.o(.text) refers to dfixui.o(.text) for __aeabi_d2uiz
    test.o(.text) refers to cfcmple.o(.text) for __aeabi_cfcmple
    test.o(.text) refers to modbus_slave.o(.text) for CRC16_Modbus
    test.o(.text) refers to debug_frmwrk.o(.text) for uartSendChars
[...]
    GUI\Core\GUI__DivTbl_31_255.c            0x00000000   Number         0  gui__divtbl_31_255.o ABSOLUTE
    GUI\Core\GUI__DivTbl_63_255.c            0x00000000   Number         0  gui__divtbl_63_255.o ABSOLUTE
    GUI\Core\GUI__ExpandPixelIndices.c       0x00000000   Number         0  gui__expandpixelindices.o ABSOLUTE
    GUI\Core\GUI__IntersectRect.c            0x00000000   Number         0  gui__intersectrect.o ABSOLUTE
    GUI\Core\GUI__IntersectRects.c           0x00000000   Number         0  gui__intersectrects.o ABSOLUTE
    GUI\Core\GUI__ManageCache.c              0x00000000   Number         0  gui__managecache.o ABSOLUTE
    GUI\Core\GUI__memset.c                   0x00000000   Number         0  gui__memset.o ABSOLUTE
    GUI\Core\GUI__memset16.c                 0x00000000   Number         0  gui__memset16.o ABSOLUTE
    GUI\Core\LCD.c                           0x00000000   Number         0  lcd.o ABSOLUTE
    GUI\Core\LCD_AA.c                        0x00000000   Number         0  lcd_aa.o ABSOLUTE
    GUI\Core\LCD_Color.c                     0x00000000   Number         0  lcd_color.o ABSOLUTE
    GUI\Core\LCD_GetColorIndex.c             0x00000000   Number         0  lcd_getcolorindex.o ABSOLUTE
    GUI\Core\LCD_GetEx.c                     0x00000000   Number         0  lcd_getex.o ABSOLUTE
    GUI\Core\LCD_GetNumDisplays.c            0x00000000   Number         0  lcd_getnumdisplays.o ABSOLUTE
    GUI\Core\LCD_GetP.c                      0x00000000   Number         0  lcd_getp.o ABSOLUTE
    GUI\Core\LCD_GetPixelColor.c             0x00000000   Number         0  lcd_getpixelcolor.o ABSOLUTE
    GUI\Core\LCD_Mirror.c                    0x00000000   Number         0  lcd_mirror.o ABSOLUTE
    GUI\Core\LCD_ReadRect.c                  0x00000000   Number         0  lcd_readrect.o ABSOLUTE
    GUI\Core\LCD_SelectLCD.c                 0x00000000   Number         0  lcd_selectlcd.o ABSOLUTE
    GUI\Core\LCD_Set.c                       0x00000000   Number         0  lcd_set.o ABSOLUTE
    GUI\Core\LCD_SetClipRectEx.c             0x00000000   Number         0  lcd_setcliprectex.o ABSOLUTE
    GUI\Core\LCD_UpdateColorIndices.c        0x00000000   Number         0  lcd_updatecolorindices.o ABSOLUTE
    GUI\DisplayDriver\GUIDRV_Lin_16.c        0x00000000   Number         0  guidrv_lin_16.o ABSOLUTE
    GUI\Font\F6x8.c                          0x00000000   Number         0  f6x8.o ABSOLUTE
    GUI\Font\FD60x80.c                       0x00000000   Number         0  fd60x80.o ABSOLUTE
    GUI\MemDev\GUIDEV.c                      0x00000000   Number         0  guidev.o ABSOLUTE
    GUI\MemDev\GUIDEV_16.c                   0x00000000   Number         0  guidev_16.o ABSOLUTE
    GUI\MemDev\GUIDEV_32.c                   0x00000000   Number         0  guidev_32.o ABSOLUTE
    GUI\MemDev\GUIDEV_Banding.c              0x00000000   Number         0  guidev_banding.o ABSOLUTE
    GUI\MemDev\GUIDEV_Clear.c                0x00000000   Number         0  guidev_clear.o ABSOLUTE
    GUI\MemDev\GUIDEV_CreateFixed.c          0x00000000   Number         0  guidev_createfixed.o ABSOLUTE
    GUI\MemDev\GUIDEV_GetDataPtr.c           0x00000000   Number         0  guidev_getdataptr.o ABSOLUTE
    GUI\MemDev\GUIDEV_GetPos.c               0x00000000   Number         0  guidev_getpos.o ABSOLUTE
    GUI\MemDev\GUIDEV_GetXSize.c             0x00000000   Number         0  guidev_getxsize.o ABSOLUTE
    GUI\MemDev\GUIDEV_GetYSize.c             0x00000000   Number         0  guidev_getysize.o ABSOLUTE
    GUI\MemDev\GUIDEV_ReduceYSize.c          0x00000000   Number         0  guidev_reduceysize.o ABSOLUTE
    GUI\MemDev\GUIDEV_SetOrg.c               0x00000000   Number         0  guidev_setorg.o ABSOLUTE
    GUI\MemDev\GUIDEV_StaticDevices.c        0x00000000   Number         0  guidev_staticdevices.o ABSOLUTE
    GUI\MemDev\GUIDEV_Usage.c                0x00000000   Number         0  guidev_usage.o ABSOLUTE
    GUI\MemDev\GUIDEV_UsageBM.c              0x00000000   Number         0  guidev_usagebm.o ABSOLUTE
    GUI\MemDev\GUIDEV_Write.c                0x00000000   Number         0  guidev_write.o ABSOLUTE
    GUI\MemDev\GUIDEV_WriteToActiveAlpha.c   0x00000000   Number         0  guidev_writetoactivealpha.o ABSOLUTE
    GUI\MemDev\GUIDEV_WriteToActiveOpaque.c  0x00000000   Number         0  guidev_writetoactiveopaque.o ABSOLUTE
    GUI\WM\WM.c                              0x00000000   Number         0  wm.o ABSOLUTE
    GUI\WM\WM_BringToBottom.c                0x00000000   Number         0  wm_bringtobottom.o ABSOLUTE
    GUI\WM\WM_CriticalHandle.c               0x00000000   Number         0  wm_criticalhandle.o ABSOLUTE
    GUI\WM\WM_GetClientRect.c                0x00000000   Number         0  wm_getclientrect.o ABSOLUTE
    GUI\WM\WM_GetDesktopWindow.c             0x00000000   Number         0  wm_getdesktopwindow.o ABSOLUTE
    GUI\WM\WM_GetDesktopWindowEx.c           0x00000000   Number         0  wm_getdesktopwindowex.o ABSOLUTE
    GUI\WM\WM_GetFirstChild.c                0x00000000   Number         0  wm_getfirstchild.o ABSOLUTE
    GUI\WM\WM_GetOrg.c                       0x00000000   Number         0  wm_getorg.o ABSOLUTE
    GUI\WM\WM_GetParent.c                    0x00000000   Number         0  wm_getparent.o ABSOLUTE
    GUI\WM\WM_GetWindowRect.c                0x00000000   Number         0  wm_getwindowrect.o ABSOLUTE
    GUI\WM\WM_IsWindow.c                     0x00000000   Number         0  wm_iswindow.o ABSOLUTE
    GUI\WM\WM_Move.c                         0x00000000   Number         0  wm_move.o ABSOLUTE
    GUI\WM\WM_NotifyParent.c                 0x00000000   Number         0  wm_notifyparent.o ABSOLUTE
    GUI\WM\WM_OnKey.c                        0x00000000   Number         0  wm_onkey.o ABSOLUTE
    GUI\WM\WM_PID__GetPrevState.c            0x00000000   Number         0  wm_pid__getprevstate.o ABSOLUTE
    GUI\WM\WM_ResizeWindow.c                 0x00000000   Number         0  wm_resizewindow.o ABSOLUTE
    GUI\WM\WM_Screen2Win.c                   0x00000000   Number         0  wm_screen2win.o ABSOLUTE
    GUI\WM\WM_SendMessageNoPara.c            0x00000000   Number         0  wm_sendmessagenopara.o ABSOLUTE
    GUI\WM\WM_SendToParent.c                 0x00000000   Number         0  wm_sendtoparent.o ABSOLUTE
    GUI\WM\WM_SetCapture.c                   0x00000000   Number         0  wm_setcapture.o ABSOLUTE
    GUI\WM\WM_SetSize.c                      0x00000000   Number         0  wm_setsize.o ABSOLUTE
    GUI\WM\WM_Timer.c                        0x00000000   Number         0  wm_timer.o ABSOLUTE
    GUI\WM\WM_Touch.c                        0x00000000   Number         0  wm_touch.o ABSOLUTE
    GUI\WM\WM__GetFirstSibling.c             0x00000000   Number         0  wm__getfirstsibling.o ABSOLUTE
    GUI\WM\WM__GetPrevSibling.c              0x00000000   Number         0  wm__getprevsibling.o ABSOLUTE
    GUI\WM\WM__IsAncestor.c                  0x00000000   Number         0  wm__isancestor.o ABSOLUTE
    GUI\WM\WM__IsEnabled.c                   0x00000000   Number         0  wm__isenabled.o ABSOLUTE
    GUI\WM\WM__SendMessage.c                 0x00000000   Number         0  wm__sendmessage.o ABSOLUTE
    GUI\WM\WM__SendMessageIfEnabled.c        0x00000000   Number         0  wm__sendmessageifenabled.o ABSOLUTE
    GUI\WM\WM__SendMessageNoPara.c           0x00000000   Number         0  wm__sendmessagenopara.o ABSOLUTE
    GUI\WM\WM__UpdateChildPositions.c        0x00000000   Number         0  wm__updatechildpositions.o ABSOLUTE
    RL_ARM.s                                 0x00000000   Number         0  gui__intersectrect.o ABSOLUTE
    RL_ARM.s                                 0x00000000   Number         0  lcd_readrect.o ABSOLUTE
    RL_ARM.s                                 0x00000000   Number         0  gui__intersectrects.o ABSOLUTE
    RL_ARM.s                                 0x00000000   Number         0  lcd_aa.o ABSOLUTE
    RL_ARM.s                                 0x00000000   Number         0  gui__managecache.o ABSOLUTE
    RL_ARM.s                                 0x00000000   Number         0  guicc_8888_index2color.o ABSOLUTE
    RL_ARM.s                                 0x00000000   Number         0  gui__memset16.o ABSOLUTE
    RL_ARM.s                                 0x00000000   Number         0  guicc_888_index2color.o ABSOLUTE
    RL_ARM.s                                 0x00000000   Number         0  gui_alloc_alloczero.o ABSOLUTE
    RL_ARM.s                                 0x00000000   Number         0  gui_sprite.o ABSOLUTE
    RL_ARM.s                                 0x00000000   Number         0  gui_charm.o ABSOLUTE
    RL_ARM.s                                 0x00000000   Number         0  gui_exec.o ABSOLUTE
    RL_ARM.s                                 0x00000000   Number         0  gui_getcolor.o ABSOLUTE
    RL_ARM.s                                 0x00000000   Number         0  gui_drawbitmap.o ABSOLUTE
    RL_ARM.s                                 0x00000000   Number         0  gui_mergerect.o ABSOLUTE
    RL_ARM.s                                 0x00000000   Number         0  gui_cursorarrowm.o ABSOLUTE
    RL_ARM.s                                 0x00000000   Number         0  gui_moverect.o ABSOLUTE
    RL_ARM.s                                 0x00000000   Number         0  gui__expandpixelindices.o ABSOLUTE
    RL_ARM.s                                 0x00000000   Number         0  gui_onkey.o ABSOLUTE
    RL_ARM.s                                 0x00000000   Number         0  wm_setsize.o ABSOLUTE
    RL_ARM.s                                 0x00000000   Number         0  wm_setcapture.o ABSOLUTE
    RL_ARM.s                                 0x00000000   Number         0  wm_getclientrect.o ABSOLUTE
    RL_ARM.s                                 0x00000000   Number         0  wm_getfirstchild.o ABSOLUTE
    RL_ARM.s                                 0x00000000   Number         0  wm_notifyparent.o ABSOLUTE
    RL_ARM.s                                 0x00000000   Number         0  wm_sendmessagenopara.o ABSOLUTE
    RL_ARM.s                                 0x00000000   Number         0  wm_sendtoparent.o ABSOLUTE
    RL_ARM.s                                 0x00000000   Number         0  wm_timer.o ABSOLUTE
    RL_ARM.s                                 0x00000000   Number         0  wm_touch.o ABSOLUTE
    RL_ARM.s                                 0x00000000   Number         0  wm_criticalhandle.o ABSOLUTE
    RL_ARM.s                                 0x00000000   Number         0  gui__alpha.o ABSOLUTE
    RL_ARM.s                                 0x00000000   Number         0  gui__compactpixelindices.o ABSOLUTE
    RL_ARM.s                                 0x00000000   Number         0  wm_bringtobottom.o ABSOLUTE
    RL_ARM.s                                 0x00000000   Number         0  gui_calccolordist.o ABSOLUTE
    RL_ARM.s                                 0x00000000   Number         0  gui_curs1.o ABSOLUTE
    RL_ARM.s                                 0x00000000   Number         0  wm__sendmessage.o ABSOLUTE
    RL_ARM.s                                 0x00000000   Number         0  wm_screen2win.o ABSOLUTE
    RL_ARM.s                                 0x00000000   Number         0  gui_pen.o ABSOLUTE
    RL_ARM.s                                 0x00000000   Number         0  guidev_writetoactiveopaque.o ABSOLUTE
    RL_ARM.s                                 0x00000000   Number         0  gui_pid.o ABSOLUTE
    RL_ARM.s                                 0x00000000   Number         0  gui_selectlcd.o ABSOLUTE
    RL_ARM.s                                 0x00000000   Number         0  guidev_usage.o ABSOLUTE
    RL_ARM.s                                 0x00000000   Number         0  gui_setalpha.o ABSOLUTE
    RL_ARM.s                                 0x00000000   Number         0  gui_setdrawmode.o ABSOLUTE
    RL_ARM.s                                 0x00000000   Number         0  guidev_staticdevices.o ABSOLUTE
    RL_ARM.s                                 0x00000000   Number         0  gui_setfont.o ABSOLUTE
    RL_ARM.s                                 0x00000000   Number         0  gui_setlinestyle.o ABSOLUTE
    RL_ARM.s                                 0x00000000   Number         0  guidev_banding.o ABSOLUTE
    RL_ARM.s                                 0x00000000   Number         0  gui_settextalign.o ABSOLUTE
    RL_ARM.s                                 0x00000000   Number         0  guidev.o ABSOLUTE
    RL_ARM.s                                 0x00000000   Number         0  gui_settextmode.o ABSOLUTE
    RL_ARM.s                                 0x00000000   Number         0  gui_getorg.o ABSOLUTE
    RL_ARM.s                                 0x00000000   Number         0  gui_time.o ABSOLUTE
    RL_ARM.s                                 0x00000000   Number         0  lcd_getnumdisplays.o ABSOLUTE
    RL_ARM.s                                 0x00000000   Number         0  gui_timer.o ABSOLUTE
    RL_ARM.s                                 0x00000000   Number         0  guicc_0.o ABSOLUTE
    RL_ARM.s                                 0x00000000   Number         0  guicc_8888.o ABSOLUTE
    RL_ARM.s                                 0x00000000   Number         0  gui_waitevent.o ABSOLUTE
    RL_ARM.s                                 0x00000000   Number         0  lcd_getcolorindex.o ABSOLUTE
    RL_ARM.s                                 0x00000000   Number         0  gui_setdefault.o ABSOLUTE
    RL_ARM.s                                 0x00000000   Number         0  lcd_updatecolorindices.o ABSOLUTE
    RL_ARM.s                                 0x00000000   Number         0  gui_setcolor.o ABSOLUTE
    RL_ARM.s                                 0x00000000   Number         0  guidev_32.o ABSOLUTE
    RL_ARM.s                                 0x00000000   Number         0  gui_selectlayer.o ABSOLUTE
    RL_ARM.s                                 0x00000000   Number         0  guidev_clear.o ABSOLUTE
    RL_ARM.s                                 0x00000000   Number         0  gui_savecontext.o ABSOLUTE
    RL_ARM.s                                 0x00000000   Number         0  guidev_createfixed.o ABSOLUTE
    RL_ARM.s                                 0x00000000   Number         0  gui_rectsintersect.o ABSOLUTE
    RL_ARM.s                                 0x00000000   Number         0  guidev_getdataptr.o ABSOLUTE
    RL_ARM.s                                 0x00000000   Number         0  guidev_getpos.o ABSOLUTE
    RL_ARM.s                                 0x00000000   Number         0  f6x8.o ABSOLUTE
    RL_ARM.s                                 0x00000000   Number         0  guidev_getxsize.o ABSOLUTE
    RL_ARM.s                                 0x00000000   Number         0  lcd_setcliprectex.o ABSOLUTE
    RL_ARM.s                                 0x00000000   Number         0  guidev_getysize.o ABSOLUTE
    RL_ARM.s                                 0x00000000   Number         0  wm_move.o ABSOLUTE
    RL_ARM.s                                 0x00000000   Number         0  guidev_reduceysize.o ABSOLUTE
    RL_ARM.s                                 0x00000000   Number         0  lcd_getp.o ABSOLUTE
    RL_ARM.s                                 0x00000000   Number         0  guidev_setorg.o ABSOLUTE
    RL_ARM.s                                 0x00000000   Number         0  guidev_16.o ABSOLUTE
    RL_ARM.s                                 0x00000000   Number         0  guidev_usagebm.o ABSOLUTE
    RL_ARM.s                                 0x00000000   Number         0  wm__updatechildpositions.o ABSOLUTE
    RL_ARM.s                                 0x00000000   Number         0  guidev_write.o ABSOLUTE
    RL_ARM.s                                 0x00000000   Number         0  lcd_getpixelcolor.o ABSOLUTE
    RL_ARM.s                                 0x00000000   Number         0  wm__getprevsibling.o ABSOLUTE
    RL_ARM.s                                 0x00000000   Number         0  gui_getbitmappixelindex.o ABSOLUTE
    RL_ARM.s                                 0x00000000   Number         0  wm__isancestor.o ABSOLUTE
    RL_ARM.s                                 0x00000000   Number         0  wm.o ABSOLUTE
    RL_ARM.s                                 0x00000000   Number         0  wm__isenabled.o ABSOLUTE
    RL_ARM.s                                 0x00000000   Number         0  gui_cursorpal.o ABSOLUTE
    RL_ARM.s                                 0x00000000   Number         0  wm__sendmessageifenabled.o ABSOLUTE
    RL_ARM.s                                 0x00000000   Number         0  gui_cursorarrowmpx.o ABSOLUTE
    RL_ARM.s                                 0x00000000   Number         0  wm__sendmessagenopara.o ABSOLUTE
    RL_ARM.s                                 0x00000000   Number         0  wm_getdesktopwindow.o ABSOLUTE
    RL_ARM.s                                 0x00000000   Number         0  wm_getorg.o ABSOLUTE
    RL_ARM.s                                 0x00000000   Number         0  wm_resizewindow.o ABSOLUTE
    RL_ARM.s                                 0x00000000   Number         0  wm_getparent.o ABSOLUTE
    RL_ARM.s                                 0x00000000   Number         0  wm_getdesktopwindowex.o ABSOLUTE
    RL_ARM.s                                 0x00000000   Number         0  wm_getwindowrect.o ABSOLUTE
    RL_ARM.s                                 0x00000000   Number         0  wm__getfirstsibling.o ABSOLUTE
    RL_ARM.s                                 0x00000000   Number         0  wm_iswindow.o ABSOLUTE
    RL_ARM.s                                 0x00000000   Number         0  guidev_writetoactivealpha.o ABSOLUTE
    RL_ARM.s                                 0x00000000   Number         0  wm_onkey.o ABSOLUTE
    RL_ARM.s                                 0x00000000   Number         0  lcd_selectlcd.o ABSOLUTE
    RL_ARM.s                                 0x00000000   Number         0  wm_pid__getprevstate.o ABSOLUTE
    RL_ARM.s                                 0x00000000   Number         0  lcd_mirror.o ABSOLUTE
    RL_ARM.s                                 0x00000000   Number         0  lcd_color.o ABSOLUTE
    RL_ARM.s                                 0x00000000   Number         0  lcd.o ABSOLUTE
    RL_ARM.s                                 0x00000000   Number         0  gui_uc_encodenone.o ABSOLUTE
    RL_ARM.s                                 0x00000000   Number         0  gui_task.o ABSOLUTE
    RL_ARM.s                                 0x00000000   Number         0  gui_setorg.o ABSOLUTE
    RL_ARM.s                                 0x00000000   Number         0  gui_goto.o ABSOLUTE
    RL_ARM.s                                 0x00000000   Number         0  gui_charp.o ABSOLUTE
    RL_ARM.s                                 0x00000000   Number         0  gui__memset.o ABSOLUTE
    RL_ARM.s                                 0x00000000   Number         0  gui__divtbl_63_255.o ABSOLUTE
    RL_ARM.s                                 0x00000000   Number         0  gui__divtbl_31_255.o ABSOLUTE
    RL_ARM.s                                 0x00000000   Number         0  gui__divtbl_255_63.o ABSOLUTE
    RL_ARM.s                                 0x00000000   Number         0  gui__divtbl_255_31.o ABSOLUTE
    RL_ARM.s                                 0x00000000   Number         0  fd60x80.o ABSOLUTE
    RL_ARM.s                                 0x00000000   Number         0  guidrv_lin_16.o ABSOLUTE
    RL_ARM.s                                 0x00000000   Number         0  lcd_set.o ABSOLUTE
    RL_ARM.s                                 0x00000000   Number         0  lcd_getex.o ABSOLUTE
    RL_ARM.s                                 0x00000000   Number         0  guicc_m565.o ABSOLUTE
    RL_ARM.s                                 0x00000000   Number         0  gui_device.o ABSOLUTE
    RL_ARM.s                                 0x00000000   Number         0  gui_core.o ABSOLUTE
    RL_ARM.s                                 0x00000000   Number         0  gui_alloc.o ABSOLUTE
    cdcmple.s                                0x00000000   Number         0  cdcmple.o ABSOLUTE
    cdrcmple.s                               0x00000000   Number         0  cdrcmple.o ABSOLUTE
    cfcmple.s                                0x00000000   Number         0  cfcmple.o ABSOLUTE
    cfrcmple.s                               0x00000000   Number         0  cfrcmple.o ABSOLUTE
    dc.s                                     0x00000000   Number         0  dc.o ABSOLUTE
    handlers.s                               0x00000000   Number         0  handlers.o ABSOLUTE
    init.s                                   0x00000000   Number         0  init.o ABSOLUTE
    .ARM.Collect$$$$00000000                 0x000000e4   Section        0  entry.o(.ARM.Collect$$$$00000000)
    .ARM.Collect$$$$00000001                 0x000000e4   Section        4  entry2.o(.ARM.Collect$$$$00000001)
    .ARM.Collect$$$$00000004                 0x000000e8   Section        4  entry5.o(.ARM.Collect$$$$00000004)
    .ARM.Collect$$$$00000008                 0x000000ec   Section        0  entry7b.o(.ARM.Collect$$$$00000008)
    .ARM.Collect$$$$0000000A                 0x000000ec   Section        0  entry8b.o(.ARM.Collect$$$$0000000A)
    .ARM.Collect$$$$0000000B                 0x000000ec   Section        8  entry9a.o(.ARM.Collect$$$$0000000B)
    .ARM.Collect$$$$0000000D                 0x000000f4   Section        0  entry10a.o(.ARM.Collect$$$$0000000D)
    .ARM.Collect$$$$0000000F                 0x000000f4   Section        0  entry11a.o(.ARM.Collect$$$$0000000F)
    .ARM.Collect$$$$00002712                 0x000000f4   Section        4  entry2.o(.ARM.Collect$$$$00002712)
    __lit__00000000                          0x000000f4   Data           4  entry2.o(.ARM.Collect$$$$00002712)
    .text                                    0x000000f8   Section        0  main.o(.text)
    .text                                    0x00000268   Section        0  asciilib.o(.text)
    .text                                    0x000002a8   Section       36  startup_lpc177x_8x.o(.text)
    .text                                    0x000002cc   Section        0  memseta.o(.text)
    .text                                    0x000002f0   Section        0  iusefp.o(.text)
    i.__scatterload_null                     0x000002f0   Section        2  handlers.o(i.__scatterload_null)
    i._sputc                                 0x000002f2   Section        0  printf1.o(i._sputc)
    _sputc                                   0x000002f3   Thumb Code    10  printf1.o(i._sputc)
    .ARM.__at_0x02FC                         0x000002fc   Section        4  startup_lpc177x_8x.o(.ARM.__at_0x02FC)
    .text                                    0x00000300   Section        0  timer.o(.text)
    NVIC_EnableIRQ                           0x000005cb   Thumb Code    22  timer.o(.text)
    .text                                    0x00000608   Section        0  lpc177x_8x_lcd.o(.text)
    .text                                    0x00001ec0   Section        0  use_disp.o(.text)
    Disp_SysDot                              0x0000283d   Thumb Code    64  use_disp.o(.text)
    .text                                    0x00002928   Section        0  key.o(.text)
    .text                                    0x00002ad0   Section        0  test.o(.text)
    .text                                    0x00005ec8   Section        0  ex_sdram.o(.text)
    .text                                    0x00006148   Section        0  set_manu.o(.text)
    SlectPara                                0x00006149   Thumb Code  4306  set_manu.o(.text)
    .text                                    0x00007c50   Section        0  system_lpc177x_8x.o(.text)
    .text                                    0x00007fd4   Section        0  lpc177x_8x_gpio.o(.text)
    GPIO_GetPointer                          0x00007fd5   Thumb Code    58  lpc177x_8x_gpio.o(.text)
    FIO_HalfWordGetPointer                   0x0000800f   Thumb Code    58  lpc177x_8x_gpio.o(.text)
    FIO_ByteGetPointer                       0x00008049   Thumb Code    52  lpc177x_8x_gpio.o(.text)
    .text                                    0x000083ac   Section        0  lpc177x_8x_clkpwr.o(.text)
    .text                                    0x000084bc   Section        0  lpc177x_8x_uart.o(.text)
    uart_set_divisors                        0x000084bd   Thumb Code   400  lpc177x_8x_uart.o(.text)
    .text                                    0x00008cec   Section        0  debug_frmwrk.o(.text)
    NVIC_EnableIRQ                           0x00009513   Thumb Code    22  debug_frmwrk.o(.text)
    .text                                    0x00009578   Section        0  lpc177x_8x_eeprom.o(.text)
    .text                                    0x00009830   Section        0  lpc177x_8x_pinsel.o(.text)
    PIN_GetPointer                           0x00009831   Thumb Code    18  lpc177x_8x_pinsel.o(.text)
    .text                                    0x00009a78   Section        0  modbus_slave.o(.text)
    MODS_SendWithCRC                         0x00009b1d   Thumb Code    80  modbus_slave.o(.text)
    MODS_SendAckErr                          0x00009b6d   Thumb Code    38  modbus_slave.o(.text)
    MODS_SendAckOk                           0x00009b93   Thumb Code    32  modbus_slave.o(.text)
    MODS_WriteRegValue                       0x00009bb3   Thumb Code   146  modbus_slave.o(.text)
    MODS_10H                                 0x00009c45   Thumb Code   136  modbus_slave.o(.text)
    MODS_06H                                 0x00009ccd   Thumb Code    96  modbus_slave.o(.text)
    MODS_05H                                 0x00009d2d   Thumb Code   152  modbus_slave.o(.text)
    MODS_04H                                 0x00009dc5   Thumb Code   358  modbus_slave.o(.text)
    MODS_ReadRegValue                        0x00009f2b   Thumb Code   162  modbus_slave.o(.text)
    MODS_03H                                 0x00009fcd   Thumb Code   300  modbus_slave.o(.text)
    MODS_02H                                 0x0000a0f9   Thumb Code   272  modbus_slave.o(.text)
    MODS_01H                                 0x0000a209   Thumb Code   284  modbus_slave.o(.text)
    MODS_AnalyzeApp                          0x0000a325   Thumb Code   104  modbus_slave.o(.text)
    .text                                    0x0000a490   Section        0  uldiv.o(.text)
    .text                                    0x0000a4f2   Section        0  memmovea.o(.text)
    .text                                    0x0000a532   Section        0  strncpy.o(.text)
    .text                                    0x0000a54a   Section        0  strlen.o(.text)
    .text                                    0x0000a558   Section        0  dmul.o(.text)
    .text                                    0x0000a63c   Section        0  ffixui.o(.text)
    .text                                    0x0000a664   Section        0  dfixui.o(.text)
    .text                                    0x0000a696   Section        0  f2d.o(.text)
    .text                                    0x0000a6bc   Section       20  cfcmple.o(.text)
    .text                                    0x0000a6d0   Section        0  uidiv.o(.text)
    .text                                    0x0000a6fc   Section        0  llshl.o(.text)
    .text                                    0x0000a71a   Section        0  llushr.o(.text)
    .text                                    0x0000a73a   Section        0  depilogue.o(.text)
    .text                                    0x0000a7f4   Section       36  init.o(.text)
    .text                                    0x0000a818   Section        0  __dclz77c.o(.text)
    i.__0sprintf$1                           0x0000a878   Section        0  printf1.o(i.__0sprintf$1)
    i.__scatterload_copy                     0x0000a8a0   Section       14  handlers.o(i.__scatterload_copy)
    i.__scatterload_zeroinit                 0x0000a8ae   Section       14  handlers.o(i.__scatterload_zeroinit)
    i._printf_core                           0x0000a8bc   Section        0  printf1.o(i._printf_core)
    _printf_core                             0x0000a8bd   Thumb Code   336  printf1.o(i._printf_core)
    .constdata                               0x0000aa10   Section     5127  lpc177x_8x_lcd.o(.constdata)
    .constdata                               0x0000be18   Section     1440  logo.o(.constdata)
    .constdata                               0x0000c3b8   Section    10628  asciilib.o(.constdata)
    AsciiLib                                 0x0000c3b8   Data        1520  asciilib.o(.constdata)
    nAsciiDot                                0x0000c9a8   Data        1140  asciilib.o(.constdata)
    .constdata                               0x0000ed3c   Section      668  use_disp.o(.constdata)
    .constdata                               0x0000efd8   Section        6  key.o(.constdata)
    .constdata                               0x0000efe0   Section    391820  test.o(.constdata)
    .constdata                               0x0006ea6c   Section      512  modbus_slave.o(.constdata)
    s_CRCHi                                  0x0006ea6c   Data         256  modbus_slave.o(.constdata)
    .conststring                             0x0006ec6c   Section       89  debug_frmwrk.o(.conststring)
    .data                                    0x10000000   Section       41  main.o(.data)
    .data                                    0x1000002c   Section       16  timer.o(.data)
    .data                                    0x1000003c   Section        8  lpc177x_8x_lcd.o(.data)
    .data                                    0x10000044   Section       28  logo.o(.data)
    .data                                    0x10000060   Section     9792  asciilib.o(.data)
    .data                                    0x100026a0   Section      687  test.o(.data)
    t                                        0x1000294c   Data           1  test.o(.data)
    alrmi                                    0x1000294d   Data           1  test.o(.data)
    alrmp                                    0x1000294e   Data           1  test.o(.data)
    .data                                    0x10002950   Section       12  globalvalue.o(.data)
    .data                                    0x1000295c   Section     1012  set_manu.o(.data)
    BaudRate                                 0x10002ca8   Data          56  set_manu.o(.data)
    Check                                    0x10002ce0   Data          16  set_manu.o(.data)
    OFForON_En                               0x10002cf0   Data           8  set_manu.o(.data)
    OFForON_Ch                               0x10002cf8   Data          10  set_manu.o(.data)
    IOMode_En                                0x10002d02   Data          14  set_manu.o(.data)
    USBMode_Ch                               0x10002d1e   Data          16  set_manu.o(.data)
    Language_En                              0x10002d2e   Data          16  set_manu.o(.data)
    Language_Ch                              0x10002d3e   Data          16  set_manu.o(.data)
    .data                                    0x10002d50   Section       16  system_lpc177x_8x.o(.data)
    .data                                    0x10002d60   Section       57  debug_frmwrk.o(.data)
    .data                                    0x10002d9c   Section       63  modbus_slave.o(.data)
    g_mods_timeout                           0x10002d9c   Data           1  modbus_slave.o(.data)
    .bss                                     0x10002ddc   Section       12  key.o(.bss)
    .bss                                     0x10002de8   Section       60  test.o(.bss)
    .bss                                     0x10002e24   Section      567  globalvalue.o(.bss)
    .bss                                     0x1000305b   Section       20  set_manu.o(.bss)
    .bss                                     0x1000306f   Section      691  debug_frmwrk.o(.bss)
    buffer                                   0x10003121   Data         513  debug_frmwrk.o(.bss)
    .bss                                     0x10003322   Section      323  modbus_slave.o(.bss)
    STACK                                    0x10003468   Section     2048  startup_lpc177x_8x.o(STACK)

    Global Symbols

    Symbol Name                              Value     Ov Type        Size  Object(Section)

    BuildAttributes$$THM_ISAv4$P$D$K$B$S$PE$A:L22UL41UL21$X:L11$S22US41US21$IEEE1$IW$~IW$USESV6$~STKCKD$USESV7$~SHL$OTIME$ROPI$EBA8$MICROLIB$REQ8$PRES8$EABIv2 0x00000000   Number         0  anon$$obj.o ABSOLUTE
    __ARM_use_no_argv                        0x00000000   Number         0  main.o ABSOLUTE
    __Vectors                                0x00000000   Data           4  startup_lpc177x_8x.o(RESET)
    _printf_a                                0x00000000   Number         0  stubs.o ABSOLUTE
    _printf_c                                0x00000000   Number         0  stubs.o ABSOLUTE
    _printf_charcount                        0x00000000   Number         0  stubs.o ABSOLUTE
    _printf_d                                0x00000000   Number         0  stubs.o ABSOLUTE
    _printf_e                                0x00000000   Number         0  stubs.o ABSOLUTE
    _printf_f                                0x00000000   Number         0  stubs.o ABSOLUTE
    _printf_flags                            0x00000000   Number         0  stubs.o ABSOLUTE
    _printf_fp_dec                           0x00000000   Number         0  stubs.o ABSOLUTE
    _printf_fp_hex                           0x00000000   Number         0  stubs.o ABSOLUTE
    _printf_g                                0x00000000   Number         0  stubs.o ABSOLUTE
    _printf_i                                0x00000000   Number         0  stubs.o ABSOLUTE
    _printf_int_dec                          0x00000000   Number         0  stubs.o ABSOLUTE
    _printf_l                                0x00000000   Number         0  stubs.o ABSOLUTE
    _printf_lc                               0x00000000   Number         0  stubs.o ABSOLUTE
    _printf_ll                               0x00000000   Number         0  stubs.o ABSOLUTE
    _printf_lld                              0x00000000   Number         0  stubs.o ABSOLUTE
    _printf_lli                              0x00000000   Number         0  stubs.o ABSOLUTE
    _printf_llo                              0x00000000   Number         0  stubs.o ABSOLUTE
    _printf_llu                              0x00000000   Number         0  stubs.o ABSOLUTE
    _printf_llx                              0x00000000   Number         0  stubs.o ABSOLUTE
    _printf_longlong_dec                     0x00000000   Number         0  stubs.o ABSOLUTE
    _printf_longlong_hex                     0x00000000   Number         0  stubs.o ABSOLUTE
    _printf_longlong_oct                     0x00000000   Number         0  stubs.o ABSOLUTE
    _printf_ls                               0x00000000   Number         0  stubs.o ABSOLUTE
    _printf_mbtowc                           0x00000000   Number         0  stubs.o ABSOLUTE
    _printf_n                                0x00000000   Number         0  stubs.o ABSOLUTE
    _printf_o                                0x00000000   Number         0  stubs.o ABSOLUTE
    _printf_p                                0x00000000   Number         0  stubs.o ABSOLUTE
    _printf_percent                          0x00000000   Number         0  stubs.o ABSOLUTE
    _printf_pre_padding                      0x00000000   Number         0  stubs.o ABSOLUTE
    _printf_return_value                     0x00000000   Number         0  stubs.o ABSOLUTE
    _printf_s                                0x00000000   Number         0  stubs.o ABSOLUTE
    _printf_sizespec                         0x00000000   Number         0  stubs.o ABSOLUTE
    _printf_str                              0x00000000   Number         0  stubs.o ABSOLUTE
    _printf_truncate_signed                  0x00000000   Number         0  stubs.o ABSOLUTE
    _printf_truncate_unsigned                0x00000000   Number         0  stubs.o ABSOLUTE
    _printf_u                                0x00000000   Number         0  stubs.o ABSOLUTE
    _printf_wc                               0x00000000   Number         0  stubs.o ABSOLUTE
    _printf_wctomb                           0x00000000   Number         0  stubs.o ABSOLUTE
    _printf_widthprec                        0x00000000   Number         0  stubs.o ABSOLUTE
    _printf_x                                0x00000000   Number         0  stubs.o ABSOLUTE
    __cpp_initialize__aeabi_                  - Undefined Weak Reference
    __cxa_finalize                            - Undefined Weak Reference
    _clock_init                               - Undefined Weak Reference
    _microlib_exit                            - Undefined Weak Reference
    __main                                   0x000000e5   Thumb Code     0  entry.o(.ARM.Collect$$$$00000000)
    _main_stk                                0x000000e5   Thumb Code     0  entry2.o(.ARM.Collect$$$$00000001)
    _main_scatterload                        0x000000e9   Thumb Code     0  entry5.o(.ARM.Collect$$$$00000004)
    __main_after_scatterload                 0x000000ed   Thumb Code     0  entry5.o(.ARM.Collect$$$$00000004)
    _main_clock                              0x000000ed   Thumb Code     0  entry7b.o(.ARM.Collect$$$$00000008)
    _main_cpp_init                           0x000000ed   Thumb Code     0  entry8b.o(.ARM.Collect$$$$0000000A)
    _main_init                               0x000000ed   Thumb Code     0  entry9a.o(.ARM.Collect$$$$0000000B)
    __rt_final_cpp                           0x000000f5   Thumb Code     0  entry10a.o(.ARM.Collect$$$$0000000D)
    __rt_final_exit                          0x000000f5   Thumb Code     0  entry11a.o(.ARM.Collect$$$$0000000F)
    SysTick_Handler                          0x000000f9   Thumb Code    12  main.o(.text)
    Delay                                    0x00000105   Thumb Code    18  main.o(.text)
    Chip_Clock_EnablePLL                     0x00000117   Thumb Code     6  main.o(.text)
    HAL_USBInit                              0x0000011d   Thumb Code    14  main.o(.text)
    main                                     0x0000012b   Thumb Code   286  main.o(.text)
    GetASCIICode                             0x00000269   Thumb Code    26  asciilib.o(.text)
    GetASCIICode_12                          0x00000283   Thumb Code    28  asciilib.o(.text)
    Reset_Handler                            0x000002a9   Thumb Code     8  startup_lpc177x_8x.o(.text)
    NMI_Handler                              0x000002b1   Thumb Code     2  startup_lpc177x_8x.o(.text)
    HardFault_Handler                        0x000002b3   Thumb Code     2  startup_lpc177x_8x.o(.text)
    MemManage_Handler                        0x000002b5   Thumb Code     2  startup_lpc177x_8x.o(.text)
    BusFault_Handler                         0x000002b7   Thumb Code     2  startup_lpc177x_8x.o(.text)
    UsageFault_Handler                       0x000002b9   Thumb Code     2  startup_lpc177x_8x.o(.text)
    SVC_Handler                              0x000002bb   Thumb Code     2  startup_lpc177x_8x.o(.text)
    DebugMon_Handler                         0x000002bd   Thumb Code     2  startup_lpc177x_8x.o(.text)
    PendSV_Handler                           0x000002bf   Thumb Code     2  startup_lpc177x_8x.o(.text)
    ADC_IRQHandler                           0x000002c3   Thumb Code     0  startup_lpc177x_8x.o(.text)
    BOD_IRQHandler                           0x000002c3   Thumb Code     0  startup_lpc177x_8x.o(.text)
    CANActivity_IRQHandler                   0x000002c3   Thumb Code     0  startup_lpc177x_8x.o(.text)
    CAN_IRQHandler                           0x000002c3   Thumb Code     0  startup_lpc177x_8x.o(.text)
    DMA_IRQHandler                           0x000002c3   Thumb Code     0  startup_lpc177x_8x.o(.text)
    EEPROM_IRQHandler                        0x000002c3   Thumb Code     0  startup_lpc177x_8x.o(.text)
    EINT0_IRQHandler                         0x000002c3   Thumb Code     0  startup_lpc177x_8x.o(.text)
    EINT1_IRQHandler                         0x000002c3   Thumb Code     0  startup_lpc177x_8x.o(.text)
    EINT2_IRQHandler                         0x000002c3   Thumb Code     0  startup_lpc177x_8x.o(.text)
    EINT3_IRQHandler                         0x000002c3   Thumb Code     0  startup_lpc177x_8x.o(.text)
    ENET_IRQHandler                          0x000002c3   Thumb Code     0  startup_lpc177x_8x.o(.text)
    GPIO_IRQHandler                          0x000002c3   Thumb Code     0  startup_lpc177x_8x.o(.text)
    I2C0_IRQHandler                          0x000002c3   Thumb Code     0  startup_lpc177x_8x.o(.text)
    I2C1_IRQHandler                          0x000002c3   Thumb Code     0  startup_lpc177x_8x.o(.text)
    I2C2_IRQHandler                          0x000002c3   Thumb Code     0  startup_lpc177x_8x.o(.text)
    I2S_IRQHandler                           0x000002c3   Thumb Code     0  startup_lpc177x_8x.o(.text)
    LCD_IRQHandler                           0x000002c3   Thumb Code     0  startup_lpc177x_8x.o(.text)
    MCI_IRQHandler                           0x000002c3   Thumb Code     0  startup_lpc177x_8x.o(.text)
    MCPWM_IRQHandler                         0x000002c3   Thumb Code     0  startup_lpc177x_8x.o(.text)
    PLL0_IRQHandler                          0x000002c3   Thumb Code     0  startup_lpc177x_8x.o(.text)
    PLL1_IRQHandler                          0x000002c3   Thumb Code     0  startup_lpc177x_8x.o(.text)
    PWM0_IRQHandler                          0x000002c3   Thumb Code     0  startup_lpc177x_8x.o(.text)
    PWM1_IRQHandler                          0x000002c3   Thumb Code     0  startup_lpc177x_8x.o(.text)
    QEI_IRQHandler                           0x000002c3   Thumb Code     0  startup_lpc177x_8x.o(.text)
    RTC_IRQHandler                           0x000002c3   Thumb Code     0  startup_lpc177x_8x.o(.text)
    SPIFI_IRQHandler                         0x000002c3   Thumb Code     0  startup_lpc177x_8x.o(.text)
    SSP0_IRQHandler                          0x000002c3   Thumb Code     0  startup_lpc177x_8x.o(.text)
    SSP1_IRQHandler                          0x000002c3   Thumb Code     0  startup_lpc177x_8x.o(.text)
    SSP2_IRQHandler                          0x000002c3   Thumb Code     0  startup_lpc177x_8x.o(.text)
    UART1_IRQHandler                         0x000002c3   Thumb Code     0  startup_lpc177x_8x.o(.text)
    UART2_IRQHandler                         0x000002c3   Thumb Code     0  startup_lpc177x_8x.o(.text)
    UART4_IRQHandler                         0x000002c3   Thumb Code     0  startup_lpc177x_8x.o(.text)
    USBActivity_IRQHandler                   0x000002c3   Thumb Code     0  startup_lpc177x_8x.o(.text)
    USB_IRQHandler                           0x000002c3   Thumb Code     0  startup_lpc177x_8x.o(.text)
    WDT_IRQHandler                           0x000002c3   Thumb Code     0  startup_lpc177x_8x.o(.text)
    __aeabi_memset                           0x000002cd   Thumb Code    14  memseta.o(.text)
    __aeabi_memset4                          0x000002cd   Thumb Code     0  memseta.o(.text)
    __aeabi_memset8                          0x000002cd   Thumb Code     0  memseta.o(.text)
    __aeabi_memclr                           0x000002db   Thumb Code     4  memseta.o(.text)
    __aeabi_memclr4                          0x000002db   Thumb Code     0  memseta.o(.text)
    __aeabi_memclr8                          0x000002db   Thumb Code     0  memseta.o(.text)
    _memset$wrapper                          0x000002df   Thumb Code    18  memseta.o(.text)
    __I$use$fp                               0x000002f1   Thumb Code     0  iusefp.o(.text)
    __scatterload_null                       0x000002f1   Thumb Code     2  handlers.o(i.__scatterload_null)
    delayMs                                  0x00000301   Thumb Code   252  timer.o(.text)
    TIMER0_IRQHandler                        0x000003fd   Thumb Code    36  timer.o(.text)
    TIMER1_IRQHandler                        0x00000421   Thumb Code    18  timer.o(.text)
    TIMER2_IRQHandler                        0x00000433   Thumb Code    18  timer.o(.text)
    TIMER3_IRQHandler                        0x00000445   Thumb Code    18  timer.o(.text)
    enable_timer                             0x00000457   Thumb Code    48  timer.o(.text)
    disable_timer                            0x00000487   Thumb Code    48  timer.o(.text)
    reset_timer                              0x000004b7   Thumb Code    66  timer.o(.text)
    init_timer                               0x000004f9   Thumb Code   210  timer.o(.text)
    GLCD_Ctrl                                0x00000609   Thumb Code    96  lpc177x_8x_lcd.o(.text)
    GLCD_SetPallet                           0x00000669   Thumb Code    18  lpc177x_8x_lcd.o(.text)
    GLCD_Init                                0x0000067b   Thumb Code   514  lpc177x_8x_lcd.o(.text)
    lcd_Clear                                0x0000087d   Thumb Code    18  lpc177x_8x_lcd.o(.text)
    LCD_DrawRect                             0x0000088f   Thumb Code    70  lpc177x_8x_lcd.o(.text)
    RGBCOLOR                                 0x000008d5   Thumb Code    16  lpc177x_8x_lcd.o(.text)
    LCD_DrawRectShade                        0x000008e5   Thumb Code   234  lpc177x_8x_lcd.o(.text)
    LCD_SetPoint                             0x000009cf   Thumb Code    90  lpc177x_8x_lcd.o(.text)
    LCD_DrawLine                             0x00000a29   Thumb Code   558  lpc177x_8x_lcd.o(.text)
    LCD_DrawLineShade                        0x00000c57   Thumb Code   490  lpc177x_8x_lcd.o(.text)
    PutChar                                  0x00000e41   Thumb Code   156  lpc177x_8x_lcd.o(.text)
    PutNum                                   0x00000edd   Thumb Code    40  lpc177x_8x_lcd.o(.text)
    PutCharShade                             0x00000f05   Thumb Code   240  lpc177x_8x_lcd.o(.text)
    PutChar_12                               0x00000ff5   Thumb Code    96  lpc177x_8x_lcd.o(.text)
    GUI_Text                                 0x00001055   Thumb Code    80  lpc177x_8x_lcd.o(.text)
    lcd_display_coord                        0x000010a5   Thumb Code   294  lpc177x_8x_lcd.o(.text)
    findHzIndex21                            0x000011cb   Thumb Code    58  lpc177x_8x_lcd.o(.text)
    findHzIndex                              0x00001205   Thumb Code    54  lpc177x_8x_lcd.o(.text)
    findHzIndex_16                           0x0000123b   Thumb Code    58  lpc177x_8x_lcd.o(.text)
    LCD_ShowFontCN_40_55                     0x00001275   Thumb Code   134  lpc177x_8x_lcd.o(.text)
    LCD_ShowFontCN_STR_40_55                 0x000012fb   Thumb Code   132  lpc177x_8x_lcd.o(.text)
    LCD_ShowFontCN_16                        0x0000137f   Thumb Code   280  lpc177x_8x_lcd.o(.text)
    LCD_ShowFontCN                           0x00001497   Thumb Code   224  lpc177x_8x_lcd.o(.text)
    LCD_ShowFontCN21                         0x00001577   Thumb Code   458  lpc177x_8x_lcd.o(.text)
    LCD_ShowFontCN_16_Shade                  0x00001741   Thumb Code   434  lpc177x_8x_lcd.o(.text)
    WriteOneHzChar21                         0x000018f3   Thumb Code    42  lpc177x_8x_lcd.o(.text)
    WriteOneHzChar_16_Shade                  0x0000191d   Thumb Code    42  lpc177x_8x_lcd.o(.text)
    WriteOneHzChar                           0x00001947   Thumb Code    26  lpc177x_8x_lcd.o(.text)
    WriteOneHzChar_16                        0x00001961   Thumb Code    26  lpc177x_8x_lcd.o(.text)
    WriteString                              0x0000197b   Thumb Code   208  lpc177x_8x_lcd.o(.text)
    WriteString21                            0x00001a4b   Thumb Code   210  lpc177x_8x_lcd.o(.text)
    WriteString_Big                          0x00001b1d   Thumb Code   116  lpc177x_8x_lcd.o(.text)
    WriteString_16                           0x00001b91   Thumb Code   198  lpc177x_8x_lcd.o(.text)
    WriteString_16_Shade                     0x00001c57   Thumb Code   208  lpc177x_8x_lcd.o(.text)
    WriteString_12                           0x00001d27   Thumb Code   198  lpc177x_8x_lcd.o(.text)
    Hex_Format                               0x00001ded   Thumb Code   206  lpc177x_8x_lcd.o(.text)
    Polygon_Box                              0x00001ec1   Thumb Code   380  use_disp.o(.text)
    SysSet_Polygon_Box                       0x0000203d   Thumb Code   484  use_disp.o(.text)
    Print_Box                                0x00002221   Thumb Code   120  use_disp.o(.text)
    Disp_Box                                 0x00002299   Thumb Code   294  use_disp.o(.text)
    Draw_LIN5                                0x000023bf   Thumb Code    44  use_disp.o(.text)
    Draw_LIN3_Y                              0x000023eb   Thumb Code    60  use_disp.o(.text)
    lcd_image                                0x00002427   Thumb Code    44  use_disp.o(.text)
    Savetoeeprom                             0x00002453   Thumb Code   260  use_disp.o(.text)
    ReadSavedata                             0x00002557   Thumb Code   562  use_disp.o(.text)
    Disp_Sys_Screen                          0x00002789   Thumb Code    20  use_disp.o(.text)
    Disp_SysLine                             0x0000279d   Thumb Code   160  use_disp.o(.text)
    Disp_Button_SysSet                       0x0000287d   Thumb Code    28  use_disp.o(.text)
    Disp_Sys_Item                            0x00002899   Thumb Code   112  use_disp.o(.text)
    GPIO_Key_Configuration                   0x00002929   Thumb Code    68  key.o(.text)
    k_164Delaay                              0x0000296d   Thumb Code    14  key.o(.text)
    HW_Sendvalueto164                        0x0000297b   Thumb Code    84  key.o(.text)
    HW_keyInt                                0x000029cf   Thumb Code    14  key.o(.text)
    dyk                                      0x000029dd   Thumb Code    14  key.o(.text)
    HW_KeyScsn                               0x000029eb   Thumb Code   158  key.o(.text)
    Delay_Key                                0x00002a89   Thumb Code    28  key.o(.text)
    BUZZER                                   0x00002aa5   Thumb Code    40  key.o(.text)
    dly10                                    0x00002ad1   Thumb Code    16  test.o(.text)
    Power_Process                            0x00002ae1   Thumb Code    36  test.o(.text)
    USE_SETSW                                0x00002b05   Thumb Code   132  test.o(.text)
    DisBlank_main                            0x00002b89   Thumb Code  4586  test.o(.text)
    RecHandle                                0x00003d73   Thumb Code   148  test.o(.text)
    Disp_R                                   0x00003e07   Thumb Code  1328  test.o(.text)
    Send_Uart3                               0x00004337   Thumb Code    52  test.o(.text)
    Disp_Main_set                            0x0000436b   Thumb Code   552  test.o(.text)
    ParaReduct                               0x00004593   Thumb Code  2082  test.o(.text)
    Setvalue_Reduction                       0x00004db5   Thumb Code    20  test.o(.text)
    ParaAdd                                  0x00004dc9   Thumb Code  2138  test.o(.text)
    Setvalue_Add                             0x00005623   Thumb Code    20  test.o(.text)
    flashSetFlags                            0x00005637   Thumb Code   112  test.o(.text)
    Use_SysSetProcess                        0x000056a7   Thumb Code   800  test.o(.text)
    flashMainFlags                           0x000059c7   Thumb Code   142  test.o(.text)
    Use_MainProcess                          0x00005a55   Thumb Code   848  test.o(.text)
    DSP_GetNum                               0x00005da5   Thumb Code   190  test.o(.text)
    EMC_GPIO_Init                            0x00005ec9   Thumb Code   286  ex_sdram.o(.text)
    SDRAM_Init                               0x00005fe7   Thumb Code   318  ex_sdram.o(.text)
    Disp_Sys_set                             0x0000721b   Thumb Code   234  set_manu.o(.text)
    DisBlank_set                             0x00007305   Thumb Code  2352  set_manu.o(.text)
    SystemCoreClockUpdate                    0x00007c51   Thumb Code   672  system_lpc177x_8x.o(.text)
    SystemInit                               0x00007ef1   Thumb Code   190  system_lpc177x_8x.o(.text)
    GPIO_SetDir                              0x0000807d   Thumb Code    40  lpc177x_8x_gpio.o(.text)
    GPIO_SetValue                            0x000080a5   Thumb Code    20  lpc177x_8x_gpio.o(.text)
    GPIO_ClearValue                          0x000080b9   Thumb Code    20  lpc177x_8x_gpio.o(.text)
    GPIO_OutputValue                         0x000080cd   Thumb Code    30  lpc177x_8x_gpio.o(.text)
    GPIO_ReadValue                           0x000080eb   Thumb Code    22  lpc177x_8x_gpio.o(.text)
    GPIO_IntCmd                              0x00008101   Thumb Code    60  lpc177x_8x_gpio.o(.text)
    GPIO_ClearInt                            0x0000813d   Thumb Code    28  lpc177x_8x_gpio.o(.text)
    FIO_SetDir                               0x00008159   Thumb Code    20  lpc177x_8x_gpio.o(.text)
    FIO_SetValue                             0x0000816d   Thumb Code    16  lpc177x_8x_gpio.o(.text)
    FIO_ClearValue                           0x0000817d   Thumb Code    16  lpc177x_8x_gpio.o(.text)
    FIO_ReadValue                            0x0000818d   Thumb Code    12  lpc177x_8x_gpio.o(.text)
    FIO_IntCmd                               0x00008199   Thumb Code    20  lpc177x_8x_gpio.o(.text)
    FIO_ClearInt                             0x000081ad   Thumb Code    16  lpc177x_8x_gpio.o(.text)
    FIO_SetMask                              0x000081bd   Thumb Code    40  lpc177x_8x_gpio.o(.text)
    FIO_HalfWordSetDir                       0x000081e5   Thumb Code    62  lpc177x_8x_gpio.o(.text)
    FIO_HalfWordSetMask                      0x00008223   Thumb Code    62  lpc177x_8x_gpio.o(.text)
    FIO_HalfWordSetValue                     0x00008261   Thumb Code    32  lpc177x_8x_gpio.o(.text)
    FIO_HalfWordClearValue                   0x00008281   Thumb Code    32  lpc177x_8x_gpio.o(.text)
    FIO_HalfWordReadValue                    0x000082a1   Thumb Code    30  lpc177x_8x_gpio.o(.text)
    FIO_ByteSetDir                           0x000082bf   Thumb Code    54  lpc177x_8x_gpio.o(.text)
    FIO_ByteSetMask                          0x000082f5   Thumb Code    70  lpc177x_8x_gpio.o(.text)
    FIO_ByteSetValue                         0x0000833b   Thumb Code    36  lpc177x_8x_gpio.o(.text)
    FIO_ByteClearValue                       0x0000835f   Thumb Code    36  lpc177x_8x_gpio.o(.text)
    FIO_ByteReadValue                        0x00008383   Thumb Code    34  lpc177x_8x_gpio.o(.text)
    CLKPWR_SetCLKDiv                         0x000083ad   Thumb Code    94  lpc177x_8x_clkpwr.o(.text)
    CLKPWR_GetCLK                            0x0000840b   Thumb Code    46  lpc177x_8x_clkpwr.o(.text)
    CLKPWR_ConfigPPWR                        0x00008439   Thumb Code    38  lpc177x_8x_clkpwr.o(.text)
    CLKPWR_Sleep                             0x0000845f   Thumb Code    12  lpc177x_8x_clkpwr.o(.text)
    CLKPWR_DeepSleep                         0x0000846b   Thumb Code    18  lpc177x_8x_clkpwr.o(.text)
    CLKPWR_PowerDown                         0x0000847d   Thumb Code    18  lpc177x_8x_clkpwr.o(.text)
    CLKPWR_DeepPowerDown                     0x0000848f   Thumb Code    18  lpc177x_8x_clkpwr.o(.text)
    UART_Init                                0x0000864d   Thumb Code   312  lpc177x_8x_uart.o(.text)
    UART_TxCmd                               0x00008785   Thumb Code    68  lpc177x_8x_uart.o(.text)
    UART_DeInit                              0x000087c9   Thumb Code    74  lpc177x_8x_uart.o(.text)
    UART_ConfigStructInit                    0x00008813   Thumb Code    12  lpc177x_8x_uart.o(.text)
    UART_SendByte                            0x0000881f   Thumb Code    14  lpc177x_8x_uart.o(.text)
    UART_ReceiveByte                         0x0000882d   Thumb Code    16  lpc177x_8x_uart.o(.text)
    UART_Send                                0x0000883d   Thumb Code   152  lpc177x_8x_uart.o(.text)
    UART_Receive                             0x000088d5   Thumb Code   114  lpc177x_8x_uart.o(.text)
    UART_ForceBreak                          0x00008947   Thumb Code    26  lpc177x_8x_uart.o(.text)
    UART_IntConfig                           0x00008961   Thumb Code   130  lpc177x_8x_uart.o(.text)
    UART_GetLineStatus                       0x000089e3   Thumb Code    16  lpc177x_8x_uart.o(.text)
    UART_GetIntId                            0x000089f3   Thumb Code    12  lpc177x_8x_uart.o(.text)
    UART_CheckBusy                           0x000089ff   Thumb Code    18  lpc177x_8x_uart.o(.text)
    UART_FIFOConfig                          0x00008a11   Thumb Code   104  lpc177x_8x_uart.o(.text)
    UART_FIFOConfigStructInit                0x00008a79   Thumb Code    14  lpc177x_8x_uart.o(.text)
    UART_ABCmd                               0x00008a87   Thumb Code   126  lpc177x_8x_uart.o(.text)
    UART_ABClearIntPending                   0x00008b05   Thumb Code    22  lpc177x_8x_uart.o(.text)
    UART_IrDAInvtInputCmd                    0x00008b1b   Thumb Code    34  lpc177x_8x_uart.o(.text)
    UART_IrDACmd                             0x00008b3d   Thumb Code    32  lpc177x_8x_uart.o(.text)
    UART_IrDAPulseDivConfig                  0x00008b5d   Thumb Code    30  lpc177x_8x_uart.o(.text)
    UART_FullModemForcePinState              0x00008b7b   Thumb Code    48  lpc177x_8x_uart.o(.text)
    UART_FullModemConfigMode                 0x00008bab   Thumb Code    56  lpc177x_8x_uart.o(.text)
    UART_FullModemGetStatus                  0x00008be3   Thumb Code     6  lpc177x_8x_uart.o(.text)
    UART_RS485Config                         0x00008be9   Thumb Code    96  lpc177x_8x_uart.o(.text)
    UART_RS485ReceiverCmd                    0x00008c49   Thumb Code    32  lpc177x_8x_uart.o(.text)
    UART_RS485Send                           0x00008c69   Thumb Code    88  lpc177x_8x_uart.o(.text)
    UART_RS485SendSlvAddr                    0x00008cc1   Thumb Code    18  lpc177x_8x_uart.o(.text)
    UART_RS485SendData                       0x00008cd3   Thumb Code    22  lpc177x_8x_uart.o(.text)
    UARTPutChar                              0x00008ced   Thumb Code    18  debug_frmwrk.o(.text)
    UARTGetChar                              0x00008cff   Thumb Code    26  debug_frmwrk.o(.text)
    UARTPuts                                 0x00008d19   Thumb Code    28  debug_frmwrk.o(.text)
    UARTGetValue                             0x00008d35   Thumb Code   348  debug_frmwrk.o(.text)
    uartSendChars                            0x00008e91   Thumb Code    38  debug_frmwrk.o(.text)
    UARTPuts_                                0x00008eb7   Thumb Code    24  debug_frmwrk.o(.text)
    UARTPutDec                               0x00008ecf   Thumb Code    96  debug_frmwrk.o(.text)
    UARTPutDec16                             0x00008f2f   Thumb Code   160  debug_frmwrk.o(.text)
    UARTPutDec32                             0x00008fcf   Thumb Code   280  debug_frmwrk.o(.text)
    UARTPutHex_                              0x000090e7   Thumb Code    58  debug_frmwrk.o(.text)
    UARTPutHex                               0x00009121   Thumb Code    66  debug_frmwrk.o(.text)
    UARTPutHex16_                            0x00009163   Thumb Code    58  debug_frmwrk.o(.text)
    UARTPutHex16                             0x0000919d   Thumb Code   188  debug_frmwrk.o(.text)
    UARTPutHex32_                            0x00009259   Thumb Code    58  debug_frmwrk.o(.text)
    UARTPutHex32                             0x00009293   Thumb Code    68  debug_frmwrk.o(.text)
    _printf                                  0x000092d7   Thumb Code    16  debug_frmwrk.o(.text)
    debug_frmwrk_init                        0x000092e7   Thumb Code   180  debug_frmwrk.o(.text)
    Uart0RecTimeOut                          0x0000939b   Thumb Code    50  debug_frmwrk.o(.text)
    UART0_IRQHandler                         0x000093cd   Thumb Code   214  debug_frmwrk.o(.text)
    debug_uart0_init                         0x000094a3   Thumb Code    78  debug_frmwrk.o(.text)
    UART3_IRQHandler                         0x000094f1   Thumb Code    34  debug_frmwrk.o(.text)
    EEPROM_Init                              0x00009579   Thumb Code   110  lpc177x_8x_eeprom.o(.text)
    EEPROM_Write                             0x000095e7   Thumb Code   238  lpc177x_8x_eeprom.o(.text)
    EEPROM_Read                              0x000096d5   Thumb Code   224  lpc177x_8x_eeprom.o(.text)
    EEPROM_Erase                             0x000097b5   Thumb Code    88  lpc177x_8x_eeprom.o(.text)
    EEPROM_PowerDown                         0x0000980d   Thumb Code    20  lpc177x_8x_eeprom.o(.text)
    PINSEL_ConfigPin                         0x00009843   Thumb Code    40  lpc177x_8x_pinsel.o(.text)
    PINSEL_SetPinMode                        0x0000986b   Thumb Code    40  lpc177x_8x_pinsel.o(.text)
    PINSEL_SetHysMode                        0x00009893   Thumb Code    46  lpc177x_8x_pinsel.o(.text)
    PINSEL_SetSlewMode                       0x000098c1   Thumb Code    46  lpc177x_8x_pinsel.o(.text)
    PINSEL_SetInBufMode                      0x000098ef   Thumb Code    46  lpc177x_8x_pinsel.o(.text)
    PINSEL_SetI2CMode                        0x0000991d   Thumb Code    42  lpc177x_8x_pinsel.o(.text)
    PINSEL_SetOpenDrainMode                  0x00009947   Thumb Code    46  lpc177x_8x_pinsel.o(.text)
    PINSEL_SetAnalogPinMode                  0x00009975   Thumb Code   126  lpc177x_8x_pinsel.o(.text)
    PINSEL_DacEnable                         0x000099f3   Thumb Code    54  lpc177x_8x_pinsel.o(.text)
    PINSEL_SetFilter                         0x00009a29   Thumb Code    74  lpc177x_8x_pinsel.o(.text)
    BEBufToUint16                            0x00009a79   Thumb Code    12  modbus_slave.o(.text)
    LEBufToUint16                            0x00009a85   Thumb Code    12  modbus_slave.o(.text)
    BEBufToUint32                            0x00009a91   Thumb Code    24  modbus_slave.o(.text)
    LEBufToUint32                            0x00009aa9   Thumb Code    24  modbus_slave.o(.text)
    CRC16_Modbus                             0x00009ac1   Thumb Code    48  modbus_slave.o(.text)
    TickOut                                  0x00009af1   Thumb Code    44  modbus_slave.o(.text)
    MODS_Poll                                0x0000a38d   Thumb Code   198  modbus_slave.o(.text)
    MODS_ReciveNew                           0x0000a453   Thumb Code    40  modbus_slave.o(.text)
    __aeabi_uldivmod                         0x0000a491   Thumb Code    98  uldiv.o(.text)
    ___aeabi_memcpy8$move                    0x0000a4f3   Thumb Code     0  memmovea.o(.text)
    __aeabi_memcpy                           0x0000a4f3   Thumb Code    64  memmovea.o(.text)
    __aeabi_memcpy4                          0x0000a4f3   Thumb Code     0  memmovea.o(.text)
    __aeabi_memmove                          0x0000a4f3   Thumb Code     0  memmovea.o(.text)
    __aeabi_memmove4                         0x0000a4f3   Thumb Code     0  memmovea.o(.text)
    __aeabi_memmove8                         0x0000a4f3   Thumb Code     0  memmovea.o(.text)
    strncpy                                  0x0000a533   Thumb Code    24  strncpy.o(.text)
    strlen                                   0x0000a54b   Thumb Code    14  strlen.o(.text)
    __aeabi_dmul                             0x0000a559   Thumb Code   228  dmul.o(.text)
    __aeabi_f2uiz                            0x0000a63d   Thumb Code    40  ffixui.o(.text)
    __aeabi_d2uiz                            0x0000a665   Thumb Code    50  dfixui.o(.text)
    __aeabi_f2d                              0x0000a697   Thumb Code    38  f2d.o(.text)
    __aeabi_cfcmpeq                          0x0000a6bd   Thumb Code     0  cfcmple.o(.text)
    __aeabi_cfcmple                          0x0000a6bd   Thumb Code    20  cfcmple.o(.text)
    __aeabi_uidiv                            0x0000a6d1   Thumb Code     0  uidiv.o(.text)
    __aeabi_uidivmod                         0x0000a6d1   Thumb Code    44  uidiv.o(.text)
    __aeabi_llsl                             0x0000a6fd   Thumb Code    30  llshl.o(.text)
    _ll_shift_l                              0x0000a6fd   Thumb Code     0  llshl.o(.text)
    __aeabi_llsr                             0x0000a71b   Thumb Code    32  llushr.o(.text)
    _ll_ushift_r                             0x0000a71b   Thumb Code     0  llushr.o(.text)
    _double_round                            0x0000a73b   Thumb Code    30  depilogue.o(.text)
    _double_epilogue                         0x0000a759   Thumb Code   156  depilogue.o(.text)
    __scatterload                            0x0000a7f5   Thumb Code    28  init.o(.text)
    __scatterload_rt2                        0x0000a7f5   Thumb Code     0  init.o(.text)
    __decompress                             0x0000a819   Thumb Code     0  __dclz77c.o(.text)
    __decompress2                            0x0000a819   Thumb Code    94  __dclz77c.o(.text)
    __0sprintf$1                             0x0000a879   Thumb Code    34  printf1.o(i.__0sprintf$1)
    __1sprintf$1                             0x0000a879   Thumb Code     0  printf1.o(i.__0sprintf$1)
    __2sprintf                               0x0000a879   Thumb Code     0  printf1.o(i.__0sprintf$1)
    __scatterload_copy                       0x0000a8a1   Thumb Code    14  handlers.o(i.__scatterload_copy)
    __scatterload_zeroinit                   0x0000a8af   Thumb Code    14  handlers.o(i.__scatterload_zeroinit)
    GB_21                                    0x0000aa10   Data         585  lpc177x_8x_lcd.o(.constdata)
    GB_16                                    0x0000ac59   Data        1938  lpc177x_8x_lcd.o(.constdata)
    GB_21x20                                 0x0000b3eb   Data        2604  lpc177x_8x_lcd.o(.constdata)
    LogoStream                               0x0000be18   Data        1440  logo.o(.constdata)
    _C                                       0x0000ce1c   Data         280  asciilib.o(.constdata)
    _p                                       0x0000cf34   Data         280  asciilib.o(.constdata)
    TAB_num                                  0x0000d04c   Data        2528  asciilib.o(.constdata)
    Out_Assic                                0x0000da2c   Data        4880  asciilib.o(.constdata)
    User_Comp                                0x0000ed3c   Data           8  use_disp.o(.constdata)
    Switch_Value                             0x0000ed44   Data          10  use_disp.o(.constdata)
    SetupRefa_Button_Tip                     0x0000ed4e   Data           8  use_disp.o(.constdata)
    User_LimitList_Value                     0x0000ed56   Data           8  use_disp.o(.constdata)
    Sys_Buard_Value                          0x0000ed5e   Data          35  use_disp.o(.constdata)
    Set_Unit                                 0x0000ed81   Data           6  use_disp.o(.constdata)
    Disp_Unit                                0x0000ed87   Data          15  use_disp.o(.constdata)
    Disp_Range_Main_Disp                     0x0000ed96   Data           6  use_disp.o(.constdata)
    All_TopName                              0x0000ed9c   Data         220  use_disp.o(.constdata)
    All_TopName_E                            0x0000ee78   Data         220  use_disp.o(.constdata)
    Sys_Setitem_E                            0x0000ef54   Data         132  use_disp.o(.constdata)
    Scan_Value                               0x0000efd8   Data           6  key.o(.constdata)
    gImage_open                              0x0000efe0   Data       391680  test.o(.constdata)
    Rms                                      0x0006e9e0   Data           8  test.o(.constdata)
    RNG_V                                    0x0006e9e8   Data          35  test.o(.constdata)
    RNG_I                                    0x0006ea0b   Data          56  test.o(.constdata)
    PFHZ                                     0x0006ea43   Data          12  test.o(.constdata)
    PIA                                      0x0006ea4f   Data          18  test.o(.constdata)
    s_CRCLo                                  0x0006eb6c   Data         256  modbus_slave.o(.constdata)
    Region$$Table$$Base                      0x0006ecc8   Number         0  anon$$obj.o(Region$$Table)
    Region$$Table$$Limit                     0x0006ece8   Number         0  anon$$obj.o(Region$$Table)
    SysTickCnt                               0x10000000   Data           4  main.o(.data)
    color_table                              0x10000004   Data          20  main.o(.data)
    USB_CurrentMode                          0x10000018   Data           2  main.o(.data)
    Send_232                                 0x1000001a   Data          11  main.o(.data)
    key                                      0x10000025   Data           1  main.o(.data)
    key_flg                                  0x10000026   Data           1  main.o(.data)
    key_sum                                  0x10000027   Data           1  main.o(.data)
    R_flg                                    0x10000028   Data           1  main.o(.data)
    timer0_counter                           0x1000002c   Data           4  timer.o(.data)
    timer1_counter                           0x10000030   Data           4  timer.o(.data)
    timer2_counter                           0x10000034   Data           4  timer.o(.data)
    timer3_counter                           0x10000038   Data           4  timer.o(.data)
    Colour                                   0x1000003c   Data           8  lpc177x_8x_lcd.o(.data)
    LogoPic                                  0x10000044   Data          28  logo.o(.data)
    nAsciiDot20X40E                          0x10000060   Data        9792  asciilib.o(.data)
    val_hz                                   0x100026a0   Data           2  test.o(.data)
    hz_t                                     0x100026a2   Data           1  test.o(.data)
    TSetInput                                0x100026a3   Data           1  test.o(.data)
    MainFDSP                                 0x100026a4   Data           1  test.o(.data)
    KInputF                                  0x100026a5   Data           1  test.o(.data)
    DIS                                      0x100026a8   Data           4  test.o(.data)
    TDKS                                     0x100026ac   Data           4  test.o(.data)
    DisPFInputNum                            0x100026b0   Data           6  test.o(.data)
    DisVAInputNum                            0x100026b6   Data           6  test.o(.data)
    DisFInputNum                             0x100026bc   Data           6  test.o(.data)
    DisVARInputNum                           0x100026c2   Data           6  test.o(.data)
    DisVHzInputNum                           0x100026c8   Data           6  test.o(.data)
    DisIHzInputNum                           0x100026ce   Data           6  test.o(.data)
    TTPFInputNum                             0x100026d4   Data           6  test.o(.data)
    TTVAInputNum                             0x100026da   Data           6  test.o(.data)
    TTFInputNum                              0x100026e0   Data           6  test.o(.data)
    TTVARInputNum                            0x100026e6   Data           6  test.o(.data)
    TTVHzInputNum                            0x100026ec   Data           6  test.o(.data)
    TTIHzInputNum                            0x100026f2   Data           6  test.o(.data)
    EN_CurDIS                                0x100026f8   Data           1  test.o(.data)
    KPULCursorP                              0x100026f9   Data           1  test.o(.data)
    KPILCursorP                              0x100026fa   Data           1  test.o(.data)
    KPADDCursorP                             0x100026fb   Data           1  test.o(.data)
    Para_main                                0x100026fc   Data         504  test.o(.data)
    flagA                                    0x100028f4   Data           4  test.o(.data)
    flagB                                    0x100028f8   Data           4  test.o(.data)
    flagC                                    0x100028fc   Data           4  test.o(.data)
    flagD                                    0x10002900   Data           4  test.o(.data)
    flagE                                    0x10002904   Data           4  test.o(.data)
    flagF                                    0x10002908   Data           4  test.o(.data)
    flagG                                    0x1000290c   Data           4  test.o(.data)
    flagH                                    0x10002910   Data           4  test.o(.data)
    flagI                                    0x10002914   Data           4  test.o(.data)
    flagJ                                    0x10002918   Data           4  test.o(.data)
    V_val                                    0x1000291c   Data           4  test.o(.data)
    A_val                                    0x10002920   Data           4  test.o(.data)
    P_val                                    0x10002924   Data           4  test.o(.data)
    HZ_val                                   0x10002928   Data           4  test.o(.data)
    PF_val                                   0x1000292c   Data           4  test.o(.data)
    VA_val                                   0x10002930   Data           4  test.o(.data)
    E_val                                    0x10002934   Data           4  test.o(.data)
    VAR_val                                  0x10002938   Data           4  test.o(.data)
    VHz_val                                  0x1000293c   Data           4  test.o(.data)
    IHz_val                                  0x10002940   Data           4  test.o(.data)
    WH_val                                   0x10002944   Data           4  test.o(.data)
    T_val                                    0x10002948   Data           4  test.o(.data)
    Disp_Set_Resist                          0x10002950   Data           6  globalvalue.o(.data)
    Uart_Send_Flag                           0x10002956   Data           1  globalvalue.o(.data)
    SystemStatus                             0x10002958   Data           4  globalvalue.o(.data)
    DisADDInputNum                           0x1000295c   Data           3  set_manu.o(.data)
    CursorP                                  0x1000295f   Data           1  set_manu.o(.data)
    Para_Set                                 0x10002960   Data         840  set_manu.o(.data)
    USBMode_En                               0x10002d10   Data          14  set_manu.o(.data)
    SetFDSP                                  0x10002d4e   Data           1  set_manu.o(.data)
    BlankP                                   0x10002d4f   Data           1  set_manu.o(.data)
    SystemCoreClock                          0x10002d50   Data           4  system_lpc177x_8x.o(.data)
    PeripheralClock                          0x10002d54   Data           4  system_lpc177x_8x.o(.data)
    EMCClock                                 0x10002d58   Data           4  system_lpc177x_8x.o(.data)
    USBClock                                 0x10002d5c   Data           4  system_lpc177x_8x.o(.data)
    _db_msg                                  0x10002d60   Data           4  debug_frmwrk.o(.data)
    _db_msg_                                 0x10002d64   Data           4  debug_frmwrk.o(.data)
    _db_char                                 0x10002d68   Data           4  debug_frmwrk.o(.data)
    _db_dec                                  0x10002d6c   Data           4  debug_frmwrk.o(.data)
    _db_dec_16                               0x10002d70   Data           4  debug_frmwrk.o(.data)
    _db_dec_32                               0x10002d74   Data           4  debug_frmwrk.o(.data)
    _db_hex                                  0x10002d78   Data           4  debug_frmwrk.o(.data)
    _db_hex_16                               0x10002d7c   Data           4  debug_frmwrk.o(.data)
    _db_hex_32                               0x10002d80   Data           4  debug_frmwrk.o(.data)
    _db_hex_                                 0x10002d84   Data           4  debug_frmwrk.o(.data)
    _db_hex_16_                              0x10002d88   Data           4  debug_frmwrk.o(.data)
    _db_hex_32_                              0x10002d8c   Data           4  debug_frmwrk.o(.data)
    _db_get_char                             0x10002d90   Data           4  debug_frmwrk.o(.data)
    _db_get_val                              0x10002d94   Data           4  debug_frmwrk.o(.data)
    r_byte                                   0x10002d98   Data           1  debug_frmwrk.o(.data)
    OldTick                                  0x10002da0   Data           4  modbus_slave.o(.data)
    Tick_10ms                                0x10002da4   Data           4  modbus_slave.o(.data)
    uartpnt                                  0x10002da8   Data           1  modbus_slave.o(.data)
    uartlength                               0x10002da9   Data           1  modbus_slave.o(.data)
    g_tVar                                   0x10002daa   Data          48  modbus_slave.o(.data)
    testi                                    0x10002dda   Data           1  modbus_slave.o(.data)
    Button_Page                              0x10002ddc   Data          12  key.o(.bss)
    Disp                                     0x10002de8   Data          20  test.o(.bss)
    DInputNum                                0x10002dfc   Data          10  test.o(.bss)
    TTULnputNum                              0x10002e06   Data          10  test.o(.bss)
    TTILnputNum                              0x10002e10   Data          10  test.o(.bss)
    TTADDnputNum                             0x10002e1a   Data          10  test.o(.bss)
    SaveData                                 0x10002e24   Data         220  globalvalue.o(.bss)
    Saveeeprom                               0x10002f00   Data         220  globalvalue.o(.bss)
    Test_value                               0x10002fdc   Data          30  globalvalue.o(.bss)
    Disp_CompareMenu                         0x10002ffc   Data          32  globalvalue.o(.bss)
    Set_CompareMenu                          0x1000301c   Data          32  globalvalue.o(.bss)
    Test_Dat                                 0x1000303c   Data          19  globalvalue.o(.bss)
    DispBuf                                  0x1000304f   Data          12  globalvalue.o(.bss)
    DisULInputNum                            0x1000305b   Data          10  set_manu.o(.bss)
    DisILInputNum                            0x10003065   Data          10  set_manu.o(.bss)
    ComBuf                                   0x1000306f   Data          89  debug_frmwrk.o(.bss)
    ComBuf3                                  0x100030c8   Data          89  debug_frmwrk.o(.bss)
    g_tModS                                  0x10003322   Data         163  modbus_slave.o(.bss)
    g_tPrint                                 0x100033c5   Data         160  modbus_slave.o(.bss)
    __initial_sp                             0x10003c68   Data           0  startup_lpc177x_8x.o(STACK)



==============================================================================

Memory Map of the image

  Image Entry point : 0x000000e5

  Load Region LR_IROM1 (Base: 0x00000000, Size: 0x00071ac4, Max: 0x00080000, ABSOLUTE, COMPRESSED[0x0006fca8])

    Execution Region ER_IROM1 (Exec base: 0x00000000, Load base: 0x00000000, Size: 0x0006ece8, Max: 0x00080000, ABSOLUTE)

    Exec Addr    Load Addr    Size         Type   Attr      Idx    E Section Name        Object

    0x00000000   0x00000000   0x000000e4   Data   RO          508    RESET               startup_lpc177x_8x.o
    0x000000e4   0x000000e4   0x00000000   Code   RO         2973  * .ARM.Collect$$$$00000000  mc_w.l(entry.o)
    0x000000e4   0x000000e4   0x00000004   Code   RO         3277    .ARM.Collect$$$$00000001  mc_w.l(entry2.o)
    0x000000e8   0x000000e8   0x00000004   Code   RO         3280    .ARM.Collect$$$$00000004  mc_w.l(entry5.o)
    0x000000ec   0x000000ec   0x00000000   Code   RO         3282    .ARM.Collect$$$$00000008  mc_w.l(entry7b.o)
    0x000000ec   0x000000ec   0x00000000   Code   RO         3284    .ARM.Collect$$$$0000000A  mc_w.l(entry8b.o)
    0x000000ec   0x000000ec   0x00000008   Code   RO         3285    .ARM.Collect$$$$0000000B  mc_w.l(entry9a.o)
    0x000000f4   0x000000f4   0x00000000   Code   RO         3287    .ARM.Collect$$$$0000000D  mc_w.l(entry10a.o)
    0x000000f4   0x000000f4   0x00000000   Code   RO         3289    .ARM.Collect$$$$0000000F  mc_w.l(entry11a.o)
    0x000000f4   0x000000f4   0x00000004   Code   RO         3278    .ARM.Collect$$$$00002712  mc_w.l(entry2.o)
    0x000000f8   0x000000f8   0x00000170   Code   RO            2    .text               main.o
    0x00000268   0x00000268   0x00000040   Code   RO          224    .text               asciilib.o
    0x000002a8   0x000002a8   0x00000024   Code   RO          510    .text               startup_lpc177x_8x.o
    0x000002cc   0x000002cc   0x00000024   Code   RO         2982    .text               mc_w.l(memseta.o)
    0x000002f0   0x000002f0   0x00000000   Code   RO         3302    .text               mc_w.l(iusefp.o)
    0x000002f0   0x000002f0   0x00000002   Code   RO         3317    i.__scatterload_null  mc_w.l(handlers.o)
    0x000002f2   0x000002f2   0x0000000a   Code   RO         3046    i._sputc            mc_w.l(printf1.o)
    0x000002fc   0x000002fc   0x00000004   Code   RO          509    .ARM.__at_0x02FC    startup_lpc177x_8x.o
    0x00000300   0x00000300   0x00000308   Code   RO          130    .text               timer.o
    0x00000608   0x00000608   0x000018b8   Code   RO          163    .text               lpc177x_8x_lcd.o
    0x00001ec0   0x00001ec0   0x00000a68   Code   RO          275    .text               use_disp.o
    0x00002928   0x00002928   0x000001a8   Code   RO          321    .text               key.o
    0x00002ad0   0x00002ad0   0x000033f8   Code   RO          380    .text               test.o
    0x00005ec8   0x00005ec8   0x00000280   Code   RO          453    .text               ex_sdram.o
    0x00006148   0x00006148   0x00001b08   Code   RO          475    .text               set_manu.o
    0x00007c50   0x00007c50   0x00000384   Code   RO          517    .text               system_lpc177x_8x.o
    0x00007fd4   0x00007fd4   0x000003d8   Code   RO          545    .text               lpc177x_8x_gpio.o
    0x000083ac   0x000083ac   0x00000110   Code   RO          580    .text               lpc177x_8x_clkpwr.o
    0x000084bc   0x000084bc   0x00000830   Code   RO          615    .text               lpc177x_8x_uart.o
    0x00008cec   0x00008cec   0x0000088c   Code   RO          631    .text               debug_frmwrk.o
    0x00009578   0x00009578   0x000002b8   Code   RO          659    .text               lpc177x_8x_eeprom.o
    0x00009830   0x00009830   0x00000248   Code   RO          675    .text               lpc177x_8x_pinsel.o
    0x00009a78   0x00009a78   0x00000a18   Code   RO          762    .text               modbus_slave.o
    0x0000a490   0x0000a490   0x00000062   Code   RO         2976    .text               mc_w.l(uldiv.o)
    0x0000a4f2   0x0000a4f2   0x00000040   Code   RO         2980    .text               mc_w.l(memmovea.o)
    0x0000a532   0x0000a532   0x00000018   Code   RO         2984    .text               mc_w.l(strncpy.o)
    0x0000a54a   0x0000a54a   0x0000000e   Code   RO         2986    .text               mc_w.l(strlen.o)
    0x0000a558   0x0000a558   0x000000e4   Code   RO         3255    .text               mf_w.l(dmul.o)
    0x0000a63c   0x0000a63c   0x00000028   Code   RO         3265    .text               mf_w.l(ffixui.o)
    0x0000a664   0x0000a664   0x00000032   Code   RO         3267    .text               mf_w.l(dfixui.o)
    0x0000a696   0x0000a696   0x00000026   Code   RO         3269    .text               mf_w.l(f2d.o)
    0x0000a6bc   0x0000a6bc   0x00000014   Code   RO         3273    .text               mf_w.l(cfcmple.o)
    0x0000a6d0   0x0000a6d0   0x0000002c   Code   RO         3294    .text               mc_w.l(uidiv.o)
    0x0000a6fc   0x0000a6fc   0x0000001e   Code   RO         3296    .text               mc_w.l(llshl.o)
    0x0000a71a   0x0000a71a   0x00000020   Code   RO         3298    .text               mc_w.l(llushr.o)
    0x0000a73a   0x0000a73a   0x000000ba   Code   RO         3305    .text               mf_w.l(depilogue.o)
    0x0000a7f4   0x0000a7f4   0x00000024   Code   RO         3311    .text               mc_w.l(init.o)
    0x0000a818   0x0000a818   0x0000005e   Code   RO         3322    .text               mc_w.l(__dclz77c.o)
    0x0000a876   0x0000a876   0x00000002   PAD
    0x0000a878   0x0000a878   0x00000028   Code   RO         3039    i.__0sprintf$1      mc_w.l(printf1.o)
    0x0000a8a0   0x0000a8a0   0x0000000e   Code   RO         3316    i.__scatterload_copy  mc_w.l(handlers.o)
    0x0000a8ae   0x0000a8ae   0x0000000e   Code   RO         3318    i.__scatterload_zeroinit  mc_w.l(handlers.o)
    0x0000a8bc   0x0000a8bc   0x00000154   Code   RO         3044    i._printf_core      mc_w.l(printf1.o)
    0x0000aa10   0x0000aa10   0x00001407   Data   RO          164    .constdata          lpc177x_8x_lcd.o
    0x0000be17   0x0000be17   0x00000001   PAD
    0x0000be18   0x0000be18   0x000005a0   Data   RO          204    .constdata          logo.o
    0x0000c3b8   0x0000c3b8   0x00002984   Data   RO          225    .constdata          asciilib.o
    0x0000ed3c   0x0000ed3c   0x0000029c   Data   RO          276    .constdata          use_disp.o
    0x0000efd8   0x0000efd8   0x00000006   Data   RO          323    .constdata          key.o
    0x0000efde   0x0000efde   0x00000002   PAD
    0x0000efe0   0x0000efe0   0x0005fa8c   Data   RO          382    .constdata          test.o
    0x0006ea6c   0x0006ea6c   0x00000200   Data   RO          764    .constdata          modbus_slave.o
    0x0006ec6c   0x0006ec6c   0x00000059   Data   RO          633    .conststring        debug_frmwrk.o
    0x0006ecc5   0x0006ecc5   0x00000003   PAD
    0x0006ecc8   0x0006ecc8   0x00000020   Data   RO         3315    Region$$Table       anon$$obj.o


    Execution Region RW_IRAM1 (Exec base: 0x10000000, Load base: 0x0006ece8, Size: 0x00003c68, Max: 0x00010000, ABSOLUTE, COMPRESSED[0x00000fc0])

    Exec Addr    Load Addr    Size         Type   Attr      Idx    E Section Name        Object

    0x10000000   COMPRESSED   0x00000029   Data   RW            3    .data               main.o
    0x10000029   COMPRESSED   0x00000003   PAD
    0x1000002c   COMPRESSED   0x00000010   Data   RW          131    .data               timer.o
    0x1000003c   COMPRESSED   0x00000008   Data   RW          165    .data               lpc177x_8x_lcd.o
    0x10000044   COMPRESSED   0x0000001c   Data   RW          205    .data               logo.o
    0x10000060   COMPRESSED   0x00002640   Data   RW          226    .data               asciilib.o
    0x100026a0   COMPRESSED   0x000002af   Data   RW          383    .data               test.o
    0x1000294f   COMPRESSED   0x00000001   PAD
    0x10002950   COMPRESSED   0x0000000c   Data   RW          417    .data               globalvalue.o
    0x1000295c   COMPRESSED   0x000003f4   Data   RW          477    .data               set_manu.o
    0x10002d50   COMPRESSED   0x00000010   Data   RW          518    .data               system_lpc177x_8x.o
    0x10002d60   COMPRESSED   0x00000039   Data   RW          634    .data               debug_frmwrk.o
    0x10002d99   COMPRESSED   0x00000003   PAD
    0x10002d9c   COMPRESSED   0x0000003f   Data   RW          765    .data               modbus_slave.o
    0x10002ddb   COMPRESSED   0x00000001   PAD
    0x10002ddc        -       0x0000000c   Zero   RW          322    .bss                key.o
    0x10002de8        -       0x0000003c   Zero   RW          381    .bss                test.o
    0x10002e24        -       0x00000237   Zero   RW          416    .bss                globalvalue.o
    0x1000305b        -       0x00000014   Zero   RW          476    .bss                set_manu.o
    0x1000306f        -       0x000002b3   Zero   RW          632    .bss                debug_frmwrk.o
    0x10003322        -       0x00000143   Zero   RW          763    .bss                modbus_slave.o
    0x10003465   COMPRESSED   0x00000003   PAD
    0x10003468        -       0x00000800   Zero   RW          506    STACK               startup_lpc177x_8x.o


==============================================================================

Image component sizes


      Code (inc. data)   RO Data    RW Data    ZI Data      Debug   Object Name

        64         10      10628       9792          0       1449   asciilib.o
      2188        214         89         57        691      10502   debug_frmwrk.o
       640         36          0          0          0       1099   ex_sdram.o
         0          0          0         12        567       5465   globalvalue.o
       424          4          6          0         12      11233   key.o
         0          0       1440         28          0       1874   logo.o
       272         28          0          0          0       1527   lpc177x_8x_clkpwr.o
       696         16          0          0          0       1913   lpc177x_8x_eeprom.o
       984         26          0          0          0       8597   lpc177x_8x_gpio.o
      6328        102       5127          8          0      22210   lpc177x_8x_lcd.o
       584          6          0          0          0       4778   lpc177x_8x_pinsel.o
      2096         28          0          0          0       9545   lpc177x_8x_uart.o
       368         32          0         41          0      53646   main.o
      2584         98        512         63        323       8853   modbus_slave.o
      6920        292          0       1012         20       5420   set_manu.o
        40         12        228          0       2048       1100   startup_lpc177x_8x.o
       900         38          0         16          0       1279   system_lpc177x_8x.o
     13304        878     391820        687         60      13616   test.o
       776         40          0         16          0      20537   timer.o
         0          0          0          0          0       8292   touchpanel.o
      2664         60        668          0          0      11665   use_disp.o

    ----------------------------------------------------------------------
     41832       1920     410556      11740       3724     204600   Object Totals
         0          0         32          0          0          0   (incl. Generated)
         0          0          6          8          3          0   (incl. Padding)

    ----------------------------------------------------------------------

      Code (inc. data)   RO Data    RW Data    ZI Data      Debug   Library Member Name

        94          0          0          0          0          0   __dclz77c.o
         0          0          0          0          0          0   entry.o
         0          0          0          0          0          0   entry10a.o
         0          0          0          0          0          0   entry11a.o
         8          4          0          0          0          0   entry2.o
         4          0          0          0          0          0   entry5.o
         0          0          0          0          0          0   entry7b.o
         0          0          0          0          0          0   entry8b.o
         8          4          0          0          0          0   entry9a.o
        30          0          0          0          0          0   handlers.o
        36          8          0          0          0         68   init.o
         0          0          0          0          0          0   iusefp.o
        30          0          0          0          0         68   llshl.o
        32          0          0          0          0         68   llushr.o
        64          0          0          0          0         76   memmovea.o
        36          0          0          0          0        108   memseta.o
       390         10          0          0          0        252   printf1.o
        14          0          0          0          0         68   strlen.o
        24          0          0          0          0         76   strncpy.o
        44          0          0          0          0         80   uidiv.o
        98          0          0          0          0         92   uldiv.o
        20          0          0          0          0         68   cfcmple.o
       186          0          0          0          0        176   depilogue.o
        50          0          0          0          0         76   dfixui.o
       228          0          0          0          0         96   dmul.o
        38          0          0          0          0         68   f2d.o
        40          0          0          0          0         68   ffixui.o

    ----------------------------------------------------------------------
      1476         26          0          0          0       1508   Library Totals
         2          0          0          0          0          0   (incl. Padding)

    ----------------------------------------------------------------------

      Code (inc. data)   RO Data    RW Data    ZI Data      Debug   Library Name

       912         26          0          0          0        956   mc_w.l
       562          0          0          0          0        552   mf_w.l

    ----------------------------------------------------------------------
      1476         26          0          0          0       1508   Library Totals

    ----------------------------------------------------------------------

==============================================================================


      Code (inc. data)   RO Data    RW Data    ZI Data      Debug   

     43308       1946     410556      11740       3724     204052   Grand Totals
     43308       1946     410556       4032       3724     204052   ELF Image Totals (compressed)
     43308       1946     410556       4032          0          0   ROM Totals

==============================================================================

    Total RO  Size (Code + RO Data)               453864 ( 443.23kB)
    Total RW  Size (RW Data + ZI Data)             15464 (  15.10kB)
    Total ROM Size (Code + RO Data + RW Data)     457896 ( 447.16kB)

==============================================================================

